Archive member included to satisfy reference by file (symbol)

c:/program files (x86)/atmel/studio/7.0/toolchain/avr8/avr8-gnu-toolchain/bin/../lib/gcc/avr/5.4.0/avr5\libgcc.a(_udivmodsi4.o)
                              src/core/Font.o (__udivmodsi4)
c:/program files (x86)/atmel/studio/7.0/toolchain/avr8/avr8-gnu-toolchain/bin/../lib/gcc/avr/5.4.0/avr5\libgcc.a(_exit.o)
                              C:/Program Files (x86)/Atmel/Studio/7.0/Packs/Atmel/ATmega_DFP/1.6.364/gcc/dev/atmega328p/avr5/crtatmega328p.o (exit)
c:/program files (x86)/atmel/studio/7.0/toolchain/avr8/avr8-gnu-toolchain/bin/../lib/gcc/avr/5.4.0/avr5\libgcc.a(_tablejump2.o)
                              src/audio/Music.o (__tablejump2__)
c:/program files (x86)/atmel/studio/7.0/toolchain/avr8/avr8-gnu-toolchain/bin/../lib/gcc/avr/5.4.0/avr5\libgcc.a(_copy_data.o)
                              src/core/Game.o (__do_copy_data)
c:/program files (x86)/atmel/studio/7.0/toolchain/avr8/avr8-gnu-toolchain/bin/../lib/gcc/avr/5.4.0/avr5\libgcc.a(_clear_bss.o)
                              main.o (__do_clear_bss)
c:/program files (x86)/atmel/studio/7.0/toolchain/avr8/avr8-gnu-toolchain/bin/../lib/gcc/avr/5.4.0/avr5\libgcc.a(_ctors.o)
                              main.o (__do_global_ctors)
c:/program files (x86)/atmel/studio/7.0/toolchain/avr8/avr8-gnu-toolchain/bin/../lib/gcc/avr/5.4.0/avr5\libgcc.a(_muluhisi3.o)
                              src/core/Object.o (__muluhisi3)
c:/program files (x86)/atmel/studio/7.0/toolchain/avr8/avr8-gnu-toolchain/bin/../lib/gcc/avr/5.4.0/avr5\libgcc.a(_umulhisi3.o)
                              c:/program files (x86)/atmel/studio/7.0/toolchain/avr8/avr8-gnu-toolchain/bin/../lib/gcc/avr/5.4.0/avr5\libgcc.a(_muluhisi3.o) (__umulhisi3)
C:/Program Files (x86)/Atmel/Studio/7.0/Packs/Atmel/ATmega_DFP/1.6.364/gcc/dev/atmega328p/avr5\libatmega328p.a(eerd_byte.o)
                              src/core/Game.o (eeprom_read_byte)
C:/Program Files (x86)/Atmel/Studio/7.0/Packs/Atmel/ATmega_DFP/1.6.364/gcc/dev/atmega328p/avr5\libatmega328p.a(eerd_word.o)
                              src/core/Game.o (eeprom_read_word)
C:/Program Files (x86)/Atmel/Studio/7.0/Packs/Atmel/ATmega_DFP/1.6.364/gcc/dev/atmega328p/avr5\libatmega328p.a(eeupd_byte.o)
                              src/core/Game.o (eeprom_update_byte)
C:/Program Files (x86)/Atmel/Studio/7.0/Packs/Atmel/ATmega_DFP/1.6.364/gcc/dev/atmega328p/avr5\libatmega328p.a(eeupd_word.o)
                              src/core/Game.o (eeprom_update_word)
C:/Program Files (x86)/Atmel/Studio/7.0/Packs/Atmel/ATmega_DFP/1.6.364/gcc/dev/atmega328p/avr5\libatmega328p.a(eerd_block.o)
                              C:/Program Files (x86)/Atmel/Studio/7.0/Packs/Atmel/ATmega_DFP/1.6.364/gcc/dev/atmega328p/avr5\libatmega328p.a(eerd_word.o) (eeprom_read_blraw)

Discarded input sections

 .data          0x00000000        0x0 C:/Program Files (x86)/Atmel/Studio/7.0/Packs/Atmel/ATmega_DFP/1.6.364/gcc/dev/atmega328p/avr5/crtatmega328p.o
 .bss           0x00000000        0x0 C:/Program Files (x86)/Atmel/Studio/7.0/Packs/Atmel/ATmega_DFP/1.6.364/gcc/dev/atmega328p/avr5/crtatmega328p.o
 .text          0x00000000        0x0 main.o
 .data          0x00000000        0x0 main.o
 .bss           0x00000000        0x0 main.o
 .text._GLOBAL__sub_D_game
                0x00000000        0x2 main.o
 .text          0x00000000        0x0 src/audio/Music.o
 .data          0x00000000        0x0 src/audio/Music.o
 .bss           0x00000000        0x0 src/audio/Music.o
 .text._ZN5Audio9exportOCREj
                0x00000000        0x4 src/audio/Music.o
 .text          0x00000000        0x0 src/core/Font.o
 .data          0x00000000        0x0 src/core/Font.o
 .bss           0x00000000        0x0 src/core/Font.o
 .text          0x00000000        0x0 src/core/Frame.o
 .data          0x00000000        0x0 src/core/Frame.o
 .bss           0x00000000        0x0 src/core/Frame.o
 .text          0x00000000        0x0 src/core/Game.o
 .data          0x00000000        0x0 src/core/Game.o
 .bss           0x00000000        0x0 src/core/Game.o
 .text          0x00000000        0x0 src/core/Object.o
 .data          0x00000000        0x0 src/core/Object.o
 .bss           0x00000000        0x0 src/core/Object.o
 .text          0x00000000        0x0 src/core/Player.o
 .data          0x00000000        0x0 src/core/Player.o
 .bss           0x00000000        0x0 src/core/Player.o
 .text          0x00000000        0x0 src/modules/MCU.o
 .data          0x00000000        0x0 src/modules/MCU.o
 .bss           0x00000000        0x0 src/modules/MCU.o
 .text._ZN3MCU9insertBitEhb
                0x00000000       0x16 src/modules/MCU.o
 .text._ZN3MCU8Features3hexEa
                0x00000000       0x74 src/modules/MCU.o
 .text._ZN3MCU8Features5ASCIIEa
                0x00000000        0xc src/modules/MCU.o
 .text._ZN3MCU7Setting10beginPCINTEa
                0x00000000       0x88 src/modules/MCU.o
 .text          0x00000000        0x0 src/modules/SW.o
 .data          0x00000000        0x0 src/modules/SW.o
 .bss           0x00000000        0x0 src/modules/SW.o
 .text          0x00000000        0x0 src/modules/TFT.o
 .data          0x00000000        0x0 src/modules/TFT.o
 .bss           0x00000000        0x0 src/modules/TFT.o
 .text._ZN3TFT9fillPixelEiij
                0x00000000       0x2e src/modules/TFT.o
 .text          0x00000000        0x0 c:/program files (x86)/atmel/studio/7.0/toolchain/avr8/avr8-gnu-toolchain/bin/../lib/gcc/avr/5.4.0/avr5\libgcc.a(_udivmodsi4.o)
 .data          0x00000000        0x0 c:/program files (x86)/atmel/studio/7.0/toolchain/avr8/avr8-gnu-toolchain/bin/../lib/gcc/avr/5.4.0/avr5\libgcc.a(_udivmodsi4.o)
 .bss           0x00000000        0x0 c:/program files (x86)/atmel/studio/7.0/toolchain/avr8/avr8-gnu-toolchain/bin/../lib/gcc/avr/5.4.0/avr5\libgcc.a(_udivmodsi4.o)
 .text.libgcc.mul
                0x00000000        0x0 c:/program files (x86)/atmel/studio/7.0/toolchain/avr8/avr8-gnu-toolchain/bin/../lib/gcc/avr/5.4.0/avr5\libgcc.a(_udivmodsi4.o)
 .text.libgcc   0x00000000        0x0 c:/program files (x86)/atmel/studio/7.0/toolchain/avr8/avr8-gnu-toolchain/bin/../lib/gcc/avr/5.4.0/avr5\libgcc.a(_udivmodsi4.o)
 .text.libgcc.prologue
                0x00000000        0x0 c:/program files (x86)/atmel/studio/7.0/toolchain/avr8/avr8-gnu-toolchain/bin/../lib/gcc/avr/5.4.0/avr5\libgcc.a(_udivmodsi4.o)
 .text.libgcc.builtins
                0x00000000        0x0 c:/program files (x86)/atmel/studio/7.0/toolchain/avr8/avr8-gnu-toolchain/bin/../lib/gcc/avr/5.4.0/avr5\libgcc.a(_udivmodsi4.o)
 .text.libgcc.fmul
                0x00000000        0x0 c:/program files (x86)/atmel/studio/7.0/toolchain/avr8/avr8-gnu-toolchain/bin/../lib/gcc/avr/5.4.0/avr5\libgcc.a(_udivmodsi4.o)
 .text.libgcc.fixed
                0x00000000        0x0 c:/program files (x86)/atmel/studio/7.0/toolchain/avr8/avr8-gnu-toolchain/bin/../lib/gcc/avr/5.4.0/avr5\libgcc.a(_udivmodsi4.o)
 .text          0x00000000        0x0 c:/program files (x86)/atmel/studio/7.0/toolchain/avr8/avr8-gnu-toolchain/bin/../lib/gcc/avr/5.4.0/avr5\libgcc.a(_exit.o)
 .data          0x00000000        0x0 c:/program files (x86)/atmel/studio/7.0/toolchain/avr8/avr8-gnu-toolchain/bin/../lib/gcc/avr/5.4.0/avr5\libgcc.a(_exit.o)
 .bss           0x00000000        0x0 c:/program files (x86)/atmel/studio/7.0/toolchain/avr8/avr8-gnu-toolchain/bin/../lib/gcc/avr/5.4.0/avr5\libgcc.a(_exit.o)
 .text.libgcc.mul
                0x00000000        0x0 c:/program files (x86)/atmel/studio/7.0/toolchain/avr8/avr8-gnu-toolchain/bin/../lib/gcc/avr/5.4.0/avr5\libgcc.a(_exit.o)
 .text.libgcc.div
                0x00000000        0x0 c:/program files (x86)/atmel/studio/7.0/toolchain/avr8/avr8-gnu-toolchain/bin/../lib/gcc/avr/5.4.0/avr5\libgcc.a(_exit.o)
 .text.libgcc   0x00000000        0x0 c:/program files (x86)/atmel/studio/7.0/toolchain/avr8/avr8-gnu-toolchain/bin/../lib/gcc/avr/5.4.0/avr5\libgcc.a(_exit.o)
 .text.libgcc.prologue
                0x00000000        0x0 c:/program files (x86)/atmel/studio/7.0/toolchain/avr8/avr8-gnu-toolchain/bin/../lib/gcc/avr/5.4.0/avr5\libgcc.a(_exit.o)
 .text.libgcc.builtins
                0x00000000        0x0 c:/program files (x86)/atmel/studio/7.0/toolchain/avr8/avr8-gnu-toolchain/bin/../lib/gcc/avr/5.4.0/avr5\libgcc.a(_exit.o)
 .text.libgcc.fmul
                0x00000000        0x0 c:/program files (x86)/atmel/studio/7.0/toolchain/avr8/avr8-gnu-toolchain/bin/../lib/gcc/avr/5.4.0/avr5\libgcc.a(_exit.o)
 .text.libgcc.fixed
                0x00000000        0x0 c:/program files (x86)/atmel/studio/7.0/toolchain/avr8/avr8-gnu-toolchain/bin/../lib/gcc/avr/5.4.0/avr5\libgcc.a(_exit.o)
 .text          0x00000000        0x0 c:/program files (x86)/atmel/studio/7.0/toolchain/avr8/avr8-gnu-toolchain/bin/../lib/gcc/avr/5.4.0/avr5\libgcc.a(_tablejump2.o)
 .data          0x00000000        0x0 c:/program files (x86)/atmel/studio/7.0/toolchain/avr8/avr8-gnu-toolchain/bin/../lib/gcc/avr/5.4.0/avr5\libgcc.a(_tablejump2.o)
 .bss           0x00000000        0x0 c:/program files (x86)/atmel/studio/7.0/toolchain/avr8/avr8-gnu-toolchain/bin/../lib/gcc/avr/5.4.0/avr5\libgcc.a(_tablejump2.o)
 .text.libgcc.mul
                0x00000000        0x0 c:/program files (x86)/atmel/studio/7.0/toolchain/avr8/avr8-gnu-toolchain/bin/../lib/gcc/avr/5.4.0/avr5\libgcc.a(_tablejump2.o)
 .text.libgcc.div
                0x00000000        0x0 c:/program files (x86)/atmel/studio/7.0/toolchain/avr8/avr8-gnu-toolchain/bin/../lib/gcc/avr/5.4.0/avr5\libgcc.a(_tablejump2.o)
 .text.libgcc.prologue
                0x00000000        0x0 c:/program files (x86)/atmel/studio/7.0/toolchain/avr8/avr8-gnu-toolchain/bin/../lib/gcc/avr/5.4.0/avr5\libgcc.a(_tablejump2.o)
 .text.libgcc.builtins
                0x00000000        0x0 c:/program files (x86)/atmel/studio/7.0/toolchain/avr8/avr8-gnu-toolchain/bin/../lib/gcc/avr/5.4.0/avr5\libgcc.a(_tablejump2.o)
 .text.libgcc.fmul
                0x00000000        0x0 c:/program files (x86)/atmel/studio/7.0/toolchain/avr8/avr8-gnu-toolchain/bin/../lib/gcc/avr/5.4.0/avr5\libgcc.a(_tablejump2.o)
 .text.libgcc.fixed
                0x00000000        0x0 c:/program files (x86)/atmel/studio/7.0/toolchain/avr8/avr8-gnu-toolchain/bin/../lib/gcc/avr/5.4.0/avr5\libgcc.a(_tablejump2.o)
 .text          0x00000000        0x0 c:/program files (x86)/atmel/studio/7.0/toolchain/avr8/avr8-gnu-toolchain/bin/../lib/gcc/avr/5.4.0/avr5\libgcc.a(_copy_data.o)
 .data          0x00000000        0x0 c:/program files (x86)/atmel/studio/7.0/toolchain/avr8/avr8-gnu-toolchain/bin/../lib/gcc/avr/5.4.0/avr5\libgcc.a(_copy_data.o)
 .bss           0x00000000        0x0 c:/program files (x86)/atmel/studio/7.0/toolchain/avr8/avr8-gnu-toolchain/bin/../lib/gcc/avr/5.4.0/avr5\libgcc.a(_copy_data.o)
 .text.libgcc.mul
                0x00000000        0x0 c:/program files (x86)/atmel/studio/7.0/toolchain/avr8/avr8-gnu-toolchain/bin/../lib/gcc/avr/5.4.0/avr5\libgcc.a(_copy_data.o)
 .text.libgcc.div
                0x00000000        0x0 c:/program files (x86)/atmel/studio/7.0/toolchain/avr8/avr8-gnu-toolchain/bin/../lib/gcc/avr/5.4.0/avr5\libgcc.a(_copy_data.o)
 .text.libgcc   0x00000000        0x0 c:/program files (x86)/atmel/studio/7.0/toolchain/avr8/avr8-gnu-toolchain/bin/../lib/gcc/avr/5.4.0/avr5\libgcc.a(_copy_data.o)
 .text.libgcc.prologue
                0x00000000        0x0 c:/program files (x86)/atmel/studio/7.0/toolchain/avr8/avr8-gnu-toolchain/bin/../lib/gcc/avr/5.4.0/avr5\libgcc.a(_copy_data.o)
 .text.libgcc.builtins
                0x00000000        0x0 c:/program files (x86)/atmel/studio/7.0/toolchain/avr8/avr8-gnu-toolchain/bin/../lib/gcc/avr/5.4.0/avr5\libgcc.a(_copy_data.o)
 .text.libgcc.fmul
                0x00000000        0x0 c:/program files (x86)/atmel/studio/7.0/toolchain/avr8/avr8-gnu-toolchain/bin/../lib/gcc/avr/5.4.0/avr5\libgcc.a(_copy_data.o)
 .text.libgcc.fixed
                0x00000000        0x0 c:/program files (x86)/atmel/studio/7.0/toolchain/avr8/avr8-gnu-toolchain/bin/../lib/gcc/avr/5.4.0/avr5\libgcc.a(_copy_data.o)
 .text          0x00000000        0x0 c:/program files (x86)/atmel/studio/7.0/toolchain/avr8/avr8-gnu-toolchain/bin/../lib/gcc/avr/5.4.0/avr5\libgcc.a(_clear_bss.o)
 .data          0x00000000        0x0 c:/program files (x86)/atmel/studio/7.0/toolchain/avr8/avr8-gnu-toolchain/bin/../lib/gcc/avr/5.4.0/avr5\libgcc.a(_clear_bss.o)
 .bss           0x00000000        0x0 c:/program files (x86)/atmel/studio/7.0/toolchain/avr8/avr8-gnu-toolchain/bin/../lib/gcc/avr/5.4.0/avr5\libgcc.a(_clear_bss.o)
 .text.libgcc.mul
                0x00000000        0x0 c:/program files (x86)/atmel/studio/7.0/toolchain/avr8/avr8-gnu-toolchain/bin/../lib/gcc/avr/5.4.0/avr5\libgcc.a(_clear_bss.o)
 .text.libgcc.div
                0x00000000        0x0 c:/program files (x86)/atmel/studio/7.0/toolchain/avr8/avr8-gnu-toolchain/bin/../lib/gcc/avr/5.4.0/avr5\libgcc.a(_clear_bss.o)
 .text.libgcc   0x00000000        0x0 c:/program files (x86)/atmel/studio/7.0/toolchain/avr8/avr8-gnu-toolchain/bin/../lib/gcc/avr/5.4.0/avr5\libgcc.a(_clear_bss.o)
 .text.libgcc.prologue
                0x00000000        0x0 c:/program files (x86)/atmel/studio/7.0/toolchain/avr8/avr8-gnu-toolchain/bin/../lib/gcc/avr/5.4.0/avr5\libgcc.a(_clear_bss.o)
 .text.libgcc.builtins
                0x00000000        0x0 c:/program files (x86)/atmel/studio/7.0/toolchain/avr8/avr8-gnu-toolchain/bin/../lib/gcc/avr/5.4.0/avr5\libgcc.a(_clear_bss.o)
 .text.libgcc.fmul
                0x00000000        0x0 c:/program files (x86)/atmel/studio/7.0/toolchain/avr8/avr8-gnu-toolchain/bin/../lib/gcc/avr/5.4.0/avr5\libgcc.a(_clear_bss.o)
 .text.libgcc.fixed
                0x00000000        0x0 c:/program files (x86)/atmel/studio/7.0/toolchain/avr8/avr8-gnu-toolchain/bin/../lib/gcc/avr/5.4.0/avr5\libgcc.a(_clear_bss.o)
 .text          0x00000000        0x0 c:/program files (x86)/atmel/studio/7.0/toolchain/avr8/avr8-gnu-toolchain/bin/../lib/gcc/avr/5.4.0/avr5\libgcc.a(_ctors.o)
 .data          0x00000000        0x0 c:/program files (x86)/atmel/studio/7.0/toolchain/avr8/avr8-gnu-toolchain/bin/../lib/gcc/avr/5.4.0/avr5\libgcc.a(_ctors.o)
 .bss           0x00000000        0x0 c:/program files (x86)/atmel/studio/7.0/toolchain/avr8/avr8-gnu-toolchain/bin/../lib/gcc/avr/5.4.0/avr5\libgcc.a(_ctors.o)
 .text.libgcc.mul
                0x00000000        0x0 c:/program files (x86)/atmel/studio/7.0/toolchain/avr8/avr8-gnu-toolchain/bin/../lib/gcc/avr/5.4.0/avr5\libgcc.a(_ctors.o)
 .text.libgcc.div
                0x00000000        0x0 c:/program files (x86)/atmel/studio/7.0/toolchain/avr8/avr8-gnu-toolchain/bin/../lib/gcc/avr/5.4.0/avr5\libgcc.a(_ctors.o)
 .text.libgcc   0x00000000        0x0 c:/program files (x86)/atmel/studio/7.0/toolchain/avr8/avr8-gnu-toolchain/bin/../lib/gcc/avr/5.4.0/avr5\libgcc.a(_ctors.o)
 .text.libgcc.prologue
                0x00000000        0x0 c:/program files (x86)/atmel/studio/7.0/toolchain/avr8/avr8-gnu-toolchain/bin/../lib/gcc/avr/5.4.0/avr5\libgcc.a(_ctors.o)
 .text.libgcc.builtins
                0x00000000        0x0 c:/program files (x86)/atmel/studio/7.0/toolchain/avr8/avr8-gnu-toolchain/bin/../lib/gcc/avr/5.4.0/avr5\libgcc.a(_ctors.o)
 .text.libgcc.fmul
                0x00000000        0x0 c:/program files (x86)/atmel/studio/7.0/toolchain/avr8/avr8-gnu-toolchain/bin/../lib/gcc/avr/5.4.0/avr5\libgcc.a(_ctors.o)
 .text.libgcc.fixed
                0x00000000        0x0 c:/program files (x86)/atmel/studio/7.0/toolchain/avr8/avr8-gnu-toolchain/bin/../lib/gcc/avr/5.4.0/avr5\libgcc.a(_ctors.o)
 .text          0x00000000        0x0 c:/program files (x86)/atmel/studio/7.0/toolchain/avr8/avr8-gnu-toolchain/bin/../lib/gcc/avr/5.4.0/avr5\libgcc.a(_muluhisi3.o)
 .data          0x00000000        0x0 c:/program files (x86)/atmel/studio/7.0/toolchain/avr8/avr8-gnu-toolchain/bin/../lib/gcc/avr/5.4.0/avr5\libgcc.a(_muluhisi3.o)
 .bss           0x00000000        0x0 c:/program files (x86)/atmel/studio/7.0/toolchain/avr8/avr8-gnu-toolchain/bin/../lib/gcc/avr/5.4.0/avr5\libgcc.a(_muluhisi3.o)
 .text.libgcc.div
                0x00000000        0x0 c:/program files (x86)/atmel/studio/7.0/toolchain/avr8/avr8-gnu-toolchain/bin/../lib/gcc/avr/5.4.0/avr5\libgcc.a(_muluhisi3.o)
 .text.libgcc   0x00000000        0x0 c:/program files (x86)/atmel/studio/7.0/toolchain/avr8/avr8-gnu-toolchain/bin/../lib/gcc/avr/5.4.0/avr5\libgcc.a(_muluhisi3.o)
 .text.libgcc.prologue
                0x00000000        0x0 c:/program files (x86)/atmel/studio/7.0/toolchain/avr8/avr8-gnu-toolchain/bin/../lib/gcc/avr/5.4.0/avr5\libgcc.a(_muluhisi3.o)
 .text.libgcc.builtins
                0x00000000        0x0 c:/program files (x86)/atmel/studio/7.0/toolchain/avr8/avr8-gnu-toolchain/bin/../lib/gcc/avr/5.4.0/avr5\libgcc.a(_muluhisi3.o)
 .text.libgcc.fmul
                0x00000000        0x0 c:/program files (x86)/atmel/studio/7.0/toolchain/avr8/avr8-gnu-toolchain/bin/../lib/gcc/avr/5.4.0/avr5\libgcc.a(_muluhisi3.o)
 .text.libgcc.fixed
                0x00000000        0x0 c:/program files (x86)/atmel/studio/7.0/toolchain/avr8/avr8-gnu-toolchain/bin/../lib/gcc/avr/5.4.0/avr5\libgcc.a(_muluhisi3.o)
 .text          0x00000000        0x0 c:/program files (x86)/atmel/studio/7.0/toolchain/avr8/avr8-gnu-toolchain/bin/../lib/gcc/avr/5.4.0/avr5\libgcc.a(_umulhisi3.o)
 .data          0x00000000        0x0 c:/program files (x86)/atmel/studio/7.0/toolchain/avr8/avr8-gnu-toolchain/bin/../lib/gcc/avr/5.4.0/avr5\libgcc.a(_umulhisi3.o)
 .bss           0x00000000        0x0 c:/program files (x86)/atmel/studio/7.0/toolchain/avr8/avr8-gnu-toolchain/bin/../lib/gcc/avr/5.4.0/avr5\libgcc.a(_umulhisi3.o)
 .text.libgcc.div
                0x00000000        0x0 c:/program files (x86)/atmel/studio/7.0/toolchain/avr8/avr8-gnu-toolchain/bin/../lib/gcc/avr/5.4.0/avr5\libgcc.a(_umulhisi3.o)
 .text.libgcc   0x00000000        0x0 c:/program files (x86)/atmel/studio/7.0/toolchain/avr8/avr8-gnu-toolchain/bin/../lib/gcc/avr/5.4.0/avr5\libgcc.a(_umulhisi3.o)
 .text.libgcc.prologue
                0x00000000        0x0 c:/program files (x86)/atmel/studio/7.0/toolchain/avr8/avr8-gnu-toolchain/bin/../lib/gcc/avr/5.4.0/avr5\libgcc.a(_umulhisi3.o)
 .text.libgcc.builtins
                0x00000000        0x0 c:/program files (x86)/atmel/studio/7.0/toolchain/avr8/avr8-gnu-toolchain/bin/../lib/gcc/avr/5.4.0/avr5\libgcc.a(_umulhisi3.o)
 .text.libgcc.fmul
                0x00000000        0x0 c:/program files (x86)/atmel/studio/7.0/toolchain/avr8/avr8-gnu-toolchain/bin/../lib/gcc/avr/5.4.0/avr5\libgcc.a(_umulhisi3.o)
 .text.libgcc.fixed
                0x00000000        0x0 c:/program files (x86)/atmel/studio/7.0/toolchain/avr8/avr8-gnu-toolchain/bin/../lib/gcc/avr/5.4.0/avr5\libgcc.a(_umulhisi3.o)
 .text          0x00000000        0x0 C:/Program Files (x86)/Atmel/Studio/7.0/Packs/Atmel/ATmega_DFP/1.6.364/gcc/dev/atmega328p/avr5\libatmega328p.a(eerd_byte.o)
 .data          0x00000000        0x0 C:/Program Files (x86)/Atmel/Studio/7.0/Packs/Atmel/ATmega_DFP/1.6.364/gcc/dev/atmega328p/avr5\libatmega328p.a(eerd_byte.o)
 .bss           0x00000000        0x0 C:/Program Files (x86)/Atmel/Studio/7.0/Packs/Atmel/ATmega_DFP/1.6.364/gcc/dev/atmega328p/avr5\libatmega328p.a(eerd_byte.o)
 .text          0x00000000        0x0 C:/Program Files (x86)/Atmel/Studio/7.0/Packs/Atmel/ATmega_DFP/1.6.364/gcc/dev/atmega328p/avr5\libatmega328p.a(eerd_word.o)
 .data          0x00000000        0x0 C:/Program Files (x86)/Atmel/Studio/7.0/Packs/Atmel/ATmega_DFP/1.6.364/gcc/dev/atmega328p/avr5\libatmega328p.a(eerd_word.o)
 .bss           0x00000000        0x0 C:/Program Files (x86)/Atmel/Studio/7.0/Packs/Atmel/ATmega_DFP/1.6.364/gcc/dev/atmega328p/avr5\libatmega328p.a(eerd_word.o)
 .text          0x00000000        0x0 C:/Program Files (x86)/Atmel/Studio/7.0/Packs/Atmel/ATmega_DFP/1.6.364/gcc/dev/atmega328p/avr5\libatmega328p.a(eeupd_byte.o)
 .data          0x00000000        0x0 C:/Program Files (x86)/Atmel/Studio/7.0/Packs/Atmel/ATmega_DFP/1.6.364/gcc/dev/atmega328p/avr5\libatmega328p.a(eeupd_byte.o)
 .bss           0x00000000        0x0 C:/Program Files (x86)/Atmel/Studio/7.0/Packs/Atmel/ATmega_DFP/1.6.364/gcc/dev/atmega328p/avr5\libatmega328p.a(eeupd_byte.o)
 .text          0x00000000        0x0 C:/Program Files (x86)/Atmel/Studio/7.0/Packs/Atmel/ATmega_DFP/1.6.364/gcc/dev/atmega328p/avr5\libatmega328p.a(eeupd_word.o)
 .data          0x00000000        0x0 C:/Program Files (x86)/Atmel/Studio/7.0/Packs/Atmel/ATmega_DFP/1.6.364/gcc/dev/atmega328p/avr5\libatmega328p.a(eeupd_word.o)
 .bss           0x00000000        0x0 C:/Program Files (x86)/Atmel/Studio/7.0/Packs/Atmel/ATmega_DFP/1.6.364/gcc/dev/atmega328p/avr5\libatmega328p.a(eeupd_word.o)
 .text          0x00000000        0x0 C:/Program Files (x86)/Atmel/Studio/7.0/Packs/Atmel/ATmega_DFP/1.6.364/gcc/dev/atmega328p/avr5\libatmega328p.a(eerd_block.o)
 .data          0x00000000        0x0 C:/Program Files (x86)/Atmel/Studio/7.0/Packs/Atmel/ATmega_DFP/1.6.364/gcc/dev/atmega328p/avr5\libatmega328p.a(eerd_block.o)
 .bss           0x00000000        0x0 C:/Program Files (x86)/Atmel/Studio/7.0/Packs/Atmel/ATmega_DFP/1.6.364/gcc/dev/atmega328p/avr5\libatmega328p.a(eerd_block.o)

Memory Configuration

Name             Origin             Length             Attributes
text             0x00000000         0x00008000         xr
data             0x00800100         0x00000800         rw !x
eeprom           0x00810000         0x00000400         rw !x
fuse             0x00820000         0x00000003         rw !x
lock             0x00830000         0x00000400         rw !x
signature        0x00840000         0x00000400         rw !x
user_signatures  0x00850000         0x00000400         rw !x
*default*        0x00000000         0xffffffff

Linker script and memory map

Address of section .data set to 0x800100
LOAD C:/Program Files (x86)/Atmel/Studio/7.0/Packs/Atmel/ATmega_DFP/1.6.364/gcc/dev/atmega328p/avr5/crtatmega328p.o
LOAD main.o
LOAD src/audio/Music.o
LOAD src/core/Font.o
LOAD src/core/Frame.o
LOAD src/core/Game.o
LOAD src/core/Object.o
LOAD src/core/Player.o
LOAD src/modules/MCU.o
LOAD src/modules/SW.o
LOAD src/modules/TFT.o
START GROUP
LOAD c:/program files (x86)/atmel/studio/7.0/toolchain/avr8/avr8-gnu-toolchain/bin/../lib/gcc/avr/5.4.0/../../../../avr/lib/avr5\libm.a
END GROUP
LOAD c:/program files (x86)/atmel/studio/7.0/toolchain/avr8/avr8-gnu-toolchain/bin/../lib/gcc/avr/5.4.0/avr5\libgcc.a
LOAD c:/program files (x86)/atmel/studio/7.0/toolchain/avr8/avr8-gnu-toolchain/bin/../lib/gcc/avr/5.4.0/../../../../avr/lib/avr5\libm.a
START GROUP
LOAD c:/program files (x86)/atmel/studio/7.0/toolchain/avr8/avr8-gnu-toolchain/bin/../lib/gcc/avr/5.4.0/avr5\libgcc.a
LOAD c:/program files (x86)/atmel/studio/7.0/toolchain/avr8/avr8-gnu-toolchain/bin/../lib/gcc/avr/5.4.0/../../../../avr/lib/avr5\libm.a
LOAD c:/program files (x86)/atmel/studio/7.0/toolchain/avr8/avr8-gnu-toolchain/bin/../lib/gcc/avr/5.4.0/../../../../avr/lib/avr5\libc.a
LOAD C:/Program Files (x86)/Atmel/Studio/7.0/Packs/Atmel/ATmega_DFP/1.6.364/gcc/dev/atmega328p/avr5\libatmega328p.a
END GROUP
                0x00000000                __TEXT_REGION_ORIGIN__ = DEFINED (__TEXT_REGION_ORIGIN__)?__TEXT_REGION_ORIGIN__:0x0
                [0x00800100]                __DATA_REGION_ORIGIN__ = DEFINED (__DATA_REGION_ORIGIN__)?__DATA_REGION_ORIGIN__:0x800060
                [0x00008000]                __TEXT_REGION_LENGTH__ = DEFINED (__TEXT_REGION_LENGTH__)?__TEXT_REGION_LENGTH__:0x20000
                [0x00000800]                __DATA_REGION_LENGTH__ = DEFINED (__DATA_REGION_LENGTH__)?__DATA_REGION_LENGTH__:0xffa0
                [0x00000400]                __EEPROM_REGION_LENGTH__ = DEFINED (__EEPROM_REGION_LENGTH__)?__EEPROM_REGION_LENGTH__:0x10000
                [0x00000003]                __FUSE_REGION_LENGTH__ = DEFINED (__FUSE_REGION_LENGTH__)?__FUSE_REGION_LENGTH__:0x400
                0x00000400                __LOCK_REGION_LENGTH__ = DEFINED (__LOCK_REGION_LENGTH__)?__LOCK_REGION_LENGTH__:0x400
                0x00000400                __SIGNATURE_REGION_LENGTH__ = DEFINED (__SIGNATURE_REGION_LENGTH__)?__SIGNATURE_REGION_LENGTH__:0x400
                0x00000400                __USER_SIGNATURE_REGION_LENGTH__ = DEFINED (__USER_SIGNATURE_REGION_LENGTH__)?__USER_SIGNATURE_REGION_LENGTH__:0x400

.hash
 *(.hash)

.dynsym
 *(.dynsym)

.dynstr
 *(.dynstr)

.gnu.version
 *(.gnu.version)

.gnu.version_d
 *(.gnu.version_d)

.gnu.version_r
 *(.gnu.version_r)

.rel.init
 *(.rel.init)

.rela.init
 *(.rela.init)

.rel.text
 *(.rel.text)
 *(.rel.text.*)
 *(.rel.gnu.linkonce.t*)

.rela.text
 *(.rela.text)
 *(.rela.text.*)
 *(.rela.gnu.linkonce.t*)

.rel.fini
 *(.rel.fini)

.rela.fini
 *(.rela.fini)

.rel.rodata
 *(.rel.rodata)
 *(.rel.rodata.*)
 *(.rel.gnu.linkonce.r*)

.rela.rodata
 *(.rela.rodata)
 *(.rela.rodata.*)
 *(.rela.gnu.linkonce.r*)

.rel.data
 *(.rel.data)
 *(.rel.data.*)
 *(.rel.gnu.linkonce.d*)

.rela.data
 *(.rela.data)
 *(.rela.data.*)
 *(.rela.gnu.linkonce.d*)

.rel.ctors
 *(.rel.ctors)

.rela.ctors
 *(.rela.ctors)

.rel.dtors
 *(.rel.dtors)

.rela.dtors
 *(.rela.dtors)

.rel.got
 *(.rel.got)

.rela.got
 *(.rela.got)

.rel.bss
 *(.rel.bss)

.rela.bss
 *(.rela.bss)

.rel.plt
 *(.rel.plt)

.rela.plt
 *(.rela.plt)

.text           0x00000000     0x6634
 *(.vectors)
 .vectors       0x00000000       0x68 C:/Program Files (x86)/Atmel/Studio/7.0/Packs/Atmel/ATmega_DFP/1.6.364/gcc/dev/atmega328p/avr5/crtatmega328p.o
                0x00000000                __vector_default
                0x00000000                __vectors
 *(.vectors)
 *(.progmem.gcc*)
 .progmem.gcc_sw_table._ZN5Audio13setTonicSolFaEa
                0x00000068        0xe src/audio/Music.o
 .progmem.gcc_sw_table._ZN5Music10titleMusicEv
                0x00000076       0x22 src/audio/Music.o
 .progmem.gcc_sw_table._ZN5Music13startingMusicEv
                0x00000098       0x20 src/audio/Music.o
                0x000000b8                . = ALIGN (0x2)
                0x000000b8                __trampolines_start = .
 *(.trampolines)
 .trampolines   0x000000b8        0x0 linker stubs
 *(.trampolines*)
                0x000000b8                __trampolines_end = .
 *libprintf_flt.a:*(.progmem.data)
 *libc.a:*(.progmem.data)
 *(.progmem*)
 .progmem.data._ZL9charStand
                0x000000b8       0x64 src/core/Game.o
 .progmem.data._ZL7bigStar
                0x0000011c        0x5 src/core/Game.o
 .progmem.data._ZL10smallStar1
                0x00000121        0x5 src/core/Game.o
 .progmem.data._ZL10smallStar0
                0x00000126        0x5 src/core/Game.o
 .progmem.data._ZL8moonTile
                0x0000012b       0x20 src/core/Game.o
 .progmem.data._ZL10creditMenu
                0x0000014b      0x1fe src/core/Game.o
 .progmem.data._ZL9titleMenu
                0x00000349     0x1180 src/core/Game.o
 .progmem.data._ZL9logoAtmel
                0x000014c9      0x720 src/core/Game.o
 .progmem.data._ZL10groundTile
                0x00001be9       0xc0 src/core/Game.o
 .progmem.data._ZL9fontASCII
                0x00001ca9      0x300 src/core/Game.o
 .progmem.data._ZL11presentTile
                0x00001fa9       0x10 src/core/Object.o
 .progmem.data._ZL8fireTile
                0x00001fb9       0x10 src/core/Object.o
 .progmem.data._ZL8bombTile
                0x00001fc9       0x10 src/core/Object.o
 .progmem.data._ZL8ballTile
                0x00001fd9       0x10 src/core/Object.o
 .progmem.data._ZL6charUp
                0x00001fe9      0x190 src/core/Player.o
 .progmem.data._ZL7charRun
                0x00002179      0x258 src/core/Player.o
 .progmem.data._ZL8charDown
                0x000023d1      0x1e0 src/core/Player.o
                0x000025b2                . = ALIGN (0x2)
 *fill*         0x000025b1        0x1 
 *(.jumptables)
 *(.jumptables*)
 *(.lowtext)
 *(.lowtext*)
                0x000025b2                __ctors_start = .
 *(.ctors)
 .ctors         0x000025b2        0x2 main.o
                0x000025b4                __ctors_end = .
                0x000025b4                __dtors_start = .
 *(.dtors)
                0x000025b4                __dtors_end = .
 SORT(*)(.ctors)
 SORT(*)(.dtors)
 *(.init0)
 .init0         0x000025b4        0x0 C:/Program Files (x86)/Atmel/Studio/7.0/Packs/Atmel/ATmega_DFP/1.6.364/gcc/dev/atmega328p/avr5/crtatmega328p.o
                0x000025b4                __init
 *(.init0)
 *(.init1)
 *(.init1)
 *(.init2)
 .init2         0x000025b4        0xc C:/Program Files (x86)/Atmel/Studio/7.0/Packs/Atmel/ATmega_DFP/1.6.364/gcc/dev/atmega328p/avr5/crtatmega328p.o
 *(.init2)
 *(.init3)
 *(.init3)
 *(.init4)
 .init4         0x000025c0       0x16 c:/program files (x86)/atmel/studio/7.0/toolchain/avr8/avr8-gnu-toolchain/bin/../lib/gcc/avr/5.4.0/avr5\libgcc.a(_copy_data.o)
                0x000025c0                __do_copy_data
 .init4         0x000025d6       0x10 c:/program files (x86)/atmel/studio/7.0/toolchain/avr8/avr8-gnu-toolchain/bin/../lib/gcc/avr/5.4.0/avr5\libgcc.a(_clear_bss.o)
                0x000025d6                __do_clear_bss
 *(.init4)
 *(.init5)
 *(.init5)
 *(.init6)
 .init6         0x000025e6       0x16 c:/program files (x86)/atmel/studio/7.0/toolchain/avr8/avr8-gnu-toolchain/bin/../lib/gcc/avr/5.4.0/avr5\libgcc.a(_ctors.o)
                0x000025e6                __do_global_ctors
 *(.init6)
 *(.init7)
 *(.init7)
 *(.init8)
 *(.init8)
 *(.init9)
 .init9         0x000025fc        0x8 C:/Program Files (x86)/Atmel/Studio/7.0/Packs/Atmel/ATmega_DFP/1.6.364/gcc/dev/atmega328p/avr5/crtatmega328p.o
 *(.init9)
 *(.text)
 .text          0x00002604        0x4 C:/Program Files (x86)/Atmel/Studio/7.0/Packs/Atmel/ATmega_DFP/1.6.364/gcc/dev/atmega328p/avr5/crtatmega328p.o
                0x00002604                __vector_22
                0x00002604                __vector_24
                0x00002604                __vector_12
                0x00002604                __bad_interrupt
                0x00002604                __vector_6
                0x00002604                __vector_3
                0x00002604                __vector_23
                0x00002604                __vector_25
                0x00002604                __vector_13
                0x00002604                __vector_17
                0x00002604                __vector_19
                0x00002604                __vector_5
                0x00002604                __vector_4
                0x00002604                __vector_9
                0x00002604                __vector_21
                0x00002604                __vector_15
                0x00002604                __vector_8
                0x00002604                __vector_14
                0x00002604                __vector_10
                0x00002604                __vector_16
                0x00002604                __vector_18
                0x00002604                __vector_20
                0x00002608                . = ALIGN (0x2)
 *(.text.*)
 .text.main     0x00002608       0x60 main.o
                0x00002608                main
 .text.__vector_11
                0x00002668       0x9e main.o
                0x00002668                __vector_11
 .text.__vector_7
                0x00002706       0x4a main.o
                0x00002706                __vector_7
 .text.__vector_1
                0x00002750       0x1e main.o
                0x00002750                __vector_1
 .text.__vector_2
                0x0000276e       0x1e main.o
                0x0000276e                __vector_2
 .text._GLOBAL__sub_I_game
                0x0000278c       0x18 main.o
 .text._ZN5Audio8setSoundEb
                0x000027a4        0xe src/audio/Music.o
                0x000027a4                _ZN5Audio8setSoundEb
 .text._ZN5Audio13setTonicSolFaEa
                0x000027b2       0x44 src/audio/Music.o
                0x000027b2                _ZN5Audio13setTonicSolFaEa
 .text._ZN5Music10titleMusicEv
                0x000027f6       0x84 src/audio/Music.o
                0x000027f6                _ZN5Music10titleMusicEv
 .text._ZN5Music13startingMusicEv
                0x0000287a       0x7c src/audio/Music.o
                0x0000287a                _ZN5Music13startingMusicEv
 .text._ZN5Music12jumpingMusicEv
                0x000028f6       0x34 src/audio/Music.o
                0x000028f6                _ZN5Music12jumpingMusicEv
 .text._ZN5Music5startEv
                0x0000292a       0x86 src/audio/Music.o
                0x0000292a                _ZN5Music5startEv
 .text._ZN4Font11printLetterEiih
                0x000029b0       0xf2 src/core/Font.o
                0x000029b0                _ZN4Font11printLetterEiih
 .text._ZN4Font5printEiiPKc
                0x00002aa2       0x4c src/core/Font.o
                0x00002aa2                _ZN4Font5printEiiPKc
 .text._ZN4Font5printEiim
                0x00002aee      0x14e src/core/Font.o
                0x00002aee                _ZN4Font5printEiim
 .text._ZN5Frame6updateEv
                0x00002c3c      0x104 src/core/Frame.o
                0x00002c3c                _ZN5Frame6updateEv
 .text._ZN5Frame4initEv
                0x00002d40       0x52 src/core/Frame.o
                0x00002d40                _ZN5Frame4initEv
 .text._ZN4Game10nomalTitleEv
                0x00002d92      0x1fc src/core/Game.o
                0x00002d92                _ZN4Game10nomalTitleEv
 .text._ZN4Game10scoreTitleEv
                0x00002f8e      0x26a src/core/Game.o
                0x00002f8e                _ZN4Game10scoreTitleEv
 .text._ZN4Game11creditTitleEv
                0x000031f8      0x286 src/core/Game.o
                0x000031f8                _ZN4Game11creditTitleEv
 .text._ZN4Game9titleLoopEv
                0x0000347e      0x1ce src/core/Game.o
                0x0000347e                _ZN4Game9titleLoopEv
 .text._ZN4Game9startLoopEv
                0x0000364c      0xbde src/core/Game.o
                0x0000364c                _ZN4Game9startLoopEv
 .text._ZN4Game7endLoopEv
                0x0000422a      0x370 src/core/Game.o
                0x0000422a                _ZN4Game7endLoopEv
 .text._ZN4Game5startEv
                0x0000459a      0x1ce src/core/Game.o
                0x0000459a                _ZN4Game5startEv
 .text._ZN4Game3endEv
                0x00004768      0x54a src/core/Game.o
                0x00004768                _ZN4Game3endEv
 .text._ZN4Game10resetScoreEv
                0x00004cb2      0x110 src/core/Game.o
                0x00004cb2                _ZN4Game10resetScoreEv
 .text._ZN4Game9readScoreEv
                0x00004dc2      0x11a src/core/Game.o
                0x00004dc2                _ZN4Game9readScoreEv
 .text._ZN4Game5titleEv
                0x00004edc      0x1ea src/core/Game.o
                0x00004edc                _ZN4Game5titleEv
 .text._ZN6Object4ballEv
                0x000050c6       0xd4 src/core/Object.o
                0x000050c6                _ZN6Object4ballEv
 .text._ZN6Object4bombEv
                0x0000519a      0x13a src/core/Object.o
                0x0000519a                _ZN6Object4bombEv
 .text._ZN6Object7presentEv
                0x000052d4       0xd6 src/core/Object.o
                0x000052d4                _ZN6Object7presentEv
 .text._ZN6Object9rollBlockEv
                0x000053aa       0x94 src/core/Object.o
                0x000053aa                _ZN6Object9rollBlockEv
 .text._ZN6Object14rollBackgroundEv
                0x0000543e       0xdc src/core/Object.o
                0x0000543e                _ZN6Object14rollBackgroundEv
 .text._ZN6Object4initEv
                0x0000551a       0x82 src/core/Object.o
                0x0000551a                _ZN6Object4initEv
 .text._ZN6Object5startEv
                0x0000559c       0x32 src/core/Object.o
                0x0000559c                _ZN6Object5startEv
 .text._ZN6Object11clearObjectEv
                0x000055ce       0x6a src/core/Object.o
                0x000055ce                _ZN6Object11clearObjectEv
 .text._ZN6Player7runningEv
                0x00005638       0xda src/core/Player.o
                0x00005638                _ZN6Player7runningEv
 .text._ZN6Player7jumpingEv
                0x00005712      0x1ea src/core/Player.o
                0x00005712                _ZN6Player7jumpingEv
 .text._ZN6Player4initEv
                0x000058fc       0x3a src/core/Player.o
                0x000058fc                _ZN6Player4initEv
 .text._ZN6Player5startEv
                0x00005936       0x3e src/core/Player.o
                0x00005936                _ZN6Player5startEv
 .text._ZN3MCU7Setting8beginPinEaa
                0x00005974       0x5a src/modules/MCU.o
                0x00005974                _ZN3MCU7Setting8beginPinEaa
 .text._ZN3MCU7Setting9beginPortEab
                0x000059ce       0x20 src/modules/MCU.o
                0x000059ce                _ZN3MCU7Setting9beginPortEab
 .text._ZN3MCU7Setting8beginINTEaa
                0x000059ee       0x36 src/modules/MCU.o
                0x000059ee                _ZN3MCU7Setting8beginINTEaa
 .text._ZN3MCU7Setting10beginTimerEab
                0x00005a24       0xac src/modules/MCU.o
                0x00005a24                _ZN3MCU7Setting10beginTimerEab
 .text._ZN3MCU7Setting8beginPWMEab
                0x00005ad0      0x130 src/modules/MCU.o
                0x00005ad0                _ZN3MCU7Setting8beginPWMEab
 .text._ZN3MCU7Setting8beginSPIEv
                0x00005c00        0xa src/modules/MCU.o
                0x00005c00                _ZN3MCU7Setting8beginSPIEv
 .text._ZN2SW6updateEv
                0x00005c0a       0x22 src/modules/SW.o
                0x00005c0a                _ZN2SW6updateEv
 .text._ZN2SW4initEv
                0x00005c2c       0x22 src/modules/SW.o
                0x00005c2c                _ZN2SW4initEv
 .text._ZN3SPI7sendBitEh
                0x00005c4e        0xa src/modules/TFT.o
                0x00005c4e                _ZN3SPI7sendBitEh
 .text._ZN3SPI13exportCommandEh
                0x00005c58        0xc src/modules/TFT.o
                0x00005c58                _ZN3SPI13exportCommandEh
 .text._ZN3SPI10exportDataEh
                0x00005c64        0xc src/modules/TFT.o
                0x00005c64                _ZN3SPI10exportDataEh
 .text._ZN3SPI14exportLongDataEj
                0x00005c70       0x26 src/modules/TFT.o
                0x00005c70                _ZN3SPI14exportLongDataEj
 .text._ZN3TFT5beginEv
                0x00005c96       0xaa src/modules/TFT.o
                0x00005c96                _ZN3TFT5beginEv
 .text._ZN3TFT11setRotationEa
                0x00005d40       0x50 src/modules/TFT.o
                0x00005d40                _ZN3TFT11setRotationEa
 .text._ZN3TFT10setAddressEiiii
                0x00005d90       0x68 src/modules/TFT.o
                0x00005d90                _ZN3TFT10setAddressEiiii
 .text._ZN3TFT10fillScreenEj
                0x00005df8       0x8a src/modules/TFT.o
                0x00005df8                _ZN3TFT10fillScreenEj
 .text._ZN3TFT5clearEiiiij
                0x00005e82       0x72 src/modules/TFT.o
                0x00005e82                _ZN3TFT5clearEiiiij
 .text._ZN3TFT4drawEiiiiPKhjj
                0x00005ef4      0x154 src/modules/TFT.o
                0x00005ef4                _ZN3TFT4drawEiiiiPKhjj
 .text._ZN3TFT4drawEiiiiPKhjjjj
                0x00006048      0x1a4 src/modules/TFT.o
                0x00006048                _ZN3TFT4drawEiiiiPKhjjjj
 .text._ZN3TFT4drawEiiiiPA100_Khajjjj
                0x000061ec      0x1aa src/modules/TFT.o
                0x000061ec                _ZN3TFT4drawEiiiiPA100_Khajjjj
 .text._ZN3TFT4drawEiiiiPA120_Khajjjj
                0x00006396      0x1aa src/modules/TFT.o
                0x00006396                _ZN3TFT4drawEiiiiPA120_Khajjjj
 .text.libgcc.div
                0x00006540       0x44 c:/program files (x86)/atmel/studio/7.0/toolchain/avr8/avr8-gnu-toolchain/bin/../lib/gcc/avr/5.4.0/avr5\libgcc.a(_udivmodsi4.o)
                0x00006540                __udivmodsi4
 .text.libgcc   0x00006584        0xc c:/program files (x86)/atmel/studio/7.0/toolchain/avr8/avr8-gnu-toolchain/bin/../lib/gcc/avr/5.4.0/avr5\libgcc.a(_tablejump2.o)
                0x00006584                __tablejump2__
 .text.libgcc.mul
                0x00006590       0x16 c:/program files (x86)/atmel/studio/7.0/toolchain/avr8/avr8-gnu-toolchain/bin/../lib/gcc/avr/5.4.0/avr5\libgcc.a(_muluhisi3.o)
                0x00006590                __muluhisi3
 .text.libgcc.mul
                0x000065a6       0x1e c:/program files (x86)/atmel/studio/7.0/toolchain/avr8/avr8-gnu-toolchain/bin/../lib/gcc/avr/5.4.0/avr5\libgcc.a(_umulhisi3.o)
                0x000065a6                __umulhisi3
 .text.avr-libc
                0x000065c4       0x10 C:/Program Files (x86)/Atmel/Studio/7.0/Packs/Atmel/ATmega_DFP/1.6.364/gcc/dev/atmega328p/avr5\libatmega328p.a(eerd_byte.o)
                0x000065c4                eeprom_read_byte
 .text.avr-libc
                0x000065d4        0xc C:/Program Files (x86)/Atmel/Studio/7.0/Packs/Atmel/ATmega_DFP/1.6.364/gcc/dev/atmega328p/avr5\libatmega328p.a(eerd_word.o)
                0x000065d4                eeprom_read_word
 .text.avr-libc
                0x000065e0       0x24 C:/Program Files (x86)/Atmel/Studio/7.0/Packs/Atmel/ATmega_DFP/1.6.364/gcc/dev/atmega328p/avr5\libatmega328p.a(eeupd_byte.o)
                0x000065e0                eeprom_update_byte
                0x000065e2                eeprom_update_r18
 .text.avr-libc
                0x00006604        0xc C:/Program Files (x86)/Atmel/Studio/7.0/Packs/Atmel/ATmega_DFP/1.6.364/gcc/dev/atmega328p/avr5\libatmega328p.a(eeupd_word.o)
                0x00006604                eeprom_update_word
 .text.avr-libc
                0x00006610       0x20 C:/Program Files (x86)/Atmel/Studio/7.0/Packs/Atmel/ATmega_DFP/1.6.364/gcc/dev/atmega328p/avr5\libatmega328p.a(eerd_block.o)
                0x00006610                eeprom_read_block
                0x00006614                eeprom_read_blraw
                0x00006630                . = ALIGN (0x2)
 *(.fini9)
 .fini9         0x00006630        0x0 c:/program files (x86)/atmel/studio/7.0/toolchain/avr8/avr8-gnu-toolchain/bin/../lib/gcc/avr/5.4.0/avr5\libgcc.a(_exit.o)
                0x00006630                _exit
                0x00006630                exit
 *(.fini9)
 *(.fini8)
 *(.fini8)
 *(.fini7)
 *(.fini7)
 *(.fini6)
 *(.fini6)
 *(.fini5)
 *(.fini5)
 *(.fini4)
 *(.fini4)
 *(.fini3)
 *(.fini3)
 *(.fini2)
 *(.fini2)
 *(.fini1)
 *(.fini1)
 *(.fini0)
 .fini0         0x00006630        0x4 c:/program files (x86)/atmel/studio/7.0/toolchain/avr8/avr8-gnu-toolchain/bin/../lib/gcc/avr/5.4.0/avr5\libgcc.a(_exit.o)
 *(.fini0)
                0x00006634                _etext = .

.data           0x00800100      0x102 load address 0x00006634
                0x00800100                PROVIDE (__data_start, .)
 *(.data)
 *(.data*)
 *(.gnu.linkonce.d*)
 *(.rodata)
 *(.rodata*)
 .rodata.str1.1
                0x00800100      0x101 src/core/Game.o
                                0x109 (size before relaxing)
 *(.gnu.linkonce.r*)
                0x00800202                . = ALIGN (0x2)
 *fill*         0x00800201        0x1 
                0x00800202                _edata = .
                0x00800202                PROVIDE (__data_end, .)

.bss            0x00800202       0x5e
                0x00800202                PROVIDE (__bss_start, .)
 *(.bss)
 *(.bss*)
 .bss.game      0x00800202       0x39 main.o
                0x00800202                game
 .bss._ZN5Frame9sixFramesE
                0x0080023b        0x1 src/core/Frame.o
                0x0080023b                _ZN5Frame9sixFramesE
 .bss._ZN5Frame10fourFramesE
                0x0080023c        0x1 src/core/Frame.o
                0x0080023c                _ZN5Frame10fourFramesE
 .bss._ZN5Frame11secondFrameE
                0x0080023d        0x1 src/core/Frame.o
                0x0080023d                _ZN5Frame11secondFrameE
 .bss._ZN5Frame7oneTickE
                0x0080023e        0x1 src/core/Frame.o
                0x0080023e                _ZN5Frame7oneTickE
 .bss._ZN5Frame8pastBeatE
                0x0080023f        0x4 src/core/Frame.o
                0x0080023f                _ZN5Frame8pastBeatE
 .bss._ZN5Frame9pastScoreE
                0x00800243        0x4 src/core/Frame.o
                0x00800243                _ZN5Frame9pastScoreE
 .bss._ZN5Frame9pastFrameE
                0x00800247        0x4 src/core/Frame.o
                0x00800247                _ZN5Frame9pastFrameE
 .bss._ZN5Frame8pastTickE
                0x0080024b        0x4 src/core/Frame.o
                0x0080024b                _ZN5Frame8pastTickE
 .bss._ZN5Frame11presentTimeE
                0x0080024f        0x4 src/core/Frame.o
                0x0080024f                _ZN5Frame11presentTimeE
 .bss._ZN5Frame9scoreTimeE
                0x00800253        0x2 src/core/Frame.o
                0x00800253                _ZN5Frame9scoreTimeE
 .bss._ZN2SW6selectE
                0x00800255        0x1 src/modules/SW.o
                0x00800255                _ZN2SW6selectE
 .bss._ZN2SW5startE
                0x00800256        0x1 src/modules/SW.o
                0x00800256                _ZN2SW5startE
 .bss._ZN2SW5rightE
                0x00800257        0x1 src/modules/SW.o
                0x00800257                _ZN2SW5rightE
 .bss._ZN2SW4leftE
                0x00800258        0x1 src/modules/SW.o
                0x00800258                _ZN2SW4leftE
 .bss._ZN2SW4downE
                0x00800259        0x1 src/modules/SW.o
                0x00800259                _ZN2SW4downE
 .bss._ZN2SW2upE
                0x0080025a        0x1 src/modules/SW.o
                0x0080025a                _ZN2SW2upE
 .bss._ZN2SW10interrupt1E
                0x0080025b        0x1 src/modules/SW.o
                0x0080025b                _ZN2SW10interrupt1E
 .bss._ZN2SW10interrupt0E
                0x0080025c        0x1 src/modules/SW.o
                0x0080025c                _ZN2SW10interrupt0E
 .bss._ZN2SW7oldDataE
                0x0080025d        0x1 src/modules/SW.o
                0x0080025d                _ZN2SW7oldDataE
 .bss._ZN2SW7newDataE
                0x0080025e        0x1 src/modules/SW.o
                0x0080025e                _ZN2SW7newDataE
 .bss._ZN2SW6resultE
                0x0080025f        0x1 src/modules/SW.o
                0x0080025f                _ZN2SW6resultE
 *(COMMON)
                0x00800260                PROVIDE (__bss_end, .)
                0x00006634                __data_load_start = LOADADDR (.data)
                0x00006736                __data_load_end = (__data_load_start + SIZEOF (.data))

.noinit         0x00800260        0x0
                [!provide]                PROVIDE (__noinit_start, .)
 *(.noinit*)
                [!provide]                PROVIDE (__noinit_end, .)
                0x00800260                _end = .
                [!provide]                PROVIDE (__heap_start, .)

.eeprom         0x00810000        0x0
 *(.eeprom*)
                0x00810000                __eeprom_end = .

.fuse
 *(.fuse)
 *(.lfuse)
 *(.hfuse)
 *(.efuse)

.lock
 *(.lock*)

.signature
 *(.signature*)

.user_signatures
 *(.user_signatures*)

.stab
 *(.stab)

.stabstr
 *(.stabstr)

.stab.excl
 *(.stab.excl)

.stab.exclstr
 *(.stab.exclstr)

.stab.index
 *(.stab.index)

.stab.indexstr
 *(.stab.indexstr)

.comment        0x00000000       0x30
 *(.comment)
 .comment       0x00000000       0x30 main.o
                                 0x31 (size before relaxing)
 .comment       0x00000030       0x31 src/audio/Music.o
 .comment       0x00000030       0x31 src/core/Font.o
 .comment       0x00000030       0x31 src/core/Frame.o
 .comment       0x00000030       0x31 src/core/Game.o
 .comment       0x00000030       0x31 src/core/Object.o
 .comment       0x00000030       0x31 src/core/Player.o
 .comment       0x00000030       0x31 src/modules/MCU.o
 .comment       0x00000030       0x31 src/modules/SW.o
 .comment       0x00000030       0x31 src/modules/TFT.o

.note.gnu.avr.deviceinfo
                0x00000000       0x40
 .note.gnu.avr.deviceinfo
                0x00000000       0x40 C:/Program Files (x86)/Atmel/Studio/7.0/Packs/Atmel/ATmega_DFP/1.6.364/gcc/dev/atmega328p/avr5/crtatmega328p.o

.note.gnu.build-id
 *(.note.gnu.build-id)

.debug
 *(.debug)

.line
 *(.line)

.debug_srcinfo
 *(.debug_srcinfo)

.debug_sfnames
 *(.debug_sfnames)

.debug_aranges  0x00000000      0x3b0
 *(.debug_aranges)
 .debug_aranges
                0x00000000       0x50 main.o
 .debug_aranges
                0x00000050       0x50 src/audio/Music.o
 .debug_aranges
                0x000000a0       0x30 src/core/Font.o
 .debug_aranges
                0x000000d0       0x28 src/core/Frame.o
 .debug_aranges
                0x000000f8       0x70 src/core/Game.o
 .debug_aranges
                0x00000168       0x58 src/core/Object.o
 .debug_aranges
                0x000001c0       0x38 src/core/Player.o
 .debug_aranges
                0x000001f8       0x68 src/modules/MCU.o
 .debug_aranges
                0x00000260       0x28 src/modules/SW.o
 .debug_aranges
                0x00000288       0x88 src/modules/TFT.o
 .debug_aranges
                0x00000310       0x20 C:/Program Files (x86)/Atmel/Studio/7.0/Packs/Atmel/ATmega_DFP/1.6.364/gcc/dev/atmega328p/avr5\libatmega328p.a(eerd_byte.o)
 .debug_aranges
                0x00000330       0x20 C:/Program Files (x86)/Atmel/Studio/7.0/Packs/Atmel/ATmega_DFP/1.6.364/gcc/dev/atmega328p/avr5\libatmega328p.a(eerd_word.o)
 .debug_aranges
                0x00000350       0x20 C:/Program Files (x86)/Atmel/Studio/7.0/Packs/Atmel/ATmega_DFP/1.6.364/gcc/dev/atmega328p/avr5\libatmega328p.a(eeupd_byte.o)
 .debug_aranges
                0x00000370       0x20 C:/Program Files (x86)/Atmel/Studio/7.0/Packs/Atmel/ATmega_DFP/1.6.364/gcc/dev/atmega328p/avr5\libatmega328p.a(eeupd_word.o)
 .debug_aranges
                0x00000390       0x20 C:/Program Files (x86)/Atmel/Studio/7.0/Packs/Atmel/ATmega_DFP/1.6.364/gcc/dev/atmega328p/avr5\libatmega328p.a(eerd_block.o)

.debug_pubnames
 *(.debug_pubnames)

.debug_info     0x00000000     0xf59c
 *(.debug_info .gnu.linkonce.wi.*)
 .debug_info    0x00000000      0x5f4 C:/Program Files (x86)/Atmel/Studio/7.0/Packs/Atmel/ATmega_DFP/1.6.364/gcc/dev/atmega328p/avr5/crtatmega328p.o
 .debug_info    0x000005f4     0x35f4 main.o
 .debug_info    0x00003be8      0xec5 src/audio/Music.o
 .debug_info    0x00004aad      0x89c src/core/Font.o
 .debug_info    0x00005349      0x242 src/core/Frame.o
 .debug_info    0x0000558b     0x688d src/core/Game.o
 .debug_info    0x0000be18      0xde9 src/core/Object.o
 .debug_info    0x0000cc01      0xa02 src/core/Player.o
 .debug_info    0x0000d603      0x403 src/modules/MCU.o
 .debug_info    0x0000da06      0x253 src/modules/SW.o
 .debug_info    0x0000dc59     0x163e src/modules/TFT.o
 .debug_info    0x0000f297       0x9a C:/Program Files (x86)/Atmel/Studio/7.0/Packs/Atmel/ATmega_DFP/1.6.364/gcc/dev/atmega328p/avr5\libatmega328p.a(eerd_byte.o)
 .debug_info    0x0000f331       0x9a C:/Program Files (x86)/Atmel/Studio/7.0/Packs/Atmel/ATmega_DFP/1.6.364/gcc/dev/atmega328p/avr5\libatmega328p.a(eerd_word.o)
 .debug_info    0x0000f3cb       0x9b C:/Program Files (x86)/Atmel/Studio/7.0/Packs/Atmel/ATmega_DFP/1.6.364/gcc/dev/atmega328p/avr5\libatmega328p.a(eeupd_byte.o)
 .debug_info    0x0000f466       0x9b C:/Program Files (x86)/Atmel/Studio/7.0/Packs/Atmel/ATmega_DFP/1.6.364/gcc/dev/atmega328p/avr5\libatmega328p.a(eeupd_word.o)
 .debug_info    0x0000f501       0x9b C:/Program Files (x86)/Atmel/Studio/7.0/Packs/Atmel/ATmega_DFP/1.6.364/gcc/dev/atmega328p/avr5\libatmega328p.a(eerd_block.o)

.debug_abbrev   0x00000000     0x18d0
 *(.debug_abbrev)
 .debug_abbrev  0x00000000      0x5a2 C:/Program Files (x86)/Atmel/Studio/7.0/Packs/Atmel/ATmega_DFP/1.6.364/gcc/dev/atmega328p/avr5/crtatmega328p.o
 .debug_abbrev  0x000005a2      0x2e9 main.o
 .debug_abbrev  0x0000088b      0x208 src/audio/Music.o
 .debug_abbrev  0x00000a93      0x181 src/core/Font.o
 .debug_abbrev  0x00000c14       0xb7 src/core/Frame.o
 .debug_abbrev  0x00000ccb      0x358 src/core/Game.o
 .debug_abbrev  0x00001023      0x190 src/core/Object.o
 .debug_abbrev  0x000011b3      0x1a6 src/core/Player.o
 .debug_abbrev  0x00001359      0x1e2 src/modules/MCU.o
 .debug_abbrev  0x0000153b       0xcf src/modules/SW.o
 .debug_abbrev  0x0000160a      0x262 src/modules/TFT.o
 .debug_abbrev  0x0000186c       0x14 C:/Program Files (x86)/Atmel/Studio/7.0/Packs/Atmel/ATmega_DFP/1.6.364/gcc/dev/atmega328p/avr5\libatmega328p.a(eerd_byte.o)
 .debug_abbrev  0x00001880       0x14 C:/Program Files (x86)/Atmel/Studio/7.0/Packs/Atmel/ATmega_DFP/1.6.364/gcc/dev/atmega328p/avr5\libatmega328p.a(eerd_word.o)
 .debug_abbrev  0x00001894       0x14 C:/Program Files (x86)/Atmel/Studio/7.0/Packs/Atmel/ATmega_DFP/1.6.364/gcc/dev/atmega328p/avr5\libatmega328p.a(eeupd_byte.o)
 .debug_abbrev  0x000018a8       0x14 C:/Program Files (x86)/Atmel/Studio/7.0/Packs/Atmel/ATmega_DFP/1.6.364/gcc/dev/atmega328p/avr5\libatmega328p.a(eeupd_word.o)
 .debug_abbrev  0x000018bc       0x14 C:/Program Files (x86)/Atmel/Studio/7.0/Packs/Atmel/ATmega_DFP/1.6.364/gcc/dev/atmega328p/avr5\libatmega328p.a(eerd_block.o)

.debug_line     0x00000000     0x336e
 *(.debug_line .debug_line.* .debug_line_end)
 .debug_line    0x00000000      0x134 C:/Program Files (x86)/Atmel/Studio/7.0/Packs/Atmel/ATmega_DFP/1.6.364/gcc/dev/atmega328p/avr5/crtatmega328p.o
 .debug_line    0x00000134      0x2f9 main.o
 .debug_line    0x0000042d      0x2a2 src/audio/Music.o
 .debug_line    0x000006cf      0x1dc src/core/Font.o
 .debug_line    0x000008ab      0x153 src/core/Frame.o
 .debug_line    0x000009fe     0x1440 src/core/Game.o
 .debug_line    0x00001e3e      0x397 src/core/Object.o
 .debug_line    0x000021d5      0x2cc src/core/Player.o
 .debug_line    0x000024a1      0x4c7 src/modules/MCU.o
 .debug_line    0x00002968      0x101 src/modules/SW.o
 .debug_line    0x00002a69      0x661 src/modules/TFT.o
 .debug_line    0x000030ca       0x7a C:/Program Files (x86)/Atmel/Studio/7.0/Packs/Atmel/ATmega_DFP/1.6.364/gcc/dev/atmega328p/avr5\libatmega328p.a(eerd_byte.o)
 .debug_line    0x00003144       0x67 C:/Program Files (x86)/Atmel/Studio/7.0/Packs/Atmel/ATmega_DFP/1.6.364/gcc/dev/atmega328p/avr5\libatmega328p.a(eerd_word.o)
 .debug_line    0x000031ab       0xb6 C:/Program Files (x86)/Atmel/Studio/7.0/Packs/Atmel/ATmega_DFP/1.6.364/gcc/dev/atmega328p/avr5\libatmega328p.a(eeupd_byte.o)
 .debug_line    0x00003261       0x62 C:/Program Files (x86)/Atmel/Studio/7.0/Packs/Atmel/ATmega_DFP/1.6.364/gcc/dev/atmega328p/avr5\libatmega328p.a(eeupd_word.o)
 .debug_line    0x000032c3       0xab C:/Program Files (x86)/Atmel/Studio/7.0/Packs/Atmel/ATmega_DFP/1.6.364/gcc/dev/atmega328p/avr5\libatmega328p.a(eerd_block.o)

.debug_frame    0x00000000      0xdac
 *(.debug_frame)
 .debug_frame   0x00000000      0x10c main.o
 .debug_frame   0x0000010c       0x90 src/audio/Music.o
 .debug_frame   0x0000019c      0x108 src/core/Font.o
 .debug_frame   0x000002a4       0x34 src/core/Frame.o
 .debug_frame   0x000002d8      0x328 src/core/Game.o
 .debug_frame   0x00000600      0x214 src/core/Object.o
 .debug_frame   0x00000814      0x15c src/core/Player.o
 .debug_frame   0x00000970       0xb4 src/modules/MCU.o
 .debug_frame   0x00000a24       0x34 src/modules/SW.o
 .debug_frame   0x00000a58      0x354 src/modules/TFT.o

.debug_str      0x00000000     0x1699
 *(.debug_str)
 .debug_str     0x00000000      0x208 C:/Program Files (x86)/Atmel/Studio/7.0/Packs/Atmel/ATmega_DFP/1.6.364/gcc/dev/atmega328p/avr5/crtatmega328p.o
 .debug_str     0x00000208      0xac0 main.o
                                0xb1e (size before relaxing)
 .debug_str     0x00000cc8      0x1bb src/audio/Music.o
                                0x39e (size before relaxing)
 .debug_str     0x00000e83       0x6b src/core/Font.o
                                0x538 (size before relaxing)
 .debug_str     0x00000eee      0x198 src/core/Frame.o
                                0x35e (size before relaxing)
 .debug_str     0x00001086      0x3a1 src/core/Game.o
                                0xf6b (size before relaxing)
 .debug_str     0x00001427       0x17 src/core/Object.o
                                0x637 (size before relaxing)
 .debug_str     0x0000143e       0x17 src/core/Player.o
                                0x518 (size before relaxing)
 .debug_str     0x00001455      0x124 src/modules/MCU.o
                                0x408 (size before relaxing)
 .debug_str     0x00001579       0xbd src/modules/SW.o
                                0x2ee (size before relaxing)
 .debug_str     0x00001636       0x63 src/modules/TFT.o
                                0x4da (size before relaxing)

.debug_loc      0x00000000     0x5d4f
 *(.debug_loc)
 .debug_loc     0x00000000      0x1cf main.o
 .debug_loc     0x000001cf      0xe3a src/audio/Music.o
 .debug_loc     0x00001009      0x6fd src/core/Font.o
 .debug_loc     0x00001706     0x1b74 src/core/Game.o
 .debug_loc     0x0000327a      0x668 src/core/Object.o
 .debug_loc     0x000038e2      0x46b src/core/Player.o
 .debug_loc     0x00003d4d      0x5b7 src/modules/MCU.o
 .debug_loc     0x00004304     0x1a4b src/modules/TFT.o

.debug_macinfo
 *(.debug_macinfo)

.debug_weaknames
 *(.debug_weaknames)

.debug_funcnames
 *(.debug_funcnames)

.debug_typenames
 *(.debug_typenames)

.debug_varnames
 *(.debug_varnames)

.debug_pubtypes
 *(.debug_pubtypes)

.debug_ranges   0x00000000      0x2d8
 *(.debug_ranges)
 .debug_ranges  0x00000000       0x40 main.o
 .debug_ranges  0x00000040       0x40 src/audio/Music.o
 .debug_ranges  0x00000080       0x40 src/core/Font.o
 .debug_ranges  0x000000c0       0x18 src/core/Frame.o
 .debug_ranges  0x000000d8       0x78 src/core/Game.o
 .debug_ranges  0x00000150       0x48 src/core/Object.o
 .debug_ranges  0x00000198       0x28 src/core/Player.o
 .debug_ranges  0x000001c0       0x58 src/modules/MCU.o
 .debug_ranges  0x00000218       0x18 src/modules/SW.o
 .debug_ranges  0x00000230       0xa8 src/modules/TFT.o

.debug_macro
 *(.debug_macro)
OUTPUT(ATmega328P.elf elf32-avr)
LOAD linker stubs
