Archive member included to satisfy reference by file (symbol)

c:/program files (x86)/atmel/studio/7.0/toolchain/avr8/avr8-gnu-toolchain/bin/../lib/gcc/avr/5.4.0/avr5\libgcc.a(_udivmodsi4.o)
                              src/core/Font.o (__udivmodsi4)
c:/program files (x86)/atmel/studio/7.0/toolchain/avr8/avr8-gnu-toolchain/bin/../lib/gcc/avr/5.4.0/avr5\libgcc.a(_exit.o)
                              C:/Program Files (x86)/Atmel/Studio/7.0/Packs/Atmel/ATmega_DFP/1.6.364/gcc/dev/atmega328p/avr5/crtatmega328p.o (exit)
c:/program files (x86)/atmel/studio/7.0/toolchain/avr8/avr8-gnu-toolchain/bin/../lib/gcc/avr/5.4.0/avr5\libgcc.a(_copy_data.o)
                              src/core/Frame.o (__do_copy_data)
c:/program files (x86)/atmel/studio/7.0/toolchain/avr8/avr8-gnu-toolchain/bin/../lib/gcc/avr/5.4.0/avr5\libgcc.a(_clear_bss.o)
                              main.o (__do_clear_bss)
c:/program files (x86)/atmel/studio/7.0/toolchain/avr8/avr8-gnu-toolchain/bin/../lib/gcc/avr/5.4.0/avr5\libgcc.a(_ctors.o)
                              main.o (__do_global_ctors)
c:/program files (x86)/atmel/studio/7.0/toolchain/avr8/avr8-gnu-toolchain/bin/../lib/gcc/avr/5.4.0/avr5\libgcc.a(_muluhisi3.o)
                              src/core/Object.o (__muluhisi3)
c:/program files (x86)/atmel/studio/7.0/toolchain/avr8/avr8-gnu-toolchain/bin/../lib/gcc/avr/5.4.0/avr5\libgcc.a(_tablejump2.o)
                              c:/program files (x86)/atmel/studio/7.0/toolchain/avr8/avr8-gnu-toolchain/bin/../lib/gcc/avr/5.4.0/avr5\libgcc.a(_ctors.o) (__tablejump2__)
c:/program files (x86)/atmel/studio/7.0/toolchain/avr8/avr8-gnu-toolchain/bin/../lib/gcc/avr/5.4.0/avr5\libgcc.a(_umulhisi3.o)
                              c:/program files (x86)/atmel/studio/7.0/toolchain/avr8/avr8-gnu-toolchain/bin/../lib/gcc/avr/5.4.0/avr5\libgcc.a(_muluhisi3.o) (__umulhisi3)
C:/Program Files (x86)/Atmel/Studio/7.0/Packs/Atmel/ATmega_DFP/1.6.364/gcc/dev/atmega328p/avr5\libatmega328p.a(eerd_byte.o)
                              src/core/Game.o (eeprom_read_byte)
C:/Program Files (x86)/Atmel/Studio/7.0/Packs/Atmel/ATmega_DFP/1.6.364/gcc/dev/atmega328p/avr5\libatmega328p.a(eerd_word.o)
                              src/core/Game.o (eeprom_read_word)
C:/Program Files (x86)/Atmel/Studio/7.0/Packs/Atmel/ATmega_DFP/1.6.364/gcc/dev/atmega328p/avr5\libatmega328p.a(eeupd_byte.o)
                              src/core/Game.o (eeprom_update_byte)
C:/Program Files (x86)/Atmel/Studio/7.0/Packs/Atmel/ATmega_DFP/1.6.364/gcc/dev/atmega328p/avr5\libatmega328p.a(eeupd_word.o)
                              src/core/Game.o (eeprom_update_word)
C:/Program Files (x86)/Atmel/Studio/7.0/Packs/Atmel/ATmega_DFP/1.6.364/gcc/dev/atmega328p/avr5\libatmega328p.a(eerd_block.o)
                              C:/Program Files (x86)/Atmel/Studio/7.0/Packs/Atmel/ATmega_DFP/1.6.364/gcc/dev/atmega328p/avr5\libatmega328p.a(eerd_word.o) (eeprom_read_blraw)

Discarded input sections

 .data          0x00000000        0x0 C:/Program Files (x86)/Atmel/Studio/7.0/Packs/Atmel/ATmega_DFP/1.6.364/gcc/dev/atmega328p/avr5/crtatmega328p.o
 .bss           0x00000000        0x0 C:/Program Files (x86)/Atmel/Studio/7.0/Packs/Atmel/ATmega_DFP/1.6.364/gcc/dev/atmega328p/avr5/crtatmega328p.o
 .text          0x00000000        0x0 main.o
 .data          0x00000000        0x0 main.o
 .bss           0x00000000        0x0 main.o
 .text._GLOBAL__sub_D_game
                0x00000000        0x2 main.o
 .text          0x00000000        0x0 src/core/Font.o
 .data          0x00000000        0x0 src/core/Font.o
 .bss           0x00000000        0x0 src/core/Font.o
 .text          0x00000000        0x0 src/core/Frame.o
 .data          0x00000000        0x0 src/core/Frame.o
 .bss           0x00000000        0x0 src/core/Frame.o
 .data._ZN5Frame7twoTickE
                0x00000000        0x1 src/core/Frame.o
 .text          0x00000000        0x0 src/core/Game.o
 .data          0x00000000        0x0 src/core/Game.o
 .bss           0x00000000        0x0 src/core/Game.o
 .text          0x00000000        0x0 src/core/Object.o
 .data          0x00000000        0x0 src/core/Object.o
 .bss           0x00000000        0x0 src/core/Object.o
 .text          0x00000000        0x0 src/core/Player.o
 .data          0x00000000        0x0 src/core/Player.o
 .bss           0x00000000        0x0 src/core/Player.o
 .text          0x00000000        0x0 src/modules/MCU.o
 .data          0x00000000        0x0 src/modules/MCU.o
 .bss           0x00000000        0x0 src/modules/MCU.o
 .text._ZN3MCU9insertBitEhb
                0x00000000       0x16 src/modules/MCU.o
 .text._ZN3MCU8Features3hexEa
                0x00000000       0x74 src/modules/MCU.o
 .text._ZN3MCU8Features5ASCIIEa
                0x00000000        0xc src/modules/MCU.o
 .text._ZN3MCU7Setting10beginPCINTEa
                0x00000000       0x88 src/modules/MCU.o
 .text._ZN3MCU7Setting8beginPWMEab
                0x00000000      0x130 src/modules/MCU.o
 .text          0x00000000        0x0 src/modules/SW.o
 .data          0x00000000        0x0 src/modules/SW.o
 .bss           0x00000000        0x0 src/modules/SW.o
 .text          0x00000000        0x0 src/modules/TFT.o
 .data          0x00000000        0x0 src/modules/TFT.o
 .bss           0x00000000        0x0 src/modules/TFT.o
 .text._ZN3TFT9fillPixelEiij
                0x00000000       0x2e src/modules/TFT.o
 .text          0x00000000        0x0 c:/program files (x86)/atmel/studio/7.0/toolchain/avr8/avr8-gnu-toolchain/bin/../lib/gcc/avr/5.4.0/avr5\libgcc.a(_udivmodsi4.o)
 .data          0x00000000        0x0 c:/program files (x86)/atmel/studio/7.0/toolchain/avr8/avr8-gnu-toolchain/bin/../lib/gcc/avr/5.4.0/avr5\libgcc.a(_udivmodsi4.o)
 .bss           0x00000000        0x0 c:/program files (x86)/atmel/studio/7.0/toolchain/avr8/avr8-gnu-toolchain/bin/../lib/gcc/avr/5.4.0/avr5\libgcc.a(_udivmodsi4.o)
 .text.libgcc.mul
                0x00000000        0x0 c:/program files (x86)/atmel/studio/7.0/toolchain/avr8/avr8-gnu-toolchain/bin/../lib/gcc/avr/5.4.0/avr5\libgcc.a(_udivmodsi4.o)
 .text.libgcc   0x00000000        0x0 c:/program files (x86)/atmel/studio/7.0/toolchain/avr8/avr8-gnu-toolchain/bin/../lib/gcc/avr/5.4.0/avr5\libgcc.a(_udivmodsi4.o)
 .text.libgcc.prologue
                0x00000000        0x0 c:/program files (x86)/atmel/studio/7.0/toolchain/avr8/avr8-gnu-toolchain/bin/../lib/gcc/avr/5.4.0/avr5\libgcc.a(_udivmodsi4.o)
 .text.libgcc.builtins
                0x00000000        0x0 c:/program files (x86)/atmel/studio/7.0/toolchain/avr8/avr8-gnu-toolchain/bin/../lib/gcc/avr/5.4.0/avr5\libgcc.a(_udivmodsi4.o)
 .text.libgcc.fmul
                0x00000000        0x0 c:/program files (x86)/atmel/studio/7.0/toolchain/avr8/avr8-gnu-toolchain/bin/../lib/gcc/avr/5.4.0/avr5\libgcc.a(_udivmodsi4.o)
 .text.libgcc.fixed
                0x00000000        0x0 c:/program files (x86)/atmel/studio/7.0/toolchain/avr8/avr8-gnu-toolchain/bin/../lib/gcc/avr/5.4.0/avr5\libgcc.a(_udivmodsi4.o)
 .text          0x00000000        0x0 c:/program files (x86)/atmel/studio/7.0/toolchain/avr8/avr8-gnu-toolchain/bin/../lib/gcc/avr/5.4.0/avr5\libgcc.a(_exit.o)
 .data          0x00000000        0x0 c:/program files (x86)/atmel/studio/7.0/toolchain/avr8/avr8-gnu-toolchain/bin/../lib/gcc/avr/5.4.0/avr5\libgcc.a(_exit.o)
 .bss           0x00000000        0x0 c:/program files (x86)/atmel/studio/7.0/toolchain/avr8/avr8-gnu-toolchain/bin/../lib/gcc/avr/5.4.0/avr5\libgcc.a(_exit.o)
 .text.libgcc.mul
                0x00000000        0x0 c:/program files (x86)/atmel/studio/7.0/toolchain/avr8/avr8-gnu-toolchain/bin/../lib/gcc/avr/5.4.0/avr5\libgcc.a(_exit.o)
 .text.libgcc.div
                0x00000000        0x0 c:/program files (x86)/atmel/studio/7.0/toolchain/avr8/avr8-gnu-toolchain/bin/../lib/gcc/avr/5.4.0/avr5\libgcc.a(_exit.o)
 .text.libgcc   0x00000000        0x0 c:/program files (x86)/atmel/studio/7.0/toolchain/avr8/avr8-gnu-toolchain/bin/../lib/gcc/avr/5.4.0/avr5\libgcc.a(_exit.o)
 .text.libgcc.prologue
                0x00000000        0x0 c:/program files (x86)/atmel/studio/7.0/toolchain/avr8/avr8-gnu-toolchain/bin/../lib/gcc/avr/5.4.0/avr5\libgcc.a(_exit.o)
 .text.libgcc.builtins
                0x00000000        0x0 c:/program files (x86)/atmel/studio/7.0/toolchain/avr8/avr8-gnu-toolchain/bin/../lib/gcc/avr/5.4.0/avr5\libgcc.a(_exit.o)
 .text.libgcc.fmul
                0x00000000        0x0 c:/program files (x86)/atmel/studio/7.0/toolchain/avr8/avr8-gnu-toolchain/bin/../lib/gcc/avr/5.4.0/avr5\libgcc.a(_exit.o)
 .text.libgcc.fixed
                0x00000000        0x0 c:/program files (x86)/atmel/studio/7.0/toolchain/avr8/avr8-gnu-toolchain/bin/../lib/gcc/avr/5.4.0/avr5\libgcc.a(_exit.o)
 .text          0x00000000        0x0 c:/program files (x86)/atmel/studio/7.0/toolchain/avr8/avr8-gnu-toolchain/bin/../lib/gcc/avr/5.4.0/avr5\libgcc.a(_copy_data.o)
 .data          0x00000000        0x0 c:/program files (x86)/atmel/studio/7.0/toolchain/avr8/avr8-gnu-toolchain/bin/../lib/gcc/avr/5.4.0/avr5\libgcc.a(_copy_data.o)
 .bss           0x00000000        0x0 c:/program files (x86)/atmel/studio/7.0/toolchain/avr8/avr8-gnu-toolchain/bin/../lib/gcc/avr/5.4.0/avr5\libgcc.a(_copy_data.o)
 .text.libgcc.mul
                0x00000000        0x0 c:/program files (x86)/atmel/studio/7.0/toolchain/avr8/avr8-gnu-toolchain/bin/../lib/gcc/avr/5.4.0/avr5\libgcc.a(_copy_data.o)
 .text.libgcc.div
                0x00000000        0x0 c:/program files (x86)/atmel/studio/7.0/toolchain/avr8/avr8-gnu-toolchain/bin/../lib/gcc/avr/5.4.0/avr5\libgcc.a(_copy_data.o)
 .text.libgcc   0x00000000        0x0 c:/program files (x86)/atmel/studio/7.0/toolchain/avr8/avr8-gnu-toolchain/bin/../lib/gcc/avr/5.4.0/avr5\libgcc.a(_copy_data.o)
 .text.libgcc.prologue
                0x00000000        0x0 c:/program files (x86)/atmel/studio/7.0/toolchain/avr8/avr8-gnu-toolchain/bin/../lib/gcc/avr/5.4.0/avr5\libgcc.a(_copy_data.o)
 .text.libgcc.builtins
                0x00000000        0x0 c:/program files (x86)/atmel/studio/7.0/toolchain/avr8/avr8-gnu-toolchain/bin/../lib/gcc/avr/5.4.0/avr5\libgcc.a(_copy_data.o)
 .text.libgcc.fmul
                0x00000000        0x0 c:/program files (x86)/atmel/studio/7.0/toolchain/avr8/avr8-gnu-toolchain/bin/../lib/gcc/avr/5.4.0/avr5\libgcc.a(_copy_data.o)
 .text.libgcc.fixed
                0x00000000        0x0 c:/program files (x86)/atmel/studio/7.0/toolchain/avr8/avr8-gnu-toolchain/bin/../lib/gcc/avr/5.4.0/avr5\libgcc.a(_copy_data.o)
 .text          0x00000000        0x0 c:/program files (x86)/atmel/studio/7.0/toolchain/avr8/avr8-gnu-toolchain/bin/../lib/gcc/avr/5.4.0/avr5\libgcc.a(_clear_bss.o)
 .data          0x00000000        0x0 c:/program files (x86)/atmel/studio/7.0/toolchain/avr8/avr8-gnu-toolchain/bin/../lib/gcc/avr/5.4.0/avr5\libgcc.a(_clear_bss.o)
 .bss           0x00000000        0x0 c:/program files (x86)/atmel/studio/7.0/toolchain/avr8/avr8-gnu-toolchain/bin/../lib/gcc/avr/5.4.0/avr5\libgcc.a(_clear_bss.o)
 .text.libgcc.mul
                0x00000000        0x0 c:/program files (x86)/atmel/studio/7.0/toolchain/avr8/avr8-gnu-toolchain/bin/../lib/gcc/avr/5.4.0/avr5\libgcc.a(_clear_bss.o)
 .text.libgcc.div
                0x00000000        0x0 c:/program files (x86)/atmel/studio/7.0/toolchain/avr8/avr8-gnu-toolchain/bin/../lib/gcc/avr/5.4.0/avr5\libgcc.a(_clear_bss.o)
 .text.libgcc   0x00000000        0x0 c:/program files (x86)/atmel/studio/7.0/toolchain/avr8/avr8-gnu-toolchain/bin/../lib/gcc/avr/5.4.0/avr5\libgcc.a(_clear_bss.o)
 .text.libgcc.prologue
                0x00000000        0x0 c:/program files (x86)/atmel/studio/7.0/toolchain/avr8/avr8-gnu-toolchain/bin/../lib/gcc/avr/5.4.0/avr5\libgcc.a(_clear_bss.o)
 .text.libgcc.builtins
                0x00000000        0x0 c:/program files (x86)/atmel/studio/7.0/toolchain/avr8/avr8-gnu-toolchain/bin/../lib/gcc/avr/5.4.0/avr5\libgcc.a(_clear_bss.o)
 .text.libgcc.fmul
                0x00000000        0x0 c:/program files (x86)/atmel/studio/7.0/toolchain/avr8/avr8-gnu-toolchain/bin/../lib/gcc/avr/5.4.0/avr5\libgcc.a(_clear_bss.o)
 .text.libgcc.fixed
                0x00000000        0x0 c:/program files (x86)/atmel/studio/7.0/toolchain/avr8/avr8-gnu-toolchain/bin/../lib/gcc/avr/5.4.0/avr5\libgcc.a(_clear_bss.o)
 .text          0x00000000        0x0 c:/program files (x86)/atmel/studio/7.0/toolchain/avr8/avr8-gnu-toolchain/bin/../lib/gcc/avr/5.4.0/avr5\libgcc.a(_ctors.o)
 .data          0x00000000        0x0 c:/program files (x86)/atmel/studio/7.0/toolchain/avr8/avr8-gnu-toolchain/bin/../lib/gcc/avr/5.4.0/avr5\libgcc.a(_ctors.o)
 .bss           0x00000000        0x0 c:/program files (x86)/atmel/studio/7.0/toolchain/avr8/avr8-gnu-toolchain/bin/../lib/gcc/avr/5.4.0/avr5\libgcc.a(_ctors.o)
 .text.libgcc.mul
                0x00000000        0x0 c:/program files (x86)/atmel/studio/7.0/toolchain/avr8/avr8-gnu-toolchain/bin/../lib/gcc/avr/5.4.0/avr5\libgcc.a(_ctors.o)
 .text.libgcc.div
                0x00000000        0x0 c:/program files (x86)/atmel/studio/7.0/toolchain/avr8/avr8-gnu-toolchain/bin/../lib/gcc/avr/5.4.0/avr5\libgcc.a(_ctors.o)
 .text.libgcc   0x00000000        0x0 c:/program files (x86)/atmel/studio/7.0/toolchain/avr8/avr8-gnu-toolchain/bin/../lib/gcc/avr/5.4.0/avr5\libgcc.a(_ctors.o)
 .text.libgcc.prologue
                0x00000000        0x0 c:/program files (x86)/atmel/studio/7.0/toolchain/avr8/avr8-gnu-toolchain/bin/../lib/gcc/avr/5.4.0/avr5\libgcc.a(_ctors.o)
 .text.libgcc.builtins
                0x00000000        0x0 c:/program files (x86)/atmel/studio/7.0/toolchain/avr8/avr8-gnu-toolchain/bin/../lib/gcc/avr/5.4.0/avr5\libgcc.a(_ctors.o)
 .text.libgcc.fmul
                0x00000000        0x0 c:/program files (x86)/atmel/studio/7.0/toolchain/avr8/avr8-gnu-toolchain/bin/../lib/gcc/avr/5.4.0/avr5\libgcc.a(_ctors.o)
 .text.libgcc.fixed
                0x00000000        0x0 c:/program files (x86)/atmel/studio/7.0/toolchain/avr8/avr8-gnu-toolchain/bin/../lib/gcc/avr/5.4.0/avr5\libgcc.a(_ctors.o)
 .text          0x00000000        0x0 c:/program files (x86)/atmel/studio/7.0/toolchain/avr8/avr8-gnu-toolchain/bin/../lib/gcc/avr/5.4.0/avr5\libgcc.a(_muluhisi3.o)
 .data          0x00000000        0x0 c:/program files (x86)/atmel/studio/7.0/toolchain/avr8/avr8-gnu-toolchain/bin/../lib/gcc/avr/5.4.0/avr5\libgcc.a(_muluhisi3.o)
 .bss           0x00000000        0x0 c:/program files (x86)/atmel/studio/7.0/toolchain/avr8/avr8-gnu-toolchain/bin/../lib/gcc/avr/5.4.0/avr5\libgcc.a(_muluhisi3.o)
 .text.libgcc.div
                0x00000000        0x0 c:/program files (x86)/atmel/studio/7.0/toolchain/avr8/avr8-gnu-toolchain/bin/../lib/gcc/avr/5.4.0/avr5\libgcc.a(_muluhisi3.o)
 .text.libgcc   0x00000000        0x0 c:/program files (x86)/atmel/studio/7.0/toolchain/avr8/avr8-gnu-toolchain/bin/../lib/gcc/avr/5.4.0/avr5\libgcc.a(_muluhisi3.o)
 .text.libgcc.prologue
                0x00000000        0x0 c:/program files (x86)/atmel/studio/7.0/toolchain/avr8/avr8-gnu-toolchain/bin/../lib/gcc/avr/5.4.0/avr5\libgcc.a(_muluhisi3.o)
 .text.libgcc.builtins
                0x00000000        0x0 c:/program files (x86)/atmel/studio/7.0/toolchain/avr8/avr8-gnu-toolchain/bin/../lib/gcc/avr/5.4.0/avr5\libgcc.a(_muluhisi3.o)
 .text.libgcc.fmul
                0x00000000        0x0 c:/program files (x86)/atmel/studio/7.0/toolchain/avr8/avr8-gnu-toolchain/bin/../lib/gcc/avr/5.4.0/avr5\libgcc.a(_muluhisi3.o)
 .text.libgcc.fixed
                0x00000000        0x0 c:/program files (x86)/atmel/studio/7.0/toolchain/avr8/avr8-gnu-toolchain/bin/../lib/gcc/avr/5.4.0/avr5\libgcc.a(_muluhisi3.o)
 .text          0x00000000        0x0 c:/program files (x86)/atmel/studio/7.0/toolchain/avr8/avr8-gnu-toolchain/bin/../lib/gcc/avr/5.4.0/avr5\libgcc.a(_tablejump2.o)
 .data          0x00000000        0x0 c:/program files (x86)/atmel/studio/7.0/toolchain/avr8/avr8-gnu-toolchain/bin/../lib/gcc/avr/5.4.0/avr5\libgcc.a(_tablejump2.o)
 .bss           0x00000000        0x0 c:/program files (x86)/atmel/studio/7.0/toolchain/avr8/avr8-gnu-toolchain/bin/../lib/gcc/avr/5.4.0/avr5\libgcc.a(_tablejump2.o)
 .text.libgcc.mul
                0x00000000        0x0 c:/program files (x86)/atmel/studio/7.0/toolchain/avr8/avr8-gnu-toolchain/bin/../lib/gcc/avr/5.4.0/avr5\libgcc.a(_tablejump2.o)
 .text.libgcc.div
                0x00000000        0x0 c:/program files (x86)/atmel/studio/7.0/toolchain/avr8/avr8-gnu-toolchain/bin/../lib/gcc/avr/5.4.0/avr5\libgcc.a(_tablejump2.o)
 .text.libgcc.prologue
                0x00000000        0x0 c:/program files (x86)/atmel/studio/7.0/toolchain/avr8/avr8-gnu-toolchain/bin/../lib/gcc/avr/5.4.0/avr5\libgcc.a(_tablejump2.o)
 .text.libgcc.builtins
                0x00000000        0x0 c:/program files (x86)/atmel/studio/7.0/toolchain/avr8/avr8-gnu-toolchain/bin/../lib/gcc/avr/5.4.0/avr5\libgcc.a(_tablejump2.o)
 .text.libgcc.fmul
                0x00000000        0x0 c:/program files (x86)/atmel/studio/7.0/toolchain/avr8/avr8-gnu-toolchain/bin/../lib/gcc/avr/5.4.0/avr5\libgcc.a(_tablejump2.o)
 .text.libgcc.fixed
                0x00000000        0x0 c:/program files (x86)/atmel/studio/7.0/toolchain/avr8/avr8-gnu-toolchain/bin/../lib/gcc/avr/5.4.0/avr5\libgcc.a(_tablejump2.o)
 .text          0x00000000        0x0 c:/program files (x86)/atmel/studio/7.0/toolchain/avr8/avr8-gnu-toolchain/bin/../lib/gcc/avr/5.4.0/avr5\libgcc.a(_umulhisi3.o)
 .data          0x00000000        0x0 c:/program files (x86)/atmel/studio/7.0/toolchain/avr8/avr8-gnu-toolchain/bin/../lib/gcc/avr/5.4.0/avr5\libgcc.a(_umulhisi3.o)
 .bss           0x00000000        0x0 c:/program files (x86)/atmel/studio/7.0/toolchain/avr8/avr8-gnu-toolchain/bin/../lib/gcc/avr/5.4.0/avr5\libgcc.a(_umulhisi3.o)
 .text.libgcc.div
                0x00000000        0x0 c:/program files (x86)/atmel/studio/7.0/toolchain/avr8/avr8-gnu-toolchain/bin/../lib/gcc/avr/5.4.0/avr5\libgcc.a(_umulhisi3.o)
 .text.libgcc   0x00000000        0x0 c:/program files (x86)/atmel/studio/7.0/toolchain/avr8/avr8-gnu-toolchain/bin/../lib/gcc/avr/5.4.0/avr5\libgcc.a(_umulhisi3.o)
 .text.libgcc.prologue
                0x00000000        0x0 c:/program files (x86)/atmel/studio/7.0/toolchain/avr8/avr8-gnu-toolchain/bin/../lib/gcc/avr/5.4.0/avr5\libgcc.a(_umulhisi3.o)
 .text.libgcc.builtins
                0x00000000        0x0 c:/program files (x86)/atmel/studio/7.0/toolchain/avr8/avr8-gnu-toolchain/bin/../lib/gcc/avr/5.4.0/avr5\libgcc.a(_umulhisi3.o)
 .text.libgcc.fmul
                0x00000000        0x0 c:/program files (x86)/atmel/studio/7.0/toolchain/avr8/avr8-gnu-toolchain/bin/../lib/gcc/avr/5.4.0/avr5\libgcc.a(_umulhisi3.o)
 .text.libgcc.fixed
                0x00000000        0x0 c:/program files (x86)/atmel/studio/7.0/toolchain/avr8/avr8-gnu-toolchain/bin/../lib/gcc/avr/5.4.0/avr5\libgcc.a(_umulhisi3.o)
 .text          0x00000000        0x0 C:/Program Files (x86)/Atmel/Studio/7.0/Packs/Atmel/ATmega_DFP/1.6.364/gcc/dev/atmega328p/avr5\libatmega328p.a(eerd_byte.o)
 .data          0x00000000        0x0 C:/Program Files (x86)/Atmel/Studio/7.0/Packs/Atmel/ATmega_DFP/1.6.364/gcc/dev/atmega328p/avr5\libatmega328p.a(eerd_byte.o)
 .bss           0x00000000        0x0 C:/Program Files (x86)/Atmel/Studio/7.0/Packs/Atmel/ATmega_DFP/1.6.364/gcc/dev/atmega328p/avr5\libatmega328p.a(eerd_byte.o)
 .text          0x00000000        0x0 C:/Program Files (x86)/Atmel/Studio/7.0/Packs/Atmel/ATmega_DFP/1.6.364/gcc/dev/atmega328p/avr5\libatmega328p.a(eerd_word.o)
 .data          0x00000000        0x0 C:/Program Files (x86)/Atmel/Studio/7.0/Packs/Atmel/ATmega_DFP/1.6.364/gcc/dev/atmega328p/avr5\libatmega328p.a(eerd_word.o)
 .bss           0x00000000        0x0 C:/Program Files (x86)/Atmel/Studio/7.0/Packs/Atmel/ATmega_DFP/1.6.364/gcc/dev/atmega328p/avr5\libatmega328p.a(eerd_word.o)
 .text          0x00000000        0x0 C:/Program Files (x86)/Atmel/Studio/7.0/Packs/Atmel/ATmega_DFP/1.6.364/gcc/dev/atmega328p/avr5\libatmega328p.a(eeupd_byte.o)
 .data          0x00000000        0x0 C:/Program Files (x86)/Atmel/Studio/7.0/Packs/Atmel/ATmega_DFP/1.6.364/gcc/dev/atmega328p/avr5\libatmega328p.a(eeupd_byte.o)
 .bss           0x00000000        0x0 C:/Program Files (x86)/Atmel/Studio/7.0/Packs/Atmel/ATmega_DFP/1.6.364/gcc/dev/atmega328p/avr5\libatmega328p.a(eeupd_byte.o)
 .text          0x00000000        0x0 C:/Program Files (x86)/Atmel/Studio/7.0/Packs/Atmel/ATmega_DFP/1.6.364/gcc/dev/atmega328p/avr5\libatmega328p.a(eeupd_word.o)
 .data          0x00000000        0x0 C:/Program Files (x86)/Atmel/Studio/7.0/Packs/Atmel/ATmega_DFP/1.6.364/gcc/dev/atmega328p/avr5\libatmega328p.a(eeupd_word.o)
 .bss           0x00000000        0x0 C:/Program Files (x86)/Atmel/Studio/7.0/Packs/Atmel/ATmega_DFP/1.6.364/gcc/dev/atmega328p/avr5\libatmega328p.a(eeupd_word.o)
 .text          0x00000000        0x0 C:/Program Files (x86)/Atmel/Studio/7.0/Packs/Atmel/ATmega_DFP/1.6.364/gcc/dev/atmega328p/avr5\libatmega328p.a(eerd_block.o)
 .data          0x00000000        0x0 C:/Program Files (x86)/Atmel/Studio/7.0/Packs/Atmel/ATmega_DFP/1.6.364/gcc/dev/atmega328p/avr5\libatmega328p.a(eerd_block.o)
 .bss           0x00000000        0x0 C:/Program Files (x86)/Atmel/Studio/7.0/Packs/Atmel/ATmega_DFP/1.6.364/gcc/dev/atmega328p/avr5\libatmega328p.a(eerd_block.o)

Memory Configuration

Name             Origin             Length             Attributes
text             0x00000000         0x00008000         xr
data             0x00800100         0x00000800         rw !x
eeprom           0x00810000         0x00000400         rw !x
fuse             0x00820000         0x00000003         rw !x
lock             0x00830000         0x00000400         rw !x
signature        0x00840000         0x00000400         rw !x
user_signatures  0x00850000         0x00000400         rw !x
*default*        0x00000000         0xffffffff

Linker script and memory map

Address of section .data set to 0x800100
LOAD C:/Program Files (x86)/Atmel/Studio/7.0/Packs/Atmel/ATmega_DFP/1.6.364/gcc/dev/atmega328p/avr5/crtatmega328p.o
LOAD main.o
LOAD src/core/Font.o
LOAD src/core/Frame.o
LOAD src/core/Game.o
LOAD src/core/Object.o
LOAD src/core/Player.o
LOAD src/modules/MCU.o
LOAD src/modules/SW.o
LOAD src/modules/TFT.o
START GROUP
LOAD c:/program files (x86)/atmel/studio/7.0/toolchain/avr8/avr8-gnu-toolchain/bin/../lib/gcc/avr/5.4.0/../../../../avr/lib/avr5\libm.a
END GROUP
LOAD c:/program files (x86)/atmel/studio/7.0/toolchain/avr8/avr8-gnu-toolchain/bin/../lib/gcc/avr/5.4.0/avr5\libgcc.a
LOAD c:/program files (x86)/atmel/studio/7.0/toolchain/avr8/avr8-gnu-toolchain/bin/../lib/gcc/avr/5.4.0/../../../../avr/lib/avr5\libm.a
START GROUP
LOAD c:/program files (x86)/atmel/studio/7.0/toolchain/avr8/avr8-gnu-toolchain/bin/../lib/gcc/avr/5.4.0/avr5\libgcc.a
LOAD c:/program files (x86)/atmel/studio/7.0/toolchain/avr8/avr8-gnu-toolchain/bin/../lib/gcc/avr/5.4.0/../../../../avr/lib/avr5\libm.a
LOAD c:/program files (x86)/atmel/studio/7.0/toolchain/avr8/avr8-gnu-toolchain/bin/../lib/gcc/avr/5.4.0/../../../../avr/lib/avr5\libc.a
LOAD C:/Program Files (x86)/Atmel/Studio/7.0/Packs/Atmel/ATmega_DFP/1.6.364/gcc/dev/atmega328p/avr5\libatmega328p.a
END GROUP
                0x00000000                __TEXT_REGION_ORIGIN__ = DEFINED (__TEXT_REGION_ORIGIN__)?__TEXT_REGION_ORIGIN__:0x0
                [0x00800100]                __DATA_REGION_ORIGIN__ = DEFINED (__DATA_REGION_ORIGIN__)?__DATA_REGION_ORIGIN__:0x800060
                [0x00008000]                __TEXT_REGION_LENGTH__ = DEFINED (__TEXT_REGION_LENGTH__)?__TEXT_REGION_LENGTH__:0x20000
                [0x00000800]                __DATA_REGION_LENGTH__ = DEFINED (__DATA_REGION_LENGTH__)?__DATA_REGION_LENGTH__:0xffa0
                [0x00000400]                __EEPROM_REGION_LENGTH__ = DEFINED (__EEPROM_REGION_LENGTH__)?__EEPROM_REGION_LENGTH__:0x10000
                [0x00000003]                __FUSE_REGION_LENGTH__ = DEFINED (__FUSE_REGION_LENGTH__)?__FUSE_REGION_LENGTH__:0x400
                0x00000400                __LOCK_REGION_LENGTH__ = DEFINED (__LOCK_REGION_LENGTH__)?__LOCK_REGION_LENGTH__:0x400
                0x00000400                __SIGNATURE_REGION_LENGTH__ = DEFINED (__SIGNATURE_REGION_LENGTH__)?__SIGNATURE_REGION_LENGTH__:0x400
                0x00000400                __USER_SIGNATURE_REGION_LENGTH__ = DEFINED (__USER_SIGNATURE_REGION_LENGTH__)?__USER_SIGNATURE_REGION_LENGTH__:0x400

.hash
 *(.hash)

.dynsym
 *(.dynsym)

.dynstr
 *(.dynstr)

.gnu.version
 *(.gnu.version)

.gnu.version_d
 *(.gnu.version_d)

.gnu.version_r
 *(.gnu.version_r)

.rel.init
 *(.rel.init)

.rela.init
 *(.rela.init)

.rel.text
 *(.rel.text)
 *(.rel.text.*)
 *(.rel.gnu.linkonce.t*)

.rela.text
 *(.rela.text)
 *(.rela.text.*)
 *(.rela.gnu.linkonce.t*)

.rel.fini
 *(.rel.fini)

.rela.fini
 *(.rela.fini)

.rel.rodata
 *(.rel.rodata)
 *(.rel.rodata.*)
 *(.rel.gnu.linkonce.r*)

.rela.rodata
 *(.rela.rodata)
 *(.rela.rodata.*)
 *(.rela.gnu.linkonce.r*)

.rel.data
 *(.rel.data)
 *(.rel.data.*)
 *(.rel.gnu.linkonce.d*)

.rela.data
 *(.rela.data)
 *(.rela.data.*)
 *(.rela.gnu.linkonce.d*)

.rel.ctors
 *(.rel.ctors)

.rela.ctors
 *(.rela.ctors)

.rel.dtors
 *(.rel.dtors)

.rela.dtors
 *(.rela.dtors)

.rel.got
 *(.rel.got)

.rela.got
 *(.rela.got)

.rel.bss
 *(.rel.bss)

.rela.bss
 *(.rela.bss)

.rel.plt
 *(.rel.plt)

.rela.plt
 *(.rela.plt)

.text           0x00000000     0x5e08
 *(.vectors)
 .vectors       0x00000000       0x68 C:/Program Files (x86)/Atmel/Studio/7.0/Packs/Atmel/ATmega_DFP/1.6.364/gcc/dev/atmega328p/avr5/crtatmega328p.o
                0x00000000                __vector_default
                0x00000000                __vectors
 *(.vectors)
 *(.progmem.gcc*)
                0x00000068                . = ALIGN (0x2)
                0x00000068                __trampolines_start = .
 *(.trampolines)
 .trampolines   0x00000068        0x0 linker stubs
 *(.trampolines*)
                0x00000068                __trampolines_end = .
 *libprintf_flt.a:*(.progmem.data)
 *libc.a:*(.progmem.data)
 *(.progmem*)
 .progmem.data._ZL9charStand
                0x00000068       0x64 src/core/Game.o
 .progmem.data._ZL7bigStar
                0x000000cc        0x5 src/core/Game.o
 .progmem.data._ZL10smallStar1
                0x000000d1        0x5 src/core/Game.o
 .progmem.data._ZL10smallStar0
                0x000000d6        0x5 src/core/Game.o
 .progmem.data._ZL8moonTile
                0x000000db       0x20 src/core/Game.o
 .progmem.data._ZL10creditMenu
                0x000000fb      0x1fe src/core/Game.o
 .progmem.data._ZL9titleMenu
                0x000002f9     0x1180 src/core/Game.o
 .progmem.data._ZL9logoAtmel
                0x00001479      0x720 src/core/Game.o
 .progmem.data._ZL10groundTile
                0x00001b99       0xc0 src/core/Game.o
 .progmem.data._ZL9fontASCII
                0x00001c59      0x300 src/core/Game.o
 .progmem.data._ZL11presentTile
                0x00001f59       0x10 src/core/Object.o
 .progmem.data._ZL8fireTile
                0x00001f69       0x10 src/core/Object.o
 .progmem.data._ZL8bombTile
                0x00001f79       0x10 src/core/Object.o
 .progmem.data._ZL8ballTile
                0x00001f89       0x10 src/core/Object.o
 .progmem.data._ZL6charUp
                0x00001f99      0x190 src/core/Player.o
 .progmem.data._ZL7charRun
                0x00002129      0x258 src/core/Player.o
 .progmem.data._ZL8charDown
                0x00002381      0x1e0 src/core/Player.o
                0x00002562                . = ALIGN (0x2)
 *fill*         0x00002561        0x1 
 *(.jumptables)
 *(.jumptables*)
 *(.lowtext)
 *(.lowtext*)
                0x00002562                __ctors_start = .
 *(.ctors)
 .ctors         0x00002562        0x2 main.o
                0x00002564                __ctors_end = .
                0x00002564                __dtors_start = .
 *(.dtors)
                0x00002564                __dtors_end = .
 SORT(*)(.ctors)
 SORT(*)(.dtors)
 *(.init0)
 .init0         0x00002564        0x0 C:/Program Files (x86)/Atmel/Studio/7.0/Packs/Atmel/ATmega_DFP/1.6.364/gcc/dev/atmega328p/avr5/crtatmega328p.o
                0x00002564                __init
 *(.init0)
 *(.init1)
 *(.init1)
 *(.init2)
 .init2         0x00002564        0xc C:/Program Files (x86)/Atmel/Studio/7.0/Packs/Atmel/ATmega_DFP/1.6.364/gcc/dev/atmega328p/avr5/crtatmega328p.o
 *(.init2)
 *(.init3)
 *(.init3)
 *(.init4)
 .init4         0x00002570       0x16 c:/program files (x86)/atmel/studio/7.0/toolchain/avr8/avr8-gnu-toolchain/bin/../lib/gcc/avr/5.4.0/avr5\libgcc.a(_copy_data.o)
                0x00002570                __do_copy_data
 .init4         0x00002586       0x10 c:/program files (x86)/atmel/studio/7.0/toolchain/avr8/avr8-gnu-toolchain/bin/../lib/gcc/avr/5.4.0/avr5\libgcc.a(_clear_bss.o)
                0x00002586                __do_clear_bss
 *(.init4)
 *(.init5)
 *(.init5)
 *(.init6)
 .init6         0x00002596       0x16 c:/program files (x86)/atmel/studio/7.0/toolchain/avr8/avr8-gnu-toolchain/bin/../lib/gcc/avr/5.4.0/avr5\libgcc.a(_ctors.o)
                0x00002596                __do_global_ctors
 *(.init6)
 *(.init7)
 *(.init7)
 *(.init8)
 *(.init8)
 *(.init9)
 .init9         0x000025ac        0x8 C:/Program Files (x86)/Atmel/Studio/7.0/Packs/Atmel/ATmega_DFP/1.6.364/gcc/dev/atmega328p/avr5/crtatmega328p.o
 *(.init9)
 *(.text)
 .text          0x000025b4        0x4 C:/Program Files (x86)/Atmel/Studio/7.0/Packs/Atmel/ATmega_DFP/1.6.364/gcc/dev/atmega328p/avr5/crtatmega328p.o
                0x000025b4                __vector_22
                0x000025b4                __vector_24
                0x000025b4                __vector_12
                0x000025b4                __bad_interrupt
                0x000025b4                __vector_6
                0x000025b4                __vector_3
                0x000025b4                __vector_23
                0x000025b4                __vector_25
                0x000025b4                __vector_11
                0x000025b4                __vector_13
                0x000025b4                __vector_17
                0x000025b4                __vector_19
                0x000025b4                __vector_5
                0x000025b4                __vector_4
                0x000025b4                __vector_9
                0x000025b4                __vector_21
                0x000025b4                __vector_15
                0x000025b4                __vector_8
                0x000025b4                __vector_14
                0x000025b4                __vector_10
                0x000025b4                __vector_18
                0x000025b4                __vector_20
                0x000025b8                . = ALIGN (0x2)
 *(.text.*)
 .text.main     0x000025b8       0x58 main.o
                0x000025b8                main
 .text.__vector_16
                0x00002610       0x9e main.o
                0x00002610                __vector_16
 .text.__vector_7
                0x000026ae       0x4a main.o
                0x000026ae                __vector_7
 .text.__vector_1
                0x000026f8       0x1e main.o
                0x000026f8                __vector_1
 .text.__vector_2
                0x00002716       0x1e main.o
                0x00002716                __vector_2
 .text._GLOBAL__sub_I_game
                0x00002734       0x18 main.o
 .text._ZN4Font11printLetterEiih
                0x0000274c       0xf2 src/core/Font.o
                0x0000274c                _ZN4Font11printLetterEiih
 .text._ZN4Font5printEiiPKc
                0x0000283e       0x4c src/core/Font.o
                0x0000283e                _ZN4Font5printEiiPKc
 .text._ZN4Font5printEiim
                0x0000288a      0x14e src/core/Font.o
                0x0000288a                _ZN4Font5printEiim
 .text._ZN5Frame6updateEv
                0x000029d8      0x118 src/core/Frame.o
                0x000029d8                _ZN5Frame6updateEv
 .text._ZN5Frame4initEv
                0x00002af0       0x42 src/core/Frame.o
                0x00002af0                _ZN5Frame4initEv
 .text._ZN4Game9titleLoopEv
                0x00002b32      0x824 src/core/Game.o
                0x00002b32                _ZN4Game9titleLoopEv
 .text._ZN4Game9startLoopEv
                0x00003356      0xa08 src/core/Game.o
                0x00003356                _ZN4Game9startLoopEv
 .text._ZN4Game7endLoopEv
                0x00003d5e      0x370 src/core/Game.o
                0x00003d5e                _ZN4Game7endLoopEv
 .text._ZN4Game5startEv
                0x000040ce      0x194 src/core/Game.o
                0x000040ce                _ZN4Game5startEv
 .text._ZN4Game3endEv
                0x00004262      0x3de src/core/Game.o
                0x00004262                _ZN4Game3endEv
 .text._ZN4Game10resetScoreEv
                0x00004640      0x110 src/core/Game.o
                0x00004640                _ZN4Game10resetScoreEv
 .text._ZN4Game9readScoreEv
                0x00004750      0x11a src/core/Game.o
                0x00004750                _ZN4Game9readScoreEv
 .text._ZN4Game5titleEv
                0x0000486a      0x160 src/core/Game.o
                0x0000486a                _ZN4Game5titleEv
 .text._ZN6Object4ballEv
                0x000049ca       0xd4 src/core/Object.o
                0x000049ca                _ZN6Object4ballEv
 .text._ZN6Object4bombEv
                0x00004a9e      0x13a src/core/Object.o
                0x00004a9e                _ZN6Object4bombEv
 .text._ZN6Object7presentEv
                0x00004bd8       0xd6 src/core/Object.o
                0x00004bd8                _ZN6Object7presentEv
 .text._ZN6Object9rollBlockEv
                0x00004cae       0x94 src/core/Object.o
                0x00004cae                _ZN6Object9rollBlockEv
 .text._ZN6Object14rollBackgroundEv
                0x00004d42       0xdc src/core/Object.o
                0x00004d42                _ZN6Object14rollBackgroundEv
 .text._ZN6Object4initEv
                0x00004e1e       0x82 src/core/Object.o
                0x00004e1e                _ZN6Object4initEv
 .text._ZN6Object5startEv
                0x00004ea0       0x32 src/core/Object.o
                0x00004ea0                _ZN6Object5startEv
 .text._ZN6Object11clearObjectEv
                0x00004ed2       0x6a src/core/Object.o
                0x00004ed2                _ZN6Object11clearObjectEv
 .text._ZN6Player7runningEv
                0x00004f3c       0xda src/core/Player.o
                0x00004f3c                _ZN6Player7runningEv
 .text._ZN6Player7jumpingEv
                0x00005016      0x1ea src/core/Player.o
                0x00005016                _ZN6Player7jumpingEv
 .text._ZN6Player4initEv
                0x00005200       0x3a src/core/Player.o
                0x00005200                _ZN6Player4initEv
 .text._ZN6Player5startEv
                0x0000523a       0x3e src/core/Player.o
                0x0000523a                _ZN6Player5startEv
 .text._ZN3MCU7Setting8beginPinEaa
                0x00005278       0x5a src/modules/MCU.o
                0x00005278                _ZN3MCU7Setting8beginPinEaa
 .text._ZN3MCU7Setting9beginPortEab
                0x000052d2       0x20 src/modules/MCU.o
                0x000052d2                _ZN3MCU7Setting9beginPortEab
 .text._ZN3MCU7Setting8beginINTEaa
                0x000052f2       0x36 src/modules/MCU.o
                0x000052f2                _ZN3MCU7Setting8beginINTEaa
 .text._ZN3MCU7Setting10beginTimerEab
                0x00005328       0xac src/modules/MCU.o
                0x00005328                _ZN3MCU7Setting10beginTimerEab
 .text._ZN3MCU7Setting8beginSPIEv
                0x000053d4        0xa src/modules/MCU.o
                0x000053d4                _ZN3MCU7Setting8beginSPIEv
 .text._ZN2SW6updateEv
                0x000053de       0x22 src/modules/SW.o
                0x000053de                _ZN2SW6updateEv
 .text._ZN2SW4initEv
                0x00005400       0x22 src/modules/SW.o
                0x00005400                _ZN2SW4initEv
 .text._ZN3SPI7sendBitEh
                0x00005422        0xa src/modules/TFT.o
                0x00005422                _ZN3SPI7sendBitEh
 .text._ZN3SPI13exportCommandEh
                0x0000542c        0xc src/modules/TFT.o
                0x0000542c                _ZN3SPI13exportCommandEh
 .text._ZN3SPI10exportDataEh
                0x00005438        0xc src/modules/TFT.o
                0x00005438                _ZN3SPI10exportDataEh
 .text._ZN3SPI14exportLongDataEj
                0x00005444       0x26 src/modules/TFT.o
                0x00005444                _ZN3SPI14exportLongDataEj
 .text._ZN3TFT5beginEv
                0x0000546a       0xaa src/modules/TFT.o
                0x0000546a                _ZN3TFT5beginEv
 .text._ZN3TFT11setRotationEa
                0x00005514       0x50 src/modules/TFT.o
                0x00005514                _ZN3TFT11setRotationEa
 .text._ZN3TFT10setAddressEiiii
                0x00005564       0x68 src/modules/TFT.o
                0x00005564                _ZN3TFT10setAddressEiiii
 .text._ZN3TFT10fillScreenEj
                0x000055cc       0x8a src/modules/TFT.o
                0x000055cc                _ZN3TFT10fillScreenEj
 .text._ZN3TFT5clearEiiiij
                0x00005656       0x72 src/modules/TFT.o
                0x00005656                _ZN3TFT5clearEiiiij
 .text._ZN3TFT4drawEiiiiPKhjj
                0x000056c8      0x154 src/modules/TFT.o
                0x000056c8                _ZN3TFT4drawEiiiiPKhjj
 .text._ZN3TFT4drawEiiiiPKhjjjj
                0x0000581c      0x1a4 src/modules/TFT.o
                0x0000581c                _ZN3TFT4drawEiiiiPKhjjjj
 .text._ZN3TFT4drawEiiiiPA100_Khajjjj
                0x000059c0      0x1aa src/modules/TFT.o
                0x000059c0                _ZN3TFT4drawEiiiiPA100_Khajjjj
 .text._ZN3TFT4drawEiiiiPA120_Khajjjj
                0x00005b6a      0x1aa src/modules/TFT.o
                0x00005b6a                _ZN3TFT4drawEiiiiPA120_Khajjjj
 .text.libgcc.div
                0x00005d14       0x44 c:/program files (x86)/atmel/studio/7.0/toolchain/avr8/avr8-gnu-toolchain/bin/../lib/gcc/avr/5.4.0/avr5\libgcc.a(_udivmodsi4.o)
                0x00005d14                __udivmodsi4
 .text.libgcc.mul
                0x00005d58       0x16 c:/program files (x86)/atmel/studio/7.0/toolchain/avr8/avr8-gnu-toolchain/bin/../lib/gcc/avr/5.4.0/avr5\libgcc.a(_muluhisi3.o)
                0x00005d58                __muluhisi3
 .text.libgcc   0x00005d6e        0xc c:/program files (x86)/atmel/studio/7.0/toolchain/avr8/avr8-gnu-toolchain/bin/../lib/gcc/avr/5.4.0/avr5\libgcc.a(_tablejump2.o)
                0x00005d6e                __tablejump2__
 .text.libgcc.mul
                0x00005d7a       0x1e c:/program files (x86)/atmel/studio/7.0/toolchain/avr8/avr8-gnu-toolchain/bin/../lib/gcc/avr/5.4.0/avr5\libgcc.a(_umulhisi3.o)
                0x00005d7a                __umulhisi3
 .text.avr-libc
                0x00005d98       0x10 C:/Program Files (x86)/Atmel/Studio/7.0/Packs/Atmel/ATmega_DFP/1.6.364/gcc/dev/atmega328p/avr5\libatmega328p.a(eerd_byte.o)
                0x00005d98                eeprom_read_byte
 .text.avr-libc
                0x00005da8        0xc C:/Program Files (x86)/Atmel/Studio/7.0/Packs/Atmel/ATmega_DFP/1.6.364/gcc/dev/atmega328p/avr5\libatmega328p.a(eerd_word.o)
                0x00005da8                eeprom_read_word
 .text.avr-libc
                0x00005db4       0x24 C:/Program Files (x86)/Atmel/Studio/7.0/Packs/Atmel/ATmega_DFP/1.6.364/gcc/dev/atmega328p/avr5\libatmega328p.a(eeupd_byte.o)
                0x00005db4                eeprom_update_byte
                0x00005db6                eeprom_update_r18
 .text.avr-libc
                0x00005dd8        0xc C:/Program Files (x86)/Atmel/Studio/7.0/Packs/Atmel/ATmega_DFP/1.6.364/gcc/dev/atmega328p/avr5\libatmega328p.a(eeupd_word.o)
                0x00005dd8                eeprom_update_word
 .text.avr-libc
                0x00005de4       0x20 C:/Program Files (x86)/Atmel/Studio/7.0/Packs/Atmel/ATmega_DFP/1.6.364/gcc/dev/atmega328p/avr5\libatmega328p.a(eerd_block.o)
                0x00005de4                eeprom_read_block
                0x00005de8                eeprom_read_blraw
                0x00005e04                . = ALIGN (0x2)
 *(.fini9)
 .fini9         0x00005e04        0x0 c:/program files (x86)/atmel/studio/7.0/toolchain/avr8/avr8-gnu-toolchain/bin/../lib/gcc/avr/5.4.0/avr5\libgcc.a(_exit.o)
                0x00005e04                _exit
                0x00005e04                exit
 *(.fini9)
 *(.fini8)
 *(.fini8)
 *(.fini7)
 *(.fini7)
 *(.fini6)
 *(.fini6)
 *(.fini5)
 *(.fini5)
 *(.fini4)
 *(.fini4)
 *(.fini3)
 *(.fini3)
 *(.fini2)
 *(.fini2)
 *(.fini1)
 *(.fini1)
 *(.fini0)
 .fini0         0x00005e04        0x4 c:/program files (x86)/atmel/studio/7.0/toolchain/avr8/avr8-gnu-toolchain/bin/../lib/gcc/avr/5.4.0/avr5\libgcc.a(_exit.o)
 *(.fini0)
                0x00005e08                _etext = .

.data           0x00800100       0xf8 load address 0x00005e08
                0x00800100                PROVIDE (__data_start, .)
 *(.data)
 *(.data*)
 .data._ZN5Frame12sixteenBeatsE
                0x00800100        0x1 src/core/Frame.o
                0x00800100                _ZN5Frame12sixteenBeatsE
 *(.gnu.linkonce.d*)
 *(.rodata)
 *(.rodata*)
 .rodata.str1.1
                0x00800101       0xf6 src/core/Game.o
                                 0xfe (size before relaxing)
 *(.gnu.linkonce.r*)
                0x008001f8                . = ALIGN (0x2)
 *fill*         0x008001f7        0x1 
                0x008001f8                _edata = .
                0x008001f8                PROVIDE (__data_end, .)

.bss            0x008001f8       0x5a
                0x008001f8                PROVIDE (__bss_start, .)
 *(.bss)
 *(.bss*)
 .bss.game      0x008001f8       0x39 main.o
                0x008001f8                game
 .bss._ZN5Frame9sixFramesE
                0x00800231        0x1 src/core/Frame.o
                0x00800231                _ZN5Frame9sixFramesE
 .bss._ZN5Frame10fourFramesE
                0x00800232        0x1 src/core/Frame.o
                0x00800232                _ZN5Frame10fourFramesE
 .bss._ZN5Frame11secondFrameE
                0x00800233        0x1 src/core/Frame.o
                0x00800233                _ZN5Frame11secondFrameE
 .bss._ZN5Frame7oneTickE
                0x00800234        0x1 src/core/Frame.o
                0x00800234                _ZN5Frame7oneTickE
 .bss._ZN5Frame8pastBeatE
                0x00800235        0x4 src/core/Frame.o
                0x00800235                _ZN5Frame8pastBeatE
 .bss._ZN5Frame9pastFrameE
                0x00800239        0x4 src/core/Frame.o
                0x00800239                _ZN5Frame9pastFrameE
 .bss._ZN5Frame8pastTickE
                0x0080023d        0x4 src/core/Frame.o
                0x0080023d                _ZN5Frame8pastTickE
 .bss._ZN5Frame11presentTimeE
                0x00800241        0x4 src/core/Frame.o
                0x00800241                _ZN5Frame11presentTimeE
 .bss._ZN5Frame9scoreTimeE
                0x00800245        0x2 src/core/Frame.o
                0x00800245                _ZN5Frame9scoreTimeE
 .bss._ZN2SW6selectE
                0x00800247        0x1 src/modules/SW.o
                0x00800247                _ZN2SW6selectE
 .bss._ZN2SW5startE
                0x00800248        0x1 src/modules/SW.o
                0x00800248                _ZN2SW5startE
 .bss._ZN2SW5rightE
                0x00800249        0x1 src/modules/SW.o
                0x00800249                _ZN2SW5rightE
 .bss._ZN2SW4leftE
                0x0080024a        0x1 src/modules/SW.o
                0x0080024a                _ZN2SW4leftE
 .bss._ZN2SW4downE
                0x0080024b        0x1 src/modules/SW.o
                0x0080024b                _ZN2SW4downE
 .bss._ZN2SW2upE
                0x0080024c        0x1 src/modules/SW.o
                0x0080024c                _ZN2SW2upE
 .bss._ZN2SW10interrupt1E
                0x0080024d        0x1 src/modules/SW.o
                0x0080024d                _ZN2SW10interrupt1E
 .bss._ZN2SW10interrupt0E
                0x0080024e        0x1 src/modules/SW.o
                0x0080024e                _ZN2SW10interrupt0E
 .bss._ZN2SW7oldDataE
                0x0080024f        0x1 src/modules/SW.o
                0x0080024f                _ZN2SW7oldDataE
 .bss._ZN2SW7newDataE
                0x00800250        0x1 src/modules/SW.o
                0x00800250                _ZN2SW7newDataE
 .bss._ZN2SW6resultE
                0x00800251        0x1 src/modules/SW.o
                0x00800251                _ZN2SW6resultE
 *(COMMON)
                0x00800252                PROVIDE (__bss_end, .)
                0x00005e08                __data_load_start = LOADADDR (.data)
                0x00005f00                __data_load_end = (__data_load_start + SIZEOF (.data))

.noinit         0x00800252        0x0
                [!provide]                PROVIDE (__noinit_start, .)
 *(.noinit*)
                [!provide]                PROVIDE (__noinit_end, .)
                0x00800252                _end = .
                [!provide]                PROVIDE (__heap_start, .)

.eeprom         0x00810000        0x0
 *(.eeprom*)
                0x00810000                __eeprom_end = .

.fuse
 *(.fuse)
 *(.lfuse)
 *(.hfuse)
 *(.efuse)

.lock
 *(.lock*)

.signature
 *(.signature*)

.user_signatures
 *(.user_signatures*)

.stab
 *(.stab)

.stabstr
 *(.stabstr)

.stab.excl
 *(.stab.excl)

.stab.exclstr
 *(.stab.exclstr)

.stab.index
 *(.stab.index)

.stab.indexstr
 *(.stab.indexstr)

.comment        0x00000000       0x30
 *(.comment)
 .comment       0x00000000       0x30 main.o
                                 0x31 (size before relaxing)
 .comment       0x00000030       0x31 src/core/Font.o
 .comment       0x00000030       0x31 src/core/Frame.o
 .comment       0x00000030       0x31 src/core/Game.o
 .comment       0x00000030       0x31 src/core/Object.o
 .comment       0x00000030       0x31 src/core/Player.o
 .comment       0x00000030       0x31 src/modules/MCU.o
 .comment       0x00000030       0x31 src/modules/SW.o
 .comment       0x00000030       0x31 src/modules/TFT.o

.note.gnu.avr.deviceinfo
                0x00000000       0x40
 .note.gnu.avr.deviceinfo
                0x00000000       0x40 C:/Program Files (x86)/Atmel/Studio/7.0/Packs/Atmel/ATmega_DFP/1.6.364/gcc/dev/atmega328p/avr5/crtatmega328p.o

.note.gnu.build-id
 *(.note.gnu.build-id)

.debug
 *(.debug)

.line
 *(.line)

.debug_srcinfo
 *(.debug_srcinfo)

.debug_sfnames
 *(.debug_sfnames)

.debug_aranges  0x00000000      0x348
 *(.debug_aranges)
 .debug_aranges
                0x00000000       0x50 main.o
 .debug_aranges
                0x00000050       0x30 src/core/Font.o
 .debug_aranges
                0x00000080       0x28 src/core/Frame.o
 .debug_aranges
                0x000000a8       0x58 src/core/Game.o
 .debug_aranges
                0x00000100       0x58 src/core/Object.o
 .debug_aranges
                0x00000158       0x38 src/core/Player.o
 .debug_aranges
                0x00000190       0x68 src/modules/MCU.o
 .debug_aranges
                0x000001f8       0x28 src/modules/SW.o
 .debug_aranges
                0x00000220       0x88 src/modules/TFT.o
 .debug_aranges
                0x000002a8       0x20 C:/Program Files (x86)/Atmel/Studio/7.0/Packs/Atmel/ATmega_DFP/1.6.364/gcc/dev/atmega328p/avr5\libatmega328p.a(eerd_byte.o)
 .debug_aranges
                0x000002c8       0x20 C:/Program Files (x86)/Atmel/Studio/7.0/Packs/Atmel/ATmega_DFP/1.6.364/gcc/dev/atmega328p/avr5\libatmega328p.a(eerd_word.o)
 .debug_aranges
                0x000002e8       0x20 C:/Program Files (x86)/Atmel/Studio/7.0/Packs/Atmel/ATmega_DFP/1.6.364/gcc/dev/atmega328p/avr5\libatmega328p.a(eeupd_byte.o)
 .debug_aranges
                0x00000308       0x20 C:/Program Files (x86)/Atmel/Studio/7.0/Packs/Atmel/ATmega_DFP/1.6.364/gcc/dev/atmega328p/avr5\libatmega328p.a(eeupd_word.o)
 .debug_aranges
                0x00000328       0x20 C:/Program Files (x86)/Atmel/Studio/7.0/Packs/Atmel/ATmega_DFP/1.6.364/gcc/dev/atmega328p/avr5\libatmega328p.a(eerd_block.o)

.debug_pubnames
 *(.debug_pubnames)

.debug_info     0x00000000     0xd751
 *(.debug_info .gnu.linkonce.wi.*)
 .debug_info    0x00000000      0x5f4 C:/Program Files (x86)/Atmel/Studio/7.0/Packs/Atmel/ATmega_DFP/1.6.364/gcc/dev/atmega328p/avr5/crtatmega328p.o
 .debug_info    0x000005f4     0x3533 main.o
 .debug_info    0x00003b27      0x89c src/core/Font.o
 .debug_info    0x000043c3      0x260 src/core/Frame.o
 .debug_info    0x00004623     0x59eb src/core/Game.o
 .debug_info    0x0000a00e      0xde9 src/core/Object.o
 .debug_info    0x0000adf7      0xa02 src/core/Player.o
 .debug_info    0x0000b7f9      0x3c2 src/modules/MCU.o
 .debug_info    0x0000bbbb      0x253 src/modules/SW.o
 .debug_info    0x0000be0e     0x163e src/modules/TFT.o
 .debug_info    0x0000d44c       0x9a C:/Program Files (x86)/Atmel/Studio/7.0/Packs/Atmel/ATmega_DFP/1.6.364/gcc/dev/atmega328p/avr5\libatmega328p.a(eerd_byte.o)
 .debug_info    0x0000d4e6       0x9a C:/Program Files (x86)/Atmel/Studio/7.0/Packs/Atmel/ATmega_DFP/1.6.364/gcc/dev/atmega328p/avr5\libatmega328p.a(eerd_word.o)
 .debug_info    0x0000d580       0x9b C:/Program Files (x86)/Atmel/Studio/7.0/Packs/Atmel/ATmega_DFP/1.6.364/gcc/dev/atmega328p/avr5\libatmega328p.a(eeupd_byte.o)
 .debug_info    0x0000d61b       0x9b C:/Program Files (x86)/Atmel/Studio/7.0/Packs/Atmel/ATmega_DFP/1.6.364/gcc/dev/atmega328p/avr5\libatmega328p.a(eeupd_word.o)
 .debug_info    0x0000d6b6       0x9b C:/Program Files (x86)/Atmel/Studio/7.0/Packs/Atmel/ATmega_DFP/1.6.364/gcc/dev/atmega328p/avr5\libatmega328p.a(eerd_block.o)

.debug_abbrev   0x00000000     0x1667
 *(.debug_abbrev)
 .debug_abbrev  0x00000000      0x5a2 C:/Program Files (x86)/Atmel/Studio/7.0/Packs/Atmel/ATmega_DFP/1.6.364/gcc/dev/atmega328p/avr5/crtatmega328p.o
 .debug_abbrev  0x000005a2      0x2c6 main.o
 .debug_abbrev  0x00000868      0x181 src/core/Font.o
 .debug_abbrev  0x000009e9       0xb7 src/core/Frame.o
 .debug_abbrev  0x00000aa0      0x33d src/core/Game.o
 .debug_abbrev  0x00000ddd      0x190 src/core/Object.o
 .debug_abbrev  0x00000f6d      0x1a6 src/core/Player.o
 .debug_abbrev  0x00001113      0x1bf src/modules/MCU.o
 .debug_abbrev  0x000012d2       0xcf src/modules/SW.o
 .debug_abbrev  0x000013a1      0x262 src/modules/TFT.o
 .debug_abbrev  0x00001603       0x14 C:/Program Files (x86)/Atmel/Studio/7.0/Packs/Atmel/ATmega_DFP/1.6.364/gcc/dev/atmega328p/avr5\libatmega328p.a(eerd_byte.o)
 .debug_abbrev  0x00001617       0x14 C:/Program Files (x86)/Atmel/Studio/7.0/Packs/Atmel/ATmega_DFP/1.6.364/gcc/dev/atmega328p/avr5\libatmega328p.a(eerd_word.o)
 .debug_abbrev  0x0000162b       0x14 C:/Program Files (x86)/Atmel/Studio/7.0/Packs/Atmel/ATmega_DFP/1.6.364/gcc/dev/atmega328p/avr5\libatmega328p.a(eeupd_byte.o)
 .debug_abbrev  0x0000163f       0x14 C:/Program Files (x86)/Atmel/Studio/7.0/Packs/Atmel/ATmega_DFP/1.6.364/gcc/dev/atmega328p/avr5\libatmega328p.a(eeupd_word.o)
 .debug_abbrev  0x00001653       0x14 C:/Program Files (x86)/Atmel/Studio/7.0/Packs/Atmel/ATmega_DFP/1.6.364/gcc/dev/atmega328p/avr5\libatmega328p.a(eerd_block.o)

.debug_line     0x00000000     0x2e32
 *(.debug_line .debug_line.* .debug_line_end)
 .debug_line    0x00000000      0x134 C:/Program Files (x86)/Atmel/Studio/7.0/Packs/Atmel/ATmega_DFP/1.6.364/gcc/dev/atmega328p/avr5/crtatmega328p.o
 .debug_line    0x00000134      0x2f3 main.o
 .debug_line    0x00000427      0x1dc src/core/Font.o
 .debug_line    0x00000603      0x165 src/core/Frame.o
 .debug_line    0x00000768     0x119a src/core/Game.o
 .debug_line    0x00001902      0x397 src/core/Object.o
 .debug_line    0x00001c99      0x2cc src/core/Player.o
 .debug_line    0x00001f65      0x4c7 src/modules/MCU.o
 .debug_line    0x0000242c      0x101 src/modules/SW.o
 .debug_line    0x0000252d      0x661 src/modules/TFT.o
 .debug_line    0x00002b8e       0x7a C:/Program Files (x86)/Atmel/Studio/7.0/Packs/Atmel/ATmega_DFP/1.6.364/gcc/dev/atmega328p/avr5\libatmega328p.a(eerd_byte.o)
 .debug_line    0x00002c08       0x67 C:/Program Files (x86)/Atmel/Studio/7.0/Packs/Atmel/ATmega_DFP/1.6.364/gcc/dev/atmega328p/avr5\libatmega328p.a(eerd_word.o)
 .debug_line    0x00002c6f       0xb6 C:/Program Files (x86)/Atmel/Studio/7.0/Packs/Atmel/ATmega_DFP/1.6.364/gcc/dev/atmega328p/avr5\libatmega328p.a(eeupd_byte.o)
 .debug_line    0x00002d25       0x62 C:/Program Files (x86)/Atmel/Studio/7.0/Packs/Atmel/ATmega_DFP/1.6.364/gcc/dev/atmega328p/avr5\libatmega328p.a(eeupd_word.o)
 .debug_line    0x00002d87       0xab C:/Program Files (x86)/Atmel/Studio/7.0/Packs/Atmel/ATmega_DFP/1.6.364/gcc/dev/atmega328p/avr5\libatmega328p.a(eerd_block.o)

.debug_frame    0x00000000      0xc7c
 *(.debug_frame)
 .debug_frame   0x00000000      0x10c main.o
 .debug_frame   0x0000010c      0x108 src/core/Font.o
 .debug_frame   0x00000214       0x34 src/core/Frame.o
 .debug_frame   0x00000248      0x288 src/core/Game.o
 .debug_frame   0x000004d0      0x214 src/core/Object.o
 .debug_frame   0x000006e4      0x15c src/core/Player.o
 .debug_frame   0x00000840       0xb4 src/modules/MCU.o
 .debug_frame   0x000008f4       0x34 src/modules/SW.o
 .debug_frame   0x00000928      0x354 src/modules/TFT.o

.debug_str      0x00000000     0x144f
 *(.debug_str)
 .debug_str     0x00000000      0x208 C:/Program Files (x86)/Atmel/Studio/7.0/Packs/Atmel/ATmega_DFP/1.6.364/gcc/dev/atmega328p/avr5/crtatmega328p.o
 .debug_str     0x00000208      0xa0b main.o
                                0xa69 (size before relaxing)
 .debug_str     0x00000c13       0x6b src/core/Font.o
                                0x538 (size before relaxing)
 .debug_str     0x00000c7e      0x1ba src/core/Frame.o
                                0x380 (size before relaxing)
 .debug_str     0x00000e38      0x380 src/core/Game.o
                                0xd3c (size before relaxing)
 .debug_str     0x000011b8       0x17 src/core/Object.o
                                0x637 (size before relaxing)
 .debug_str     0x000011cf       0x17 src/core/Player.o
                                0x518 (size before relaxing)
 .debug_str     0x000011e6      0x149 src/modules/MCU.o
                                0x3e0 (size before relaxing)
 .debug_str     0x0000132f       0xbd src/modules/SW.o
                                0x2ee (size before relaxing)
 .debug_str     0x000013ec       0x63 src/modules/TFT.o
                                0x4da (size before relaxing)

.debug_loc      0x00000000     0x47f2
 *(.debug_loc)
 .debug_loc     0x00000000      0x1cf main.o
 .debug_loc     0x000001cf      0x6fd src/core/Font.o
 .debug_loc     0x000008cc     0x1451 src/core/Game.o
 .debug_loc     0x00001d1d      0x668 src/core/Object.o
 .debug_loc     0x00002385      0x46b src/core/Player.o
 .debug_loc     0x000027f0      0x5b7 src/modules/MCU.o
 .debug_loc     0x00002da7     0x1a4b src/modules/TFT.o

.debug_macinfo
 *(.debug_macinfo)

.debug_weaknames
 *(.debug_weaknames)

.debug_funcnames
 *(.debug_funcnames)

.debug_typenames
 *(.debug_typenames)

.debug_varnames
 *(.debug_varnames)

.debug_pubtypes
 *(.debug_pubtypes)

.debug_ranges   0x00000000      0x310
 *(.debug_ranges)
 .debug_ranges  0x00000000       0x40 main.o
 .debug_ranges  0x00000040       0x40 src/core/Font.o
 .debug_ranges  0x00000080       0x18 src/core/Frame.o
 .debug_ranges  0x00000098       0xf0 src/core/Game.o
 .debug_ranges  0x00000188       0x48 src/core/Object.o
 .debug_ranges  0x000001d0       0x28 src/core/Player.o
 .debug_ranges  0x000001f8       0x58 src/modules/MCU.o
 .debug_ranges  0x00000250       0x18 src/modules/SW.o
 .debug_ranges  0x00000268       0xa8 src/modules/TFT.o

.debug_macro
 *(.debug_macro)
OUTPUT(ATmega328P.elf elf32-avr)
LOAD linker stubs
