Archive member included to satisfy reference by file (symbol)

c:/program files (x86)/atmel/studio/7.0/toolchain/avr8/avr8-gnu-toolchain/bin/../lib/gcc/avr/5.4.0/avr5\libgcc.a(_udivmodsi4.o)
                              src/core/Font.o (__udivmodsi4)
c:/program files (x86)/atmel/studio/7.0/toolchain/avr8/avr8-gnu-toolchain/bin/../lib/gcc/avr/5.4.0/avr5\libgcc.a(_exit.o)
                              C:/Program Files (x86)/Atmel/Studio/7.0/Packs/Atmel/ATmega_DFP/1.6.364/gcc/dev/atmega328p/avr5/crtatmega328p.o (exit)
c:/program files (x86)/atmel/studio/7.0/toolchain/avr8/avr8-gnu-toolchain/bin/../lib/gcc/avr/5.4.0/avr5\libgcc.a(_copy_data.o)
                              src/core/Frame.o (__do_copy_data)
c:/program files (x86)/atmel/studio/7.0/toolchain/avr8/avr8-gnu-toolchain/bin/../lib/gcc/avr/5.4.0/avr5\libgcc.a(_clear_bss.o)
                              main.o (__do_clear_bss)
c:/program files (x86)/atmel/studio/7.0/toolchain/avr8/avr8-gnu-toolchain/bin/../lib/gcc/avr/5.4.0/avr5\libgcc.a(_ctors.o)
                              main.o (__do_global_ctors)
c:/program files (x86)/atmel/studio/7.0/toolchain/avr8/avr8-gnu-toolchain/bin/../lib/gcc/avr/5.4.0/avr5\libgcc.a(_muluhisi3.o)
                              src/core/Object.o (__muluhisi3)
c:/program files (x86)/atmel/studio/7.0/toolchain/avr8/avr8-gnu-toolchain/bin/../lib/gcc/avr/5.4.0/avr5\libgcc.a(_tablejump2.o)
                              c:/program files (x86)/atmel/studio/7.0/toolchain/avr8/avr8-gnu-toolchain/bin/../lib/gcc/avr/5.4.0/avr5\libgcc.a(_ctors.o) (__tablejump2__)
c:/program files (x86)/atmel/studio/7.0/toolchain/avr8/avr8-gnu-toolchain/bin/../lib/gcc/avr/5.4.0/avr5\libgcc.a(_umulhisi3.o)
                              c:/program files (x86)/atmel/studio/7.0/toolchain/avr8/avr8-gnu-toolchain/bin/../lib/gcc/avr/5.4.0/avr5\libgcc.a(_muluhisi3.o) (__umulhisi3)

Discarded input sections

 .data          0x00000000        0x0 C:/Program Files (x86)/Atmel/Studio/7.0/Packs/Atmel/ATmega_DFP/1.6.364/gcc/dev/atmega328p/avr5/crtatmega328p.o
 .bss           0x00000000        0x0 C:/Program Files (x86)/Atmel/Studio/7.0/Packs/Atmel/ATmega_DFP/1.6.364/gcc/dev/atmega328p/avr5/crtatmega328p.o
 .text          0x00000000        0x0 main.o
 .data          0x00000000        0x0 main.o
 .bss           0x00000000        0x0 main.o
 .text._GLOBAL__sub_D_game
                0x00000000        0x2 main.o
 .text          0x00000000        0x0 src/core/Font.o
 .data          0x00000000        0x0 src/core/Font.o
 .bss           0x00000000        0x0 src/core/Font.o
 .text          0x00000000        0x0 src/core/Frame.o
 .data          0x00000000        0x0 src/core/Frame.o
 .bss           0x00000000        0x0 src/core/Frame.o
 .data._ZN5Frame7twoTickE
                0x00000000        0x1 src/core/Frame.o
 .text          0x00000000        0x0 src/core/Game.o
 .data          0x00000000        0x0 src/core/Game.o
 .bss           0x00000000        0x0 src/core/Game.o
 .text          0x00000000        0x0 src/core/Object.o
 .data          0x00000000        0x0 src/core/Object.o
 .bss           0x00000000        0x0 src/core/Object.o
 .text          0x00000000        0x0 src/core/Player.o
 .data          0x00000000        0x0 src/core/Player.o
 .bss           0x00000000        0x0 src/core/Player.o
 .text          0x00000000        0x0 src/modules/MCU.o
 .data          0x00000000        0x0 src/modules/MCU.o
 .bss           0x00000000        0x0 src/modules/MCU.o
 .text._ZN3MCU9insertBitEhb
                0x00000000       0x16 src/modules/MCU.o
 .text._ZN3MCU8Features3hexEa
                0x00000000       0x74 src/modules/MCU.o
 .text._ZN3MCU8Features5ASCIIEa
                0x00000000        0xc src/modules/MCU.o
 .text._ZN3MCU7Setting10beginPCINTEa
                0x00000000       0x88 src/modules/MCU.o
 .text._ZN3MCU7Setting8beginPWMEab
                0x00000000      0x130 src/modules/MCU.o
 .text          0x00000000        0x0 src/modules/SW.o
 .data          0x00000000        0x0 src/modules/SW.o
 .bss           0x00000000        0x0 src/modules/SW.o
 .text          0x00000000        0x0 src/modules/TFT.o
 .data          0x00000000        0x0 src/modules/TFT.o
 .bss           0x00000000        0x0 src/modules/TFT.o
 .text._ZN3TFT9fillPixelEiij
                0x00000000       0x2e src/modules/TFT.o
 .text          0x00000000        0x0 c:/program files (x86)/atmel/studio/7.0/toolchain/avr8/avr8-gnu-toolchain/bin/../lib/gcc/avr/5.4.0/avr5\libgcc.a(_udivmodsi4.o)
 .data          0x00000000        0x0 c:/program files (x86)/atmel/studio/7.0/toolchain/avr8/avr8-gnu-toolchain/bin/../lib/gcc/avr/5.4.0/avr5\libgcc.a(_udivmodsi4.o)
 .bss           0x00000000        0x0 c:/program files (x86)/atmel/studio/7.0/toolchain/avr8/avr8-gnu-toolchain/bin/../lib/gcc/avr/5.4.0/avr5\libgcc.a(_udivmodsi4.o)
 .text.libgcc.mul
                0x00000000        0x0 c:/program files (x86)/atmel/studio/7.0/toolchain/avr8/avr8-gnu-toolchain/bin/../lib/gcc/avr/5.4.0/avr5\libgcc.a(_udivmodsi4.o)
 .text.libgcc   0x00000000        0x0 c:/program files (x86)/atmel/studio/7.0/toolchain/avr8/avr8-gnu-toolchain/bin/../lib/gcc/avr/5.4.0/avr5\libgcc.a(_udivmodsi4.o)
 .text.libgcc.prologue
                0x00000000        0x0 c:/program files (x86)/atmel/studio/7.0/toolchain/avr8/avr8-gnu-toolchain/bin/../lib/gcc/avr/5.4.0/avr5\libgcc.a(_udivmodsi4.o)
 .text.libgcc.builtins
                0x00000000        0x0 c:/program files (x86)/atmel/studio/7.0/toolchain/avr8/avr8-gnu-toolchain/bin/../lib/gcc/avr/5.4.0/avr5\libgcc.a(_udivmodsi4.o)
 .text.libgcc.fmul
                0x00000000        0x0 c:/program files (x86)/atmel/studio/7.0/toolchain/avr8/avr8-gnu-toolchain/bin/../lib/gcc/avr/5.4.0/avr5\libgcc.a(_udivmodsi4.o)
 .text.libgcc.fixed
                0x00000000        0x0 c:/program files (x86)/atmel/studio/7.0/toolchain/avr8/avr8-gnu-toolchain/bin/../lib/gcc/avr/5.4.0/avr5\libgcc.a(_udivmodsi4.o)
 .text          0x00000000        0x0 c:/program files (x86)/atmel/studio/7.0/toolchain/avr8/avr8-gnu-toolchain/bin/../lib/gcc/avr/5.4.0/avr5\libgcc.a(_exit.o)
 .data          0x00000000        0x0 c:/program files (x86)/atmel/studio/7.0/toolchain/avr8/avr8-gnu-toolchain/bin/../lib/gcc/avr/5.4.0/avr5\libgcc.a(_exit.o)
 .bss           0x00000000        0x0 c:/program files (x86)/atmel/studio/7.0/toolchain/avr8/avr8-gnu-toolchain/bin/../lib/gcc/avr/5.4.0/avr5\libgcc.a(_exit.o)
 .text.libgcc.mul
                0x00000000        0x0 c:/program files (x86)/atmel/studio/7.0/toolchain/avr8/avr8-gnu-toolchain/bin/../lib/gcc/avr/5.4.0/avr5\libgcc.a(_exit.o)
 .text.libgcc.div
                0x00000000        0x0 c:/program files (x86)/atmel/studio/7.0/toolchain/avr8/avr8-gnu-toolchain/bin/../lib/gcc/avr/5.4.0/avr5\libgcc.a(_exit.o)
 .text.libgcc   0x00000000        0x0 c:/program files (x86)/atmel/studio/7.0/toolchain/avr8/avr8-gnu-toolchain/bin/../lib/gcc/avr/5.4.0/avr5\libgcc.a(_exit.o)
 .text.libgcc.prologue
                0x00000000        0x0 c:/program files (x86)/atmel/studio/7.0/toolchain/avr8/avr8-gnu-toolchain/bin/../lib/gcc/avr/5.4.0/avr5\libgcc.a(_exit.o)
 .text.libgcc.builtins
                0x00000000        0x0 c:/program files (x86)/atmel/studio/7.0/toolchain/avr8/avr8-gnu-toolchain/bin/../lib/gcc/avr/5.4.0/avr5\libgcc.a(_exit.o)
 .text.libgcc.fmul
                0x00000000        0x0 c:/program files (x86)/atmel/studio/7.0/toolchain/avr8/avr8-gnu-toolchain/bin/../lib/gcc/avr/5.4.0/avr5\libgcc.a(_exit.o)
 .text.libgcc.fixed
                0x00000000        0x0 c:/program files (x86)/atmel/studio/7.0/toolchain/avr8/avr8-gnu-toolchain/bin/../lib/gcc/avr/5.4.0/avr5\libgcc.a(_exit.o)
 .text          0x00000000        0x0 c:/program files (x86)/atmel/studio/7.0/toolchain/avr8/avr8-gnu-toolchain/bin/../lib/gcc/avr/5.4.0/avr5\libgcc.a(_copy_data.o)
 .data          0x00000000        0x0 c:/program files (x86)/atmel/studio/7.0/toolchain/avr8/avr8-gnu-toolchain/bin/../lib/gcc/avr/5.4.0/avr5\libgcc.a(_copy_data.o)
 .bss           0x00000000        0x0 c:/program files (x86)/atmel/studio/7.0/toolchain/avr8/avr8-gnu-toolchain/bin/../lib/gcc/avr/5.4.0/avr5\libgcc.a(_copy_data.o)
 .text.libgcc.mul
                0x00000000        0x0 c:/program files (x86)/atmel/studio/7.0/toolchain/avr8/avr8-gnu-toolchain/bin/../lib/gcc/avr/5.4.0/avr5\libgcc.a(_copy_data.o)
 .text.libgcc.div
                0x00000000        0x0 c:/program files (x86)/atmel/studio/7.0/toolchain/avr8/avr8-gnu-toolchain/bin/../lib/gcc/avr/5.4.0/avr5\libgcc.a(_copy_data.o)
 .text.libgcc   0x00000000        0x0 c:/program files (x86)/atmel/studio/7.0/toolchain/avr8/avr8-gnu-toolchain/bin/../lib/gcc/avr/5.4.0/avr5\libgcc.a(_copy_data.o)
 .text.libgcc.prologue
                0x00000000        0x0 c:/program files (x86)/atmel/studio/7.0/toolchain/avr8/avr8-gnu-toolchain/bin/../lib/gcc/avr/5.4.0/avr5\libgcc.a(_copy_data.o)
 .text.libgcc.builtins
                0x00000000        0x0 c:/program files (x86)/atmel/studio/7.0/toolchain/avr8/avr8-gnu-toolchain/bin/../lib/gcc/avr/5.4.0/avr5\libgcc.a(_copy_data.o)
 .text.libgcc.fmul
                0x00000000        0x0 c:/program files (x86)/atmel/studio/7.0/toolchain/avr8/avr8-gnu-toolchain/bin/../lib/gcc/avr/5.4.0/avr5\libgcc.a(_copy_data.o)
 .text.libgcc.fixed
                0x00000000        0x0 c:/program files (x86)/atmel/studio/7.0/toolchain/avr8/avr8-gnu-toolchain/bin/../lib/gcc/avr/5.4.0/avr5\libgcc.a(_copy_data.o)
 .text          0x00000000        0x0 c:/program files (x86)/atmel/studio/7.0/toolchain/avr8/avr8-gnu-toolchain/bin/../lib/gcc/avr/5.4.0/avr5\libgcc.a(_clear_bss.o)
 .data          0x00000000        0x0 c:/program files (x86)/atmel/studio/7.0/toolchain/avr8/avr8-gnu-toolchain/bin/../lib/gcc/avr/5.4.0/avr5\libgcc.a(_clear_bss.o)
 .bss           0x00000000        0x0 c:/program files (x86)/atmel/studio/7.0/toolchain/avr8/avr8-gnu-toolchain/bin/../lib/gcc/avr/5.4.0/avr5\libgcc.a(_clear_bss.o)
 .text.libgcc.mul
                0x00000000        0x0 c:/program files (x86)/atmel/studio/7.0/toolchain/avr8/avr8-gnu-toolchain/bin/../lib/gcc/avr/5.4.0/avr5\libgcc.a(_clear_bss.o)
 .text.libgcc.div
                0x00000000        0x0 c:/program files (x86)/atmel/studio/7.0/toolchain/avr8/avr8-gnu-toolchain/bin/../lib/gcc/avr/5.4.0/avr5\libgcc.a(_clear_bss.o)
 .text.libgcc   0x00000000        0x0 c:/program files (x86)/atmel/studio/7.0/toolchain/avr8/avr8-gnu-toolchain/bin/../lib/gcc/avr/5.4.0/avr5\libgcc.a(_clear_bss.o)
 .text.libgcc.prologue
                0x00000000        0x0 c:/program files (x86)/atmel/studio/7.0/toolchain/avr8/avr8-gnu-toolchain/bin/../lib/gcc/avr/5.4.0/avr5\libgcc.a(_clear_bss.o)
 .text.libgcc.builtins
                0x00000000        0x0 c:/program files (x86)/atmel/studio/7.0/toolchain/avr8/avr8-gnu-toolchain/bin/../lib/gcc/avr/5.4.0/avr5\libgcc.a(_clear_bss.o)
 .text.libgcc.fmul
                0x00000000        0x0 c:/program files (x86)/atmel/studio/7.0/toolchain/avr8/avr8-gnu-toolchain/bin/../lib/gcc/avr/5.4.0/avr5\libgcc.a(_clear_bss.o)
 .text.libgcc.fixed
                0x00000000        0x0 c:/program files (x86)/atmel/studio/7.0/toolchain/avr8/avr8-gnu-toolchain/bin/../lib/gcc/avr/5.4.0/avr5\libgcc.a(_clear_bss.o)
 .text          0x00000000        0x0 c:/program files (x86)/atmel/studio/7.0/toolchain/avr8/avr8-gnu-toolchain/bin/../lib/gcc/avr/5.4.0/avr5\libgcc.a(_ctors.o)
 .data          0x00000000        0x0 c:/program files (x86)/atmel/studio/7.0/toolchain/avr8/avr8-gnu-toolchain/bin/../lib/gcc/avr/5.4.0/avr5\libgcc.a(_ctors.o)
 .bss           0x00000000        0x0 c:/program files (x86)/atmel/studio/7.0/toolchain/avr8/avr8-gnu-toolchain/bin/../lib/gcc/avr/5.4.0/avr5\libgcc.a(_ctors.o)
 .text.libgcc.mul
                0x00000000        0x0 c:/program files (x86)/atmel/studio/7.0/toolchain/avr8/avr8-gnu-toolchain/bin/../lib/gcc/avr/5.4.0/avr5\libgcc.a(_ctors.o)
 .text.libgcc.div
                0x00000000        0x0 c:/program files (x86)/atmel/studio/7.0/toolchain/avr8/avr8-gnu-toolchain/bin/../lib/gcc/avr/5.4.0/avr5\libgcc.a(_ctors.o)
 .text.libgcc   0x00000000        0x0 c:/program files (x86)/atmel/studio/7.0/toolchain/avr8/avr8-gnu-toolchain/bin/../lib/gcc/avr/5.4.0/avr5\libgcc.a(_ctors.o)
 .text.libgcc.prologue
                0x00000000        0x0 c:/program files (x86)/atmel/studio/7.0/toolchain/avr8/avr8-gnu-toolchain/bin/../lib/gcc/avr/5.4.0/avr5\libgcc.a(_ctors.o)
 .text.libgcc.builtins
                0x00000000        0x0 c:/program files (x86)/atmel/studio/7.0/toolchain/avr8/avr8-gnu-toolchain/bin/../lib/gcc/avr/5.4.0/avr5\libgcc.a(_ctors.o)
 .text.libgcc.fmul
                0x00000000        0x0 c:/program files (x86)/atmel/studio/7.0/toolchain/avr8/avr8-gnu-toolchain/bin/../lib/gcc/avr/5.4.0/avr5\libgcc.a(_ctors.o)
 .text.libgcc.fixed
                0x00000000        0x0 c:/program files (x86)/atmel/studio/7.0/toolchain/avr8/avr8-gnu-toolchain/bin/../lib/gcc/avr/5.4.0/avr5\libgcc.a(_ctors.o)
 .text          0x00000000        0x0 c:/program files (x86)/atmel/studio/7.0/toolchain/avr8/avr8-gnu-toolchain/bin/../lib/gcc/avr/5.4.0/avr5\libgcc.a(_muluhisi3.o)
 .data          0x00000000        0x0 c:/program files (x86)/atmel/studio/7.0/toolchain/avr8/avr8-gnu-toolchain/bin/../lib/gcc/avr/5.4.0/avr5\libgcc.a(_muluhisi3.o)
 .bss           0x00000000        0x0 c:/program files (x86)/atmel/studio/7.0/toolchain/avr8/avr8-gnu-toolchain/bin/../lib/gcc/avr/5.4.0/avr5\libgcc.a(_muluhisi3.o)
 .text.libgcc.div
                0x00000000        0x0 c:/program files (x86)/atmel/studio/7.0/toolchain/avr8/avr8-gnu-toolchain/bin/../lib/gcc/avr/5.4.0/avr5\libgcc.a(_muluhisi3.o)
 .text.libgcc   0x00000000        0x0 c:/program files (x86)/atmel/studio/7.0/toolchain/avr8/avr8-gnu-toolchain/bin/../lib/gcc/avr/5.4.0/avr5\libgcc.a(_muluhisi3.o)
 .text.libgcc.prologue
                0x00000000        0x0 c:/program files (x86)/atmel/studio/7.0/toolchain/avr8/avr8-gnu-toolchain/bin/../lib/gcc/avr/5.4.0/avr5\libgcc.a(_muluhisi3.o)
 .text.libgcc.builtins
                0x00000000        0x0 c:/program files (x86)/atmel/studio/7.0/toolchain/avr8/avr8-gnu-toolchain/bin/../lib/gcc/avr/5.4.0/avr5\libgcc.a(_muluhisi3.o)
 .text.libgcc.fmul
                0x00000000        0x0 c:/program files (x86)/atmel/studio/7.0/toolchain/avr8/avr8-gnu-toolchain/bin/../lib/gcc/avr/5.4.0/avr5\libgcc.a(_muluhisi3.o)
 .text.libgcc.fixed
                0x00000000        0x0 c:/program files (x86)/atmel/studio/7.0/toolchain/avr8/avr8-gnu-toolchain/bin/../lib/gcc/avr/5.4.0/avr5\libgcc.a(_muluhisi3.o)
 .text          0x00000000        0x0 c:/program files (x86)/atmel/studio/7.0/toolchain/avr8/avr8-gnu-toolchain/bin/../lib/gcc/avr/5.4.0/avr5\libgcc.a(_tablejump2.o)
 .data          0x00000000        0x0 c:/program files (x86)/atmel/studio/7.0/toolchain/avr8/avr8-gnu-toolchain/bin/../lib/gcc/avr/5.4.0/avr5\libgcc.a(_tablejump2.o)
 .bss           0x00000000        0x0 c:/program files (x86)/atmel/studio/7.0/toolchain/avr8/avr8-gnu-toolchain/bin/../lib/gcc/avr/5.4.0/avr5\libgcc.a(_tablejump2.o)
 .text.libgcc.mul
                0x00000000        0x0 c:/program files (x86)/atmel/studio/7.0/toolchain/avr8/avr8-gnu-toolchain/bin/../lib/gcc/avr/5.4.0/avr5\libgcc.a(_tablejump2.o)
 .text.libgcc.div
                0x00000000        0x0 c:/program files (x86)/atmel/studio/7.0/toolchain/avr8/avr8-gnu-toolchain/bin/../lib/gcc/avr/5.4.0/avr5\libgcc.a(_tablejump2.o)
 .text.libgcc.prologue
                0x00000000        0x0 c:/program files (x86)/atmel/studio/7.0/toolchain/avr8/avr8-gnu-toolchain/bin/../lib/gcc/avr/5.4.0/avr5\libgcc.a(_tablejump2.o)
 .text.libgcc.builtins
                0x00000000        0x0 c:/program files (x86)/atmel/studio/7.0/toolchain/avr8/avr8-gnu-toolchain/bin/../lib/gcc/avr/5.4.0/avr5\libgcc.a(_tablejump2.o)
 .text.libgcc.fmul
                0x00000000        0x0 c:/program files (x86)/atmel/studio/7.0/toolchain/avr8/avr8-gnu-toolchain/bin/../lib/gcc/avr/5.4.0/avr5\libgcc.a(_tablejump2.o)
 .text.libgcc.fixed
                0x00000000        0x0 c:/program files (x86)/atmel/studio/7.0/toolchain/avr8/avr8-gnu-toolchain/bin/../lib/gcc/avr/5.4.0/avr5\libgcc.a(_tablejump2.o)
 .text          0x00000000        0x0 c:/program files (x86)/atmel/studio/7.0/toolchain/avr8/avr8-gnu-toolchain/bin/../lib/gcc/avr/5.4.0/avr5\libgcc.a(_umulhisi3.o)
 .data          0x00000000        0x0 c:/program files (x86)/atmel/studio/7.0/toolchain/avr8/avr8-gnu-toolchain/bin/../lib/gcc/avr/5.4.0/avr5\libgcc.a(_umulhisi3.o)
 .bss           0x00000000        0x0 c:/program files (x86)/atmel/studio/7.0/toolchain/avr8/avr8-gnu-toolchain/bin/../lib/gcc/avr/5.4.0/avr5\libgcc.a(_umulhisi3.o)
 .text.libgcc.div
                0x00000000        0x0 c:/program files (x86)/atmel/studio/7.0/toolchain/avr8/avr8-gnu-toolchain/bin/../lib/gcc/avr/5.4.0/avr5\libgcc.a(_umulhisi3.o)
 .text.libgcc   0x00000000        0x0 c:/program files (x86)/atmel/studio/7.0/toolchain/avr8/avr8-gnu-toolchain/bin/../lib/gcc/avr/5.4.0/avr5\libgcc.a(_umulhisi3.o)
 .text.libgcc.prologue
                0x00000000        0x0 c:/program files (x86)/atmel/studio/7.0/toolchain/avr8/avr8-gnu-toolchain/bin/../lib/gcc/avr/5.4.0/avr5\libgcc.a(_umulhisi3.o)
 .text.libgcc.builtins
                0x00000000        0x0 c:/program files (x86)/atmel/studio/7.0/toolchain/avr8/avr8-gnu-toolchain/bin/../lib/gcc/avr/5.4.0/avr5\libgcc.a(_umulhisi3.o)
 .text.libgcc.fmul
                0x00000000        0x0 c:/program files (x86)/atmel/studio/7.0/toolchain/avr8/avr8-gnu-toolchain/bin/../lib/gcc/avr/5.4.0/avr5\libgcc.a(_umulhisi3.o)
 .text.libgcc.fixed
                0x00000000        0x0 c:/program files (x86)/atmel/studio/7.0/toolchain/avr8/avr8-gnu-toolchain/bin/../lib/gcc/avr/5.4.0/avr5\libgcc.a(_umulhisi3.o)

Memory Configuration

Name             Origin             Length             Attributes
text             0x00000000         0x00008000         xr
data             0x00800100         0x00000800         rw !x
eeprom           0x00810000         0x00000400         rw !x
fuse             0x00820000         0x00000003         rw !x
lock             0x00830000         0x00000400         rw !x
signature        0x00840000         0x00000400         rw !x
user_signatures  0x00850000         0x00000400         rw !x
*default*        0x00000000         0xffffffff

Linker script and memory map

Address of section .data set to 0x800100
LOAD C:/Program Files (x86)/Atmel/Studio/7.0/Packs/Atmel/ATmega_DFP/1.6.364/gcc/dev/atmega328p/avr5/crtatmega328p.o
LOAD main.o
LOAD src/core/Font.o
LOAD src/core/Frame.o
LOAD src/core/Game.o
LOAD src/core/Object.o
LOAD src/core/Player.o
LOAD src/modules/MCU.o
LOAD src/modules/SW.o
LOAD src/modules/TFT.o
START GROUP
LOAD c:/program files (x86)/atmel/studio/7.0/toolchain/avr8/avr8-gnu-toolchain/bin/../lib/gcc/avr/5.4.0/../../../../avr/lib/avr5\libm.a
END GROUP
LOAD c:/program files (x86)/atmel/studio/7.0/toolchain/avr8/avr8-gnu-toolchain/bin/../lib/gcc/avr/5.4.0/avr5\libgcc.a
LOAD c:/program files (x86)/atmel/studio/7.0/toolchain/avr8/avr8-gnu-toolchain/bin/../lib/gcc/avr/5.4.0/../../../../avr/lib/avr5\libm.a
START GROUP
LOAD c:/program files (x86)/atmel/studio/7.0/toolchain/avr8/avr8-gnu-toolchain/bin/../lib/gcc/avr/5.4.0/avr5\libgcc.a
LOAD c:/program files (x86)/atmel/studio/7.0/toolchain/avr8/avr8-gnu-toolchain/bin/../lib/gcc/avr/5.4.0/../../../../avr/lib/avr5\libm.a
LOAD c:/program files (x86)/atmel/studio/7.0/toolchain/avr8/avr8-gnu-toolchain/bin/../lib/gcc/avr/5.4.0/../../../../avr/lib/avr5\libc.a
LOAD C:/Program Files (x86)/Atmel/Studio/7.0/Packs/Atmel/ATmega_DFP/1.6.364/gcc/dev/atmega328p/avr5\libatmega328p.a
END GROUP
                0x00000000                __TEXT_REGION_ORIGIN__ = DEFINED (__TEXT_REGION_ORIGIN__)?__TEXT_REGION_ORIGIN__:0x0
                [0x00800100]                __DATA_REGION_ORIGIN__ = DEFINED (__DATA_REGION_ORIGIN__)?__DATA_REGION_ORIGIN__:0x800060
                [0x00008000]                __TEXT_REGION_LENGTH__ = DEFINED (__TEXT_REGION_LENGTH__)?__TEXT_REGION_LENGTH__:0x20000
                [0x00000800]                __DATA_REGION_LENGTH__ = DEFINED (__DATA_REGION_LENGTH__)?__DATA_REGION_LENGTH__:0xffa0
                [0x00000400]                __EEPROM_REGION_LENGTH__ = DEFINED (__EEPROM_REGION_LENGTH__)?__EEPROM_REGION_LENGTH__:0x10000
                [0x00000003]                __FUSE_REGION_LENGTH__ = DEFINED (__FUSE_REGION_LENGTH__)?__FUSE_REGION_LENGTH__:0x400
                0x00000400                __LOCK_REGION_LENGTH__ = DEFINED (__LOCK_REGION_LENGTH__)?__LOCK_REGION_LENGTH__:0x400
                0x00000400                __SIGNATURE_REGION_LENGTH__ = DEFINED (__SIGNATURE_REGION_LENGTH__)?__SIGNATURE_REGION_LENGTH__:0x400
                0x00000400                __USER_SIGNATURE_REGION_LENGTH__ = DEFINED (__USER_SIGNATURE_REGION_LENGTH__)?__USER_SIGNATURE_REGION_LENGTH__:0x400

.hash
 *(.hash)

.dynsym
 *(.dynsym)

.dynstr
 *(.dynstr)

.gnu.version
 *(.gnu.version)

.gnu.version_d
 *(.gnu.version_d)

.gnu.version_r
 *(.gnu.version_r)

.rel.init
 *(.rel.init)

.rela.init
 *(.rela.init)

.rel.text
 *(.rel.text)
 *(.rel.text.*)
 *(.rel.gnu.linkonce.t*)

.rela.text
 *(.rela.text)
 *(.rela.text.*)
 *(.rela.gnu.linkonce.t*)

.rel.fini
 *(.rel.fini)

.rela.fini
 *(.rela.fini)

.rel.rodata
 *(.rel.rodata)
 *(.rel.rodata.*)
 *(.rel.gnu.linkonce.r*)

.rela.rodata
 *(.rela.rodata)
 *(.rela.rodata.*)
 *(.rela.gnu.linkonce.r*)

.rel.data
 *(.rel.data)
 *(.rel.data.*)
 *(.rel.gnu.linkonce.d*)

.rela.data
 *(.rela.data)
 *(.rela.data.*)
 *(.rela.gnu.linkonce.d*)

.rel.ctors
 *(.rel.ctors)

.rela.ctors
 *(.rela.ctors)

.rel.dtors
 *(.rel.dtors)

.rela.dtors
 *(.rela.dtors)

.rel.got
 *(.rel.got)

.rela.got
 *(.rela.got)

.rel.bss
 *(.rel.bss)

.rela.bss
 *(.rela.bss)

.rel.plt
 *(.rel.plt)

.rela.plt
 *(.rela.plt)

.text           0x00000000     0x496a
 *(.vectors)
 .vectors       0x00000000       0x68 C:/Program Files (x86)/Atmel/Studio/7.0/Packs/Atmel/ATmega_DFP/1.6.364/gcc/dev/atmega328p/avr5/crtatmega328p.o
                0x00000000                __vector_default
                0x00000000                __vectors
 *(.vectors)
 *(.progmem.gcc*)
                0x00000068                . = ALIGN (0x2)
                0x00000068                __trampolines_start = .
 *(.trampolines)
 .trampolines   0x00000068        0x0 linker stubs
 *(.trampolines*)
                0x00000068                __trampolines_end = .
 *libprintf_flt.a:*(.progmem.data)
 *libc.a:*(.progmem.data)
 *(.progmem*)
 .progmem.data._ZL9charStand
                0x00000068       0x64 src/core/Game.o
 .progmem.data._ZL7bigStar
                0x000000cc        0x5 src/core/Game.o
 .progmem.data._ZL10smallStar1
                0x000000d1        0x5 src/core/Game.o
 .progmem.data._ZL10smallStar0
                0x000000d6        0x5 src/core/Game.o
 .progmem.data._ZL8moonTile
                0x000000db       0x20 src/core/Game.o
 .progmem.data._ZL9titleMenu
                0x000000fb     0x1180 src/core/Game.o
 .progmem.data._ZL9logoAtmel
                0x0000127b      0x720 src/core/Game.o
 .progmem.data._ZL10groundTile
                0x0000199b       0xc0 src/core/Game.o
 .progmem.data._ZL9fontASCII
                0x00001a5b      0x300 src/core/Game.o
 .progmem.data._ZL11presentTile
                0x00001d5b       0x10 src/core/Object.o
 .progmem.data._ZL8fireTile
                0x00001d6b       0x10 src/core/Object.o
 .progmem.data._ZL8bombTile
                0x00001d7b       0x10 src/core/Object.o
 .progmem.data._ZL8ballTile
                0x00001d8b       0x10 src/core/Object.o
 .progmem.data._ZL6charUp
                0x00001d9b      0x190 src/core/Player.o
 .progmem.data._ZL7charRun
                0x00001f2b      0x258 src/core/Player.o
 .progmem.data._ZL8charDown
                0x00002183      0x1e0 src/core/Player.o
                0x00002364                . = ALIGN (0x2)
 *fill*         0x00002363        0x1 
 *(.jumptables)
 *(.jumptables*)
 *(.lowtext)
 *(.lowtext*)
                0x00002364                __ctors_start = .
 *(.ctors)
 .ctors         0x00002364        0x2 main.o
                0x00002366                __ctors_end = .
                0x00002366                __dtors_start = .
 *(.dtors)
                0x00002366                __dtors_end = .
 SORT(*)(.ctors)
 SORT(*)(.dtors)
 *(.init0)
 .init0         0x00002366        0x0 C:/Program Files (x86)/Atmel/Studio/7.0/Packs/Atmel/ATmega_DFP/1.6.364/gcc/dev/atmega328p/avr5/crtatmega328p.o
                0x00002366                __init
 *(.init0)
 *(.init1)
 *(.init1)
 *(.init2)
 .init2         0x00002366        0xc C:/Program Files (x86)/Atmel/Studio/7.0/Packs/Atmel/ATmega_DFP/1.6.364/gcc/dev/atmega328p/avr5/crtatmega328p.o
 *(.init2)
 *(.init3)
 *(.init3)
 *(.init4)
 .init4         0x00002372       0x16 c:/program files (x86)/atmel/studio/7.0/toolchain/avr8/avr8-gnu-toolchain/bin/../lib/gcc/avr/5.4.0/avr5\libgcc.a(_copy_data.o)
                0x00002372                __do_copy_data
 .init4         0x00002388       0x10 c:/program files (x86)/atmel/studio/7.0/toolchain/avr8/avr8-gnu-toolchain/bin/../lib/gcc/avr/5.4.0/avr5\libgcc.a(_clear_bss.o)
                0x00002388                __do_clear_bss
 *(.init4)
 *(.init5)
 *(.init5)
 *(.init6)
 .init6         0x00002398       0x16 c:/program files (x86)/atmel/studio/7.0/toolchain/avr8/avr8-gnu-toolchain/bin/../lib/gcc/avr/5.4.0/avr5\libgcc.a(_ctors.o)
                0x00002398                __do_global_ctors
 *(.init6)
 *(.init7)
 *(.init7)
 *(.init8)
 *(.init8)
 *(.init9)
 .init9         0x000023ae        0x8 C:/Program Files (x86)/Atmel/Studio/7.0/Packs/Atmel/ATmega_DFP/1.6.364/gcc/dev/atmega328p/avr5/crtatmega328p.o
 *(.init9)
 *(.text)
 .text          0x000023b6        0x4 C:/Program Files (x86)/Atmel/Studio/7.0/Packs/Atmel/ATmega_DFP/1.6.364/gcc/dev/atmega328p/avr5/crtatmega328p.o
                0x000023b6                __vector_22
                0x000023b6                __vector_24
                0x000023b6                __vector_12
                0x000023b6                __bad_interrupt
                0x000023b6                __vector_6
                0x000023b6                __vector_3
                0x000023b6                __vector_23
                0x000023b6                __vector_25
                0x000023b6                __vector_11
                0x000023b6                __vector_13
                0x000023b6                __vector_17
                0x000023b6                __vector_19
                0x000023b6                __vector_5
                0x000023b6                __vector_4
                0x000023b6                __vector_9
                0x000023b6                __vector_21
                0x000023b6                __vector_15
                0x000023b6                __vector_8
                0x000023b6                __vector_14
                0x000023b6                __vector_10
                0x000023b6                __vector_18
                0x000023b6                __vector_20
                0x000023ba                . = ALIGN (0x2)
 *(.text.*)
 .text.main     0x000023ba       0x50 main.o
                0x000023ba                main
 .text.__vector_16
                0x0000240a       0x9e main.o
                0x0000240a                __vector_16
 .text.__vector_7
                0x000024a8       0x4a main.o
                0x000024a8                __vector_7
 .text.__vector_1
                0x000024f2       0x1e main.o
                0x000024f2                __vector_1
 .text.__vector_2
                0x00002510       0x1e main.o
                0x00002510                __vector_2
 .text._GLOBAL__sub_I_game
                0x0000252e       0x18 main.o
 .text._ZN4Font11printLetterEiih
                0x00002546       0xf2 src/core/Font.o
                0x00002546                _ZN4Font11printLetterEiih
 .text._ZN4Font5printEiiPKc
                0x00002638       0x4c src/core/Font.o
                0x00002638                _ZN4Font5printEiiPKc
 .text._ZN4Font5printEiim
                0x00002684      0x14e src/core/Font.o
                0x00002684                _ZN4Font5printEiim
 .text._ZN5Frame6updateEv
                0x000027d2      0x118 src/core/Frame.o
                0x000027d2                _ZN5Frame6updateEv
 .text._ZN5Frame4initEv
                0x000028ea       0x42 src/core/Frame.o
                0x000028ea                _ZN5Frame4initEv
 .text._ZN4Game9titleLoopEv
                0x0000292c      0x31a src/core/Game.o
                0x0000292c                _ZN4Game9titleLoopEv
 .text._ZN4Game9startLoopEv
                0x00002c46      0x6fe src/core/Game.o
                0x00002c46                _ZN4Game9startLoopEv
 .text._ZN4Game5titleEv
                0x00003344      0x12e src/core/Game.o
                0x00003344                _ZN4Game5titleEv
 .text._ZN4Game5startEv
                0x00003472      0x190 src/core/Game.o
                0x00003472                _ZN4Game5startEv
 .text._ZN6Object4ballEv
                0x00003602       0xd4 src/core/Object.o
                0x00003602                _ZN6Object4ballEv
 .text._ZN6Object4bombEv
                0x000036d6      0x13a src/core/Object.o
                0x000036d6                _ZN6Object4bombEv
 .text._ZN6Object7presentEv
                0x00003810       0xd6 src/core/Object.o
                0x00003810                _ZN6Object7presentEv
 .text._ZN6Object9rollBlockEv
                0x000038e6       0x94 src/core/Object.o
                0x000038e6                _ZN6Object9rollBlockEv
 .text._ZN6Object14rollBackgroundEv
                0x0000397a       0xdc src/core/Object.o
                0x0000397a                _ZN6Object14rollBackgroundEv
 .text._ZN6Object4initEv
                0x00003a56       0x82 src/core/Object.o
                0x00003a56                _ZN6Object4initEv
 .text._ZN6Object5startEv
                0x00003ad8       0x32 src/core/Object.o
                0x00003ad8                _ZN6Object5startEv
 .text._ZN6Player7runningEv
                0x00003b0a       0xda src/core/Player.o
                0x00003b0a                _ZN6Player7runningEv
 .text._ZN6Player7jumpingEv
                0x00003be4      0x1ea src/core/Player.o
                0x00003be4                _ZN6Player7jumpingEv
 .text._ZN6Player4initEv
                0x00003dce       0x3a src/core/Player.o
                0x00003dce                _ZN6Player4initEv
 .text._ZN6Player5startEv
                0x00003e08       0x3e src/core/Player.o
                0x00003e08                _ZN6Player5startEv
 .text._ZN3MCU7Setting8beginPinEaa
                0x00003e46       0x5a src/modules/MCU.o
                0x00003e46                _ZN3MCU7Setting8beginPinEaa
 .text._ZN3MCU7Setting9beginPortEab
                0x00003ea0       0x20 src/modules/MCU.o
                0x00003ea0                _ZN3MCU7Setting9beginPortEab
 .text._ZN3MCU7Setting8beginINTEaa
                0x00003ec0       0x36 src/modules/MCU.o
                0x00003ec0                _ZN3MCU7Setting8beginINTEaa
 .text._ZN3MCU7Setting10beginTimerEab
                0x00003ef6       0xac src/modules/MCU.o
                0x00003ef6                _ZN3MCU7Setting10beginTimerEab
 .text._ZN3MCU7Setting8beginSPIEv
                0x00003fa2        0xa src/modules/MCU.o
                0x00003fa2                _ZN3MCU7Setting8beginSPIEv
 .text._ZN2SW6updateEv
                0x00003fac       0x22 src/modules/SW.o
                0x00003fac                _ZN2SW6updateEv
 .text._ZN2SW4initEv
                0x00003fce       0x22 src/modules/SW.o
                0x00003fce                _ZN2SW4initEv
 .text._ZN3SPI7sendBitEh
                0x00003ff0        0xa src/modules/TFT.o
                0x00003ff0                _ZN3SPI7sendBitEh
 .text._ZN3SPI13exportCommandEh
                0x00003ffa        0xc src/modules/TFT.o
                0x00003ffa                _ZN3SPI13exportCommandEh
 .text._ZN3SPI10exportDataEh
                0x00004006        0xc src/modules/TFT.o
                0x00004006                _ZN3SPI10exportDataEh
 .text._ZN3SPI14exportLongDataEj
                0x00004012       0x26 src/modules/TFT.o
                0x00004012                _ZN3SPI14exportLongDataEj
 .text._ZN3TFT5beginEv
                0x00004038       0xaa src/modules/TFT.o
                0x00004038                _ZN3TFT5beginEv
 .text._ZN3TFT11setRotationEa
                0x000040e2       0x50 src/modules/TFT.o
                0x000040e2                _ZN3TFT11setRotationEa
 .text._ZN3TFT10setAddressEiiii
                0x00004132       0x68 src/modules/TFT.o
                0x00004132                _ZN3TFT10setAddressEiiii
 .text._ZN3TFT10fillScreenEj
                0x0000419a       0x8a src/modules/TFT.o
                0x0000419a                _ZN3TFT10fillScreenEj
 .text._ZN3TFT5clearEiiiij
                0x00004224       0x72 src/modules/TFT.o
                0x00004224                _ZN3TFT5clearEiiiij
 .text._ZN3TFT4drawEiiiiPKhjj
                0x00004296      0x154 src/modules/TFT.o
                0x00004296                _ZN3TFT4drawEiiiiPKhjj
 .text._ZN3TFT4drawEiiiiPKhjjjj
                0x000043ea      0x1a4 src/modules/TFT.o
                0x000043ea                _ZN3TFT4drawEiiiiPKhjjjj
 .text._ZN3TFT4drawEiiiiPA100_Khajjjj
                0x0000458e      0x1aa src/modules/TFT.o
                0x0000458e                _ZN3TFT4drawEiiiiPA100_Khajjjj
 .text._ZN3TFT4drawEiiiiPA120_Khajjjj
                0x00004738      0x1aa src/modules/TFT.o
                0x00004738                _ZN3TFT4drawEiiiiPA120_Khajjjj
 .text.libgcc.div
                0x000048e2       0x44 c:/program files (x86)/atmel/studio/7.0/toolchain/avr8/avr8-gnu-toolchain/bin/../lib/gcc/avr/5.4.0/avr5\libgcc.a(_udivmodsi4.o)
                0x000048e2                __udivmodsi4
 .text.libgcc.mul
                0x00004926       0x16 c:/program files (x86)/atmel/studio/7.0/toolchain/avr8/avr8-gnu-toolchain/bin/../lib/gcc/avr/5.4.0/avr5\libgcc.a(_muluhisi3.o)
                0x00004926                __muluhisi3
 .text.libgcc   0x0000493c        0xc c:/program files (x86)/atmel/studio/7.0/toolchain/avr8/avr8-gnu-toolchain/bin/../lib/gcc/avr/5.4.0/avr5\libgcc.a(_tablejump2.o)
                0x0000493c                __tablejump2__
 .text.libgcc.mul
                0x00004948       0x1e c:/program files (x86)/atmel/studio/7.0/toolchain/avr8/avr8-gnu-toolchain/bin/../lib/gcc/avr/5.4.0/avr5\libgcc.a(_umulhisi3.o)
                0x00004948                __umulhisi3
                0x00004966                . = ALIGN (0x2)
 *(.fini9)
 .fini9         0x00004966        0x0 c:/program files (x86)/atmel/studio/7.0/toolchain/avr8/avr8-gnu-toolchain/bin/../lib/gcc/avr/5.4.0/avr5\libgcc.a(_exit.o)
                0x00004966                _exit
                0x00004966                exit
 *(.fini9)
 *(.fini8)
 *(.fini8)
 *(.fini7)
 *(.fini7)
 *(.fini6)
 *(.fini6)
 *(.fini5)
 *(.fini5)
 *(.fini4)
 *(.fini4)
 *(.fini3)
 *(.fini3)
 *(.fini2)
 *(.fini2)
 *(.fini1)
 *(.fini1)
 *(.fini0)
 .fini0         0x00004966        0x4 c:/program files (x86)/atmel/studio/7.0/toolchain/avr8/avr8-gnu-toolchain/bin/../lib/gcc/avr/5.4.0/avr5\libgcc.a(_exit.o)
 *(.fini0)
                0x0000496a                _etext = .

.data           0x00800100       0x36 load address 0x0000496a
                0x00800100                PROVIDE (__data_start, .)
 *(.data)
 *(.data*)
 .data._ZN5Frame12sixteenBeatsE
                0x00800100        0x1 src/core/Frame.o
                0x00800100                _ZN5Frame12sixteenBeatsE
 *(.gnu.linkonce.d*)
 *(.rodata)
 *(.rodata*)
 .rodata.str1.1
                0x00800101       0x35 src/core/Game.o
 *(.gnu.linkonce.r*)
                0x00800136                . = ALIGN (0x2)
                0x00800136                _edata = .
                0x00800136                PROVIDE (__data_end, .)

.bss            0x00800136       0x35
                0x00800136                PROVIDE (__bss_start, .)
 *(.bss)
 *(.bss*)
 .bss.game      0x00800136       0x14 main.o
                0x00800136                game
 .bss._ZN5Frame9sixFramesE
                0x0080014a        0x1 src/core/Frame.o
                0x0080014a                _ZN5Frame9sixFramesE
 .bss._ZN5Frame10fourFramesE
                0x0080014b        0x1 src/core/Frame.o
                0x0080014b                _ZN5Frame10fourFramesE
 .bss._ZN5Frame11secondFrameE
                0x0080014c        0x1 src/core/Frame.o
                0x0080014c                _ZN5Frame11secondFrameE
 .bss._ZN5Frame7oneTickE
                0x0080014d        0x1 src/core/Frame.o
                0x0080014d                _ZN5Frame7oneTickE
 .bss._ZN5Frame8pastBeatE
                0x0080014e        0x4 src/core/Frame.o
                0x0080014e                _ZN5Frame8pastBeatE
 .bss._ZN5Frame9pastFrameE
                0x00800152        0x4 src/core/Frame.o
                0x00800152                _ZN5Frame9pastFrameE
 .bss._ZN5Frame8pastTickE
                0x00800156        0x4 src/core/Frame.o
                0x00800156                _ZN5Frame8pastTickE
 .bss._ZN5Frame11presentTimeE
                0x0080015a        0x4 src/core/Frame.o
                0x0080015a                _ZN5Frame11presentTimeE
 .bss._ZN5Frame9scoreTimeE
                0x0080015e        0x2 src/core/Frame.o
                0x0080015e                _ZN5Frame9scoreTimeE
 .bss._ZN2SW6selectE
                0x00800160        0x1 src/modules/SW.o
                0x00800160                _ZN2SW6selectE
 .bss._ZN2SW5startE
                0x00800161        0x1 src/modules/SW.o
                0x00800161                _ZN2SW5startE
 .bss._ZN2SW5rightE
                0x00800162        0x1 src/modules/SW.o
                0x00800162                _ZN2SW5rightE
 .bss._ZN2SW4leftE
                0x00800163        0x1 src/modules/SW.o
                0x00800163                _ZN2SW4leftE
 .bss._ZN2SW4downE
                0x00800164        0x1 src/modules/SW.o
                0x00800164                _ZN2SW4downE
 .bss._ZN2SW2upE
                0x00800165        0x1 src/modules/SW.o
                0x00800165                _ZN2SW2upE
 .bss._ZN2SW10interrupt1E
                0x00800166        0x1 src/modules/SW.o
                0x00800166                _ZN2SW10interrupt1E
 .bss._ZN2SW10interrupt0E
                0x00800167        0x1 src/modules/SW.o
                0x00800167                _ZN2SW10interrupt0E
 .bss._ZN2SW7oldDataE
                0x00800168        0x1 src/modules/SW.o
                0x00800168                _ZN2SW7oldDataE
 .bss._ZN2SW7newDataE
                0x00800169        0x1 src/modules/SW.o
                0x00800169                _ZN2SW7newDataE
 .bss._ZN2SW6resultE
                0x0080016a        0x1 src/modules/SW.o
                0x0080016a                _ZN2SW6resultE
 *(COMMON)
                0x0080016b                PROVIDE (__bss_end, .)
                0x0000496a                __data_load_start = LOADADDR (.data)
                0x000049a0                __data_load_end = (__data_load_start + SIZEOF (.data))

.noinit         0x0080016b        0x0
                [!provide]                PROVIDE (__noinit_start, .)
 *(.noinit*)
                [!provide]                PROVIDE (__noinit_end, .)
                0x0080016b                _end = .
                [!provide]                PROVIDE (__heap_start, .)

.eeprom         0x00810000        0x0
 *(.eeprom*)
                0x00810000                __eeprom_end = .

.fuse
 *(.fuse)
 *(.lfuse)
 *(.hfuse)
 *(.efuse)

.lock
 *(.lock*)

.signature
 *(.signature*)

.user_signatures
 *(.user_signatures*)

.stab
 *(.stab)

.stabstr
 *(.stabstr)

.stab.excl
 *(.stab.excl)

.stab.exclstr
 *(.stab.exclstr)

.stab.index
 *(.stab.index)

.stab.indexstr
 *(.stab.indexstr)

.comment        0x00000000       0x30
 *(.comment)
 .comment       0x00000000       0x30 main.o
                                 0x31 (size before relaxing)
 .comment       0x00000030       0x31 src/core/Font.o
 .comment       0x00000030       0x31 src/core/Frame.o
 .comment       0x00000030       0x31 src/core/Game.o
 .comment       0x00000030       0x31 src/core/Object.o
 .comment       0x00000030       0x31 src/core/Player.o
 .comment       0x00000030       0x31 src/modules/MCU.o
 .comment       0x00000030       0x31 src/modules/SW.o
 .comment       0x00000030       0x31 src/modules/TFT.o

.note.gnu.avr.deviceinfo
                0x00000000       0x40
 .note.gnu.avr.deviceinfo
                0x00000000       0x40 C:/Program Files (x86)/Atmel/Studio/7.0/Packs/Atmel/ATmega_DFP/1.6.364/gcc/dev/atmega328p/avr5/crtatmega328p.o

.note.gnu.build-id
 *(.note.gnu.build-id)

.debug
 *(.debug)

.line
 *(.line)

.debug_srcinfo
 *(.debug_srcinfo)

.debug_sfnames
 *(.debug_sfnames)

.debug_aranges  0x00000000      0x280
 *(.debug_aranges)
 .debug_aranges
                0x00000000       0x50 main.o
 .debug_aranges
                0x00000050       0x30 src/core/Font.o
 .debug_aranges
                0x00000080       0x28 src/core/Frame.o
 .debug_aranges
                0x000000a8       0x38 src/core/Game.o
 .debug_aranges
                0x000000e0       0x50 src/core/Object.o
 .debug_aranges
                0x00000130       0x38 src/core/Player.o
 .debug_aranges
                0x00000168       0x68 src/modules/MCU.o
 .debug_aranges
                0x000001d0       0x28 src/modules/SW.o
 .debug_aranges
                0x000001f8       0x88 src/modules/TFT.o

.debug_pubnames
 *(.debug_pubnames)

.debug_info     0x00000000     0xa5ee
 *(.debug_info .gnu.linkonce.wi.*)
 .debug_info    0x00000000      0x5f4 C:/Program Files (x86)/Atmel/Studio/7.0/Packs/Atmel/ATmega_DFP/1.6.364/gcc/dev/atmega328p/avr5/crtatmega328p.o
 .debug_info    0x000005f4     0x30dd main.o
 .debug_info    0x000036d1      0x89d src/core/Font.o
 .debug_info    0x00003f6e      0x260 src/core/Frame.o
 .debug_info    0x000041ce     0x3088 src/core/Game.o
 .debug_info    0x00007256      0xd43 src/core/Object.o
 .debug_info    0x00007f99      0xa02 src/core/Player.o
 .debug_info    0x0000899b      0x3c2 src/modules/MCU.o
 .debug_info    0x00008d5d      0x253 src/modules/SW.o
 .debug_info    0x00008fb0     0x163e src/modules/TFT.o

.debug_abbrev   0x00000000     0x15d1
 *(.debug_abbrev)
 .debug_abbrev  0x00000000      0x5a2 C:/Program Files (x86)/Atmel/Studio/7.0/Packs/Atmel/ATmega_DFP/1.6.364/gcc/dev/atmega328p/avr5/crtatmega328p.o
 .debug_abbrev  0x000005a2      0x2c6 main.o
 .debug_abbrev  0x00000868      0x199 src/core/Font.o
 .debug_abbrev  0x00000a01       0xb7 src/core/Frame.o
 .debug_abbrev  0x00000ab8      0x2f3 src/core/Game.o
 .debug_abbrev  0x00000dab      0x190 src/core/Object.o
 .debug_abbrev  0x00000f3b      0x1a6 src/core/Player.o
 .debug_abbrev  0x000010e1      0x1bf src/modules/MCU.o
 .debug_abbrev  0x000012a0       0xcf src/modules/SW.o
 .debug_abbrev  0x0000136f      0x262 src/modules/TFT.o

.debug_line     0x00000000     0x21e0
 *(.debug_line .debug_line.* .debug_line_end)
 .debug_line    0x00000000      0x134 C:/Program Files (x86)/Atmel/Studio/7.0/Packs/Atmel/ATmega_DFP/1.6.364/gcc/dev/atmega328p/avr5/crtatmega328p.o
 .debug_line    0x00000134      0x2e7 main.o
 .debug_line    0x0000041b      0x1dc src/core/Font.o
 .debug_line    0x000005f7      0x165 src/core/Frame.o
 .debug_line    0x0000075c      0x839 src/core/Game.o
 .debug_line    0x00000f95      0x356 src/core/Object.o
 .debug_line    0x000012eb      0x2cc src/core/Player.o
 .debug_line    0x000015b7      0x4c7 src/modules/MCU.o
 .debug_line    0x00001a7e      0x101 src/modules/SW.o
 .debug_line    0x00001b7f      0x661 src/modules/TFT.o

.debug_frame    0x00000000      0xb44
 *(.debug_frame)
 .debug_frame   0x00000000      0x10c main.o
 .debug_frame   0x0000010c      0x108 src/core/Font.o
 .debug_frame   0x00000214       0x34 src/core/Frame.o
 .debug_frame   0x00000248      0x180 src/core/Game.o
 .debug_frame   0x000003c8      0x1e4 src/core/Object.o
 .debug_frame   0x000005ac      0x15c src/core/Player.o
 .debug_frame   0x00000708       0xb4 src/modules/MCU.o
 .debug_frame   0x000007bc       0x34 src/modules/SW.o
 .debug_frame   0x000007f0      0x354 src/modules/TFT.o

.debug_str      0x00000000     0x11f3
 *(.debug_str)
 .debug_str     0x00000000      0x208 C:/Program Files (x86)/Atmel/Studio/7.0/Packs/Atmel/ATmega_DFP/1.6.364/gcc/dev/atmega328p/avr5/crtatmega328p.o
 .debug_str     0x00000208      0x839 main.o
                                0x897 (size before relaxing)
 .debug_str     0x00000a41       0x6b src/core/Font.o
                                0x538 (size before relaxing)
 .debug_str     0x00000aac      0x1ba src/core/Frame.o
                                0x380 (size before relaxing)
 .debug_str     0x00000c66      0x2f6 src/core/Game.o
                                0xae0 (size before relaxing)
 .debug_str     0x00000f5c       0x17 src/core/Object.o
                                0x5f5 (size before relaxing)
 .debug_str     0x00000f73       0x17 src/core/Player.o
                                0x518 (size before relaxing)
 .debug_str     0x00000f8a      0x149 src/modules/MCU.o
                                0x3e0 (size before relaxing)
 .debug_str     0x000010d3       0xbd src/modules/SW.o
                                0x2ee (size before relaxing)
 .debug_str     0x00001190       0x63 src/modules/TFT.o
                                0x4da (size before relaxing)

.debug_loc      0x00000000     0x3f8e
 *(.debug_loc)
 .debug_loc     0x00000000      0x1cf main.o
 .debug_loc     0x000001cf      0x6fd src/core/Font.o
 .debug_loc     0x000008cc      0xc96 src/core/Game.o
 .debug_loc     0x00001562      0x5bf src/core/Object.o
 .debug_loc     0x00001b21      0x46b src/core/Player.o
 .debug_loc     0x00001f8c      0x5b7 src/modules/MCU.o
 .debug_loc     0x00002543     0x1a4b src/modules/TFT.o

.debug_macinfo
 *(.debug_macinfo)

.debug_weaknames
 *(.debug_weaknames)

.debug_funcnames
 *(.debug_funcnames)

.debug_typenames
 *(.debug_typenames)

.debug_varnames
 *(.debug_varnames)

.debug_pubtypes
 *(.debug_pubtypes)

.debug_ranges   0x00000000      0x270
 *(.debug_ranges)
 .debug_ranges  0x00000000       0x40 main.o
 .debug_ranges  0x00000040       0x40 src/core/Font.o
 .debug_ranges  0x00000080       0x18 src/core/Frame.o
 .debug_ranges  0x00000098       0x58 src/core/Game.o
 .debug_ranges  0x000000f0       0x40 src/core/Object.o
 .debug_ranges  0x00000130       0x28 src/core/Player.o
 .debug_ranges  0x00000158       0x58 src/modules/MCU.o
 .debug_ranges  0x000001b0       0x18 src/modules/SW.o
 .debug_ranges  0x000001c8       0xa8 src/modules/TFT.o

.debug_macro
 *(.debug_macro)
OUTPUT(ATmega328P.elf elf32-avr)
LOAD linker stubs
