Archive member included to satisfy reference by file (symbol)

c:/program files (x86)/atmel/studio/7.0/toolchain/avr8/avr8-gnu-toolchain/bin/../lib/gcc/avr/5.4.0/avr5\libgcc.a(_udivmodsi4.o)
                              src/core/Font.o (__udivmodsi4)
c:/program files (x86)/atmel/studio/7.0/toolchain/avr8/avr8-gnu-toolchain/bin/../lib/gcc/avr/5.4.0/avr5\libgcc.a(_exit.o)
                              C:/Program Files (x86)/Atmel/Studio/7.0/Packs/Atmel/ATmega_DFP/1.6.364/gcc/dev/atmega328p/avr5/crtatmega328p.o (exit)
c:/program files (x86)/atmel/studio/7.0/toolchain/avr8/avr8-gnu-toolchain/bin/../lib/gcc/avr/5.4.0/avr5\libgcc.a(_copy_data.o)
                              src/core/Frame.o (__do_copy_data)
c:/program files (x86)/atmel/studio/7.0/toolchain/avr8/avr8-gnu-toolchain/bin/../lib/gcc/avr/5.4.0/avr5\libgcc.a(_clear_bss.o)
                              main.o (__do_clear_bss)
c:/program files (x86)/atmel/studio/7.0/toolchain/avr8/avr8-gnu-toolchain/bin/../lib/gcc/avr/5.4.0/avr5\libgcc.a(_ctors.o)
                              main.o (__do_global_ctors)
c:/program files (x86)/atmel/studio/7.0/toolchain/avr8/avr8-gnu-toolchain/bin/../lib/gcc/avr/5.4.0/avr5\libgcc.a(_muluhisi3.o)
                              src/core/Object.o (__muluhisi3)
c:/program files (x86)/atmel/studio/7.0/toolchain/avr8/avr8-gnu-toolchain/bin/../lib/gcc/avr/5.4.0/avr5\libgcc.a(_tablejump2.o)
                              c:/program files (x86)/atmel/studio/7.0/toolchain/avr8/avr8-gnu-toolchain/bin/../lib/gcc/avr/5.4.0/avr5\libgcc.a(_ctors.o) (__tablejump2__)
c:/program files (x86)/atmel/studio/7.0/toolchain/avr8/avr8-gnu-toolchain/bin/../lib/gcc/avr/5.4.0/avr5\libgcc.a(_umulhisi3.o)
                              c:/program files (x86)/atmel/studio/7.0/toolchain/avr8/avr8-gnu-toolchain/bin/../lib/gcc/avr/5.4.0/avr5\libgcc.a(_muluhisi3.o) (__umulhisi3)

Discarded input sections

 .data          0x00000000        0x0 C:/Program Files (x86)/Atmel/Studio/7.0/Packs/Atmel/ATmega_DFP/1.6.364/gcc/dev/atmega328p/avr5/crtatmega328p.o
 .bss           0x00000000        0x0 C:/Program Files (x86)/Atmel/Studio/7.0/Packs/Atmel/ATmega_DFP/1.6.364/gcc/dev/atmega328p/avr5/crtatmega328p.o
 .text          0x00000000        0x0 main.o
 .data          0x00000000        0x0 main.o
 .bss           0x00000000        0x0 main.o
 .text._GLOBAL__sub_D_game
                0x00000000        0x2 main.o
 .text          0x00000000        0x0 src/core/Font.o
 .data          0x00000000        0x0 src/core/Font.o
 .bss           0x00000000        0x0 src/core/Font.o
 .text          0x00000000        0x0 src/core/Frame.o
 .data          0x00000000        0x0 src/core/Frame.o
 .bss           0x00000000        0x0 src/core/Frame.o
 .text          0x00000000        0x0 src/core/Game.o
 .data          0x00000000        0x0 src/core/Game.o
 .bss           0x00000000        0x0 src/core/Game.o
 .text          0x00000000        0x0 src/core/Object.o
 .data          0x00000000        0x0 src/core/Object.o
 .bss           0x00000000        0x0 src/core/Object.o
 .text          0x00000000        0x0 src/core/Player.o
 .data          0x00000000        0x0 src/core/Player.o
 .bss           0x00000000        0x0 src/core/Player.o
 .text._ZN6Player4deadEv
                0x00000000        0x2 src/core/Player.o
 .text          0x00000000        0x0 src/modules/MCU.o
 .data          0x00000000        0x0 src/modules/MCU.o
 .bss           0x00000000        0x0 src/modules/MCU.o
 .text._ZN3MCU9insertBitEhb
                0x00000000       0x16 src/modules/MCU.o
 .text._ZN3MCU8Features3hexEa
                0x00000000       0x74 src/modules/MCU.o
 .text._ZN3MCU8Features5ASCIIEa
                0x00000000        0xc src/modules/MCU.o
 .text._ZN3MCU7Setting10beginPCINTEa
                0x00000000       0x88 src/modules/MCU.o
 .text._ZN3MCU7Setting8beginPWMEab
                0x00000000      0x130 src/modules/MCU.o
 .text          0x00000000        0x0 src/modules/SW.o
 .data          0x00000000        0x0 src/modules/SW.o
 .bss           0x00000000        0x0 src/modules/SW.o
 .text          0x00000000        0x0 src/modules/TFT.o
 .data          0x00000000        0x0 src/modules/TFT.o
 .bss           0x00000000        0x0 src/modules/TFT.o
 .text._ZN3TFT9fillPixelEiij
                0x00000000       0x2e src/modules/TFT.o
 .text          0x00000000        0x0 c:/program files (x86)/atmel/studio/7.0/toolchain/avr8/avr8-gnu-toolchain/bin/../lib/gcc/avr/5.4.0/avr5\libgcc.a(_udivmodsi4.o)
 .data          0x00000000        0x0 c:/program files (x86)/atmel/studio/7.0/toolchain/avr8/avr8-gnu-toolchain/bin/../lib/gcc/avr/5.4.0/avr5\libgcc.a(_udivmodsi4.o)
 .bss           0x00000000        0x0 c:/program files (x86)/atmel/studio/7.0/toolchain/avr8/avr8-gnu-toolchain/bin/../lib/gcc/avr/5.4.0/avr5\libgcc.a(_udivmodsi4.o)
 .text.libgcc.mul
                0x00000000        0x0 c:/program files (x86)/atmel/studio/7.0/toolchain/avr8/avr8-gnu-toolchain/bin/../lib/gcc/avr/5.4.0/avr5\libgcc.a(_udivmodsi4.o)
 .text.libgcc   0x00000000        0x0 c:/program files (x86)/atmel/studio/7.0/toolchain/avr8/avr8-gnu-toolchain/bin/../lib/gcc/avr/5.4.0/avr5\libgcc.a(_udivmodsi4.o)
 .text.libgcc.prologue
                0x00000000        0x0 c:/program files (x86)/atmel/studio/7.0/toolchain/avr8/avr8-gnu-toolchain/bin/../lib/gcc/avr/5.4.0/avr5\libgcc.a(_udivmodsi4.o)
 .text.libgcc.builtins
                0x00000000        0x0 c:/program files (x86)/atmel/studio/7.0/toolchain/avr8/avr8-gnu-toolchain/bin/../lib/gcc/avr/5.4.0/avr5\libgcc.a(_udivmodsi4.o)
 .text.libgcc.fmul
                0x00000000        0x0 c:/program files (x86)/atmel/studio/7.0/toolchain/avr8/avr8-gnu-toolchain/bin/../lib/gcc/avr/5.4.0/avr5\libgcc.a(_udivmodsi4.o)
 .text.libgcc.fixed
                0x00000000        0x0 c:/program files (x86)/atmel/studio/7.0/toolchain/avr8/avr8-gnu-toolchain/bin/../lib/gcc/avr/5.4.0/avr5\libgcc.a(_udivmodsi4.o)
 .text          0x00000000        0x0 c:/program files (x86)/atmel/studio/7.0/toolchain/avr8/avr8-gnu-toolchain/bin/../lib/gcc/avr/5.4.0/avr5\libgcc.a(_exit.o)
 .data          0x00000000        0x0 c:/program files (x86)/atmel/studio/7.0/toolchain/avr8/avr8-gnu-toolchain/bin/../lib/gcc/avr/5.4.0/avr5\libgcc.a(_exit.o)
 .bss           0x00000000        0x0 c:/program files (x86)/atmel/studio/7.0/toolchain/avr8/avr8-gnu-toolchain/bin/../lib/gcc/avr/5.4.0/avr5\libgcc.a(_exit.o)
 .text.libgcc.mul
                0x00000000        0x0 c:/program files (x86)/atmel/studio/7.0/toolchain/avr8/avr8-gnu-toolchain/bin/../lib/gcc/avr/5.4.0/avr5\libgcc.a(_exit.o)
 .text.libgcc.div
                0x00000000        0x0 c:/program files (x86)/atmel/studio/7.0/toolchain/avr8/avr8-gnu-toolchain/bin/../lib/gcc/avr/5.4.0/avr5\libgcc.a(_exit.o)
 .text.libgcc   0x00000000        0x0 c:/program files (x86)/atmel/studio/7.0/toolchain/avr8/avr8-gnu-toolchain/bin/../lib/gcc/avr/5.4.0/avr5\libgcc.a(_exit.o)
 .text.libgcc.prologue
                0x00000000        0x0 c:/program files (x86)/atmel/studio/7.0/toolchain/avr8/avr8-gnu-toolchain/bin/../lib/gcc/avr/5.4.0/avr5\libgcc.a(_exit.o)
 .text.libgcc.builtins
                0x00000000        0x0 c:/program files (x86)/atmel/studio/7.0/toolchain/avr8/avr8-gnu-toolchain/bin/../lib/gcc/avr/5.4.0/avr5\libgcc.a(_exit.o)
 .text.libgcc.fmul
                0x00000000        0x0 c:/program files (x86)/atmel/studio/7.0/toolchain/avr8/avr8-gnu-toolchain/bin/../lib/gcc/avr/5.4.0/avr5\libgcc.a(_exit.o)
 .text.libgcc.fixed
                0x00000000        0x0 c:/program files (x86)/atmel/studio/7.0/toolchain/avr8/avr8-gnu-toolchain/bin/../lib/gcc/avr/5.4.0/avr5\libgcc.a(_exit.o)
 .text          0x00000000        0x0 c:/program files (x86)/atmel/studio/7.0/toolchain/avr8/avr8-gnu-toolchain/bin/../lib/gcc/avr/5.4.0/avr5\libgcc.a(_copy_data.o)
 .data          0x00000000        0x0 c:/program files (x86)/atmel/studio/7.0/toolchain/avr8/avr8-gnu-toolchain/bin/../lib/gcc/avr/5.4.0/avr5\libgcc.a(_copy_data.o)
 .bss           0x00000000        0x0 c:/program files (x86)/atmel/studio/7.0/toolchain/avr8/avr8-gnu-toolchain/bin/../lib/gcc/avr/5.4.0/avr5\libgcc.a(_copy_data.o)
 .text.libgcc.mul
                0x00000000        0x0 c:/program files (x86)/atmel/studio/7.0/toolchain/avr8/avr8-gnu-toolchain/bin/../lib/gcc/avr/5.4.0/avr5\libgcc.a(_copy_data.o)
 .text.libgcc.div
                0x00000000        0x0 c:/program files (x86)/atmel/studio/7.0/toolchain/avr8/avr8-gnu-toolchain/bin/../lib/gcc/avr/5.4.0/avr5\libgcc.a(_copy_data.o)
 .text.libgcc   0x00000000        0x0 c:/program files (x86)/atmel/studio/7.0/toolchain/avr8/avr8-gnu-toolchain/bin/../lib/gcc/avr/5.4.0/avr5\libgcc.a(_copy_data.o)
 .text.libgcc.prologue
                0x00000000        0x0 c:/program files (x86)/atmel/studio/7.0/toolchain/avr8/avr8-gnu-toolchain/bin/../lib/gcc/avr/5.4.0/avr5\libgcc.a(_copy_data.o)
 .text.libgcc.builtins
                0x00000000        0x0 c:/program files (x86)/atmel/studio/7.0/toolchain/avr8/avr8-gnu-toolchain/bin/../lib/gcc/avr/5.4.0/avr5\libgcc.a(_copy_data.o)
 .text.libgcc.fmul
                0x00000000        0x0 c:/program files (x86)/atmel/studio/7.0/toolchain/avr8/avr8-gnu-toolchain/bin/../lib/gcc/avr/5.4.0/avr5\libgcc.a(_copy_data.o)
 .text.libgcc.fixed
                0x00000000        0x0 c:/program files (x86)/atmel/studio/7.0/toolchain/avr8/avr8-gnu-toolchain/bin/../lib/gcc/avr/5.4.0/avr5\libgcc.a(_copy_data.o)
 .text          0x00000000        0x0 c:/program files (x86)/atmel/studio/7.0/toolchain/avr8/avr8-gnu-toolchain/bin/../lib/gcc/avr/5.4.0/avr5\libgcc.a(_clear_bss.o)
 .data          0x00000000        0x0 c:/program files (x86)/atmel/studio/7.0/toolchain/avr8/avr8-gnu-toolchain/bin/../lib/gcc/avr/5.4.0/avr5\libgcc.a(_clear_bss.o)
 .bss           0x00000000        0x0 c:/program files (x86)/atmel/studio/7.0/toolchain/avr8/avr8-gnu-toolchain/bin/../lib/gcc/avr/5.4.0/avr5\libgcc.a(_clear_bss.o)
 .text.libgcc.mul
                0x00000000        0x0 c:/program files (x86)/atmel/studio/7.0/toolchain/avr8/avr8-gnu-toolchain/bin/../lib/gcc/avr/5.4.0/avr5\libgcc.a(_clear_bss.o)
 .text.libgcc.div
                0x00000000        0x0 c:/program files (x86)/atmel/studio/7.0/toolchain/avr8/avr8-gnu-toolchain/bin/../lib/gcc/avr/5.4.0/avr5\libgcc.a(_clear_bss.o)
 .text.libgcc   0x00000000        0x0 c:/program files (x86)/atmel/studio/7.0/toolchain/avr8/avr8-gnu-toolchain/bin/../lib/gcc/avr/5.4.0/avr5\libgcc.a(_clear_bss.o)
 .text.libgcc.prologue
                0x00000000        0x0 c:/program files (x86)/atmel/studio/7.0/toolchain/avr8/avr8-gnu-toolchain/bin/../lib/gcc/avr/5.4.0/avr5\libgcc.a(_clear_bss.o)
 .text.libgcc.builtins
                0x00000000        0x0 c:/program files (x86)/atmel/studio/7.0/toolchain/avr8/avr8-gnu-toolchain/bin/../lib/gcc/avr/5.4.0/avr5\libgcc.a(_clear_bss.o)
 .text.libgcc.fmul
                0x00000000        0x0 c:/program files (x86)/atmel/studio/7.0/toolchain/avr8/avr8-gnu-toolchain/bin/../lib/gcc/avr/5.4.0/avr5\libgcc.a(_clear_bss.o)
 .text.libgcc.fixed
                0x00000000        0x0 c:/program files (x86)/atmel/studio/7.0/toolchain/avr8/avr8-gnu-toolchain/bin/../lib/gcc/avr/5.4.0/avr5\libgcc.a(_clear_bss.o)
 .text          0x00000000        0x0 c:/program files (x86)/atmel/studio/7.0/toolchain/avr8/avr8-gnu-toolchain/bin/../lib/gcc/avr/5.4.0/avr5\libgcc.a(_ctors.o)
 .data          0x00000000        0x0 c:/program files (x86)/atmel/studio/7.0/toolchain/avr8/avr8-gnu-toolchain/bin/../lib/gcc/avr/5.4.0/avr5\libgcc.a(_ctors.o)
 .bss           0x00000000        0x0 c:/program files (x86)/atmel/studio/7.0/toolchain/avr8/avr8-gnu-toolchain/bin/../lib/gcc/avr/5.4.0/avr5\libgcc.a(_ctors.o)
 .text.libgcc.mul
                0x00000000        0x0 c:/program files (x86)/atmel/studio/7.0/toolchain/avr8/avr8-gnu-toolchain/bin/../lib/gcc/avr/5.4.0/avr5\libgcc.a(_ctors.o)
 .text.libgcc.div
                0x00000000        0x0 c:/program files (x86)/atmel/studio/7.0/toolchain/avr8/avr8-gnu-toolchain/bin/../lib/gcc/avr/5.4.0/avr5\libgcc.a(_ctors.o)
 .text.libgcc   0x00000000        0x0 c:/program files (x86)/atmel/studio/7.0/toolchain/avr8/avr8-gnu-toolchain/bin/../lib/gcc/avr/5.4.0/avr5\libgcc.a(_ctors.o)
 .text.libgcc.prologue
                0x00000000        0x0 c:/program files (x86)/atmel/studio/7.0/toolchain/avr8/avr8-gnu-toolchain/bin/../lib/gcc/avr/5.4.0/avr5\libgcc.a(_ctors.o)
 .text.libgcc.builtins
                0x00000000        0x0 c:/program files (x86)/atmel/studio/7.0/toolchain/avr8/avr8-gnu-toolchain/bin/../lib/gcc/avr/5.4.0/avr5\libgcc.a(_ctors.o)
 .text.libgcc.fmul
                0x00000000        0x0 c:/program files (x86)/atmel/studio/7.0/toolchain/avr8/avr8-gnu-toolchain/bin/../lib/gcc/avr/5.4.0/avr5\libgcc.a(_ctors.o)
 .text.libgcc.fixed
                0x00000000        0x0 c:/program files (x86)/atmel/studio/7.0/toolchain/avr8/avr8-gnu-toolchain/bin/../lib/gcc/avr/5.4.0/avr5\libgcc.a(_ctors.o)
 .text          0x00000000        0x0 c:/program files (x86)/atmel/studio/7.0/toolchain/avr8/avr8-gnu-toolchain/bin/../lib/gcc/avr/5.4.0/avr5\libgcc.a(_muluhisi3.o)
 .data          0x00000000        0x0 c:/program files (x86)/atmel/studio/7.0/toolchain/avr8/avr8-gnu-toolchain/bin/../lib/gcc/avr/5.4.0/avr5\libgcc.a(_muluhisi3.o)
 .bss           0x00000000        0x0 c:/program files (x86)/atmel/studio/7.0/toolchain/avr8/avr8-gnu-toolchain/bin/../lib/gcc/avr/5.4.0/avr5\libgcc.a(_muluhisi3.o)
 .text.libgcc.div
                0x00000000        0x0 c:/program files (x86)/atmel/studio/7.0/toolchain/avr8/avr8-gnu-toolchain/bin/../lib/gcc/avr/5.4.0/avr5\libgcc.a(_muluhisi3.o)
 .text.libgcc   0x00000000        0x0 c:/program files (x86)/atmel/studio/7.0/toolchain/avr8/avr8-gnu-toolchain/bin/../lib/gcc/avr/5.4.0/avr5\libgcc.a(_muluhisi3.o)
 .text.libgcc.prologue
                0x00000000        0x0 c:/program files (x86)/atmel/studio/7.0/toolchain/avr8/avr8-gnu-toolchain/bin/../lib/gcc/avr/5.4.0/avr5\libgcc.a(_muluhisi3.o)
 .text.libgcc.builtins
                0x00000000        0x0 c:/program files (x86)/atmel/studio/7.0/toolchain/avr8/avr8-gnu-toolchain/bin/../lib/gcc/avr/5.4.0/avr5\libgcc.a(_muluhisi3.o)
 .text.libgcc.fmul
                0x00000000        0x0 c:/program files (x86)/atmel/studio/7.0/toolchain/avr8/avr8-gnu-toolchain/bin/../lib/gcc/avr/5.4.0/avr5\libgcc.a(_muluhisi3.o)
 .text.libgcc.fixed
                0x00000000        0x0 c:/program files (x86)/atmel/studio/7.0/toolchain/avr8/avr8-gnu-toolchain/bin/../lib/gcc/avr/5.4.0/avr5\libgcc.a(_muluhisi3.o)
 .text          0x00000000        0x0 c:/program files (x86)/atmel/studio/7.0/toolchain/avr8/avr8-gnu-toolchain/bin/../lib/gcc/avr/5.4.0/avr5\libgcc.a(_tablejump2.o)
 .data          0x00000000        0x0 c:/program files (x86)/atmel/studio/7.0/toolchain/avr8/avr8-gnu-toolchain/bin/../lib/gcc/avr/5.4.0/avr5\libgcc.a(_tablejump2.o)
 .bss           0x00000000        0x0 c:/program files (x86)/atmel/studio/7.0/toolchain/avr8/avr8-gnu-toolchain/bin/../lib/gcc/avr/5.4.0/avr5\libgcc.a(_tablejump2.o)
 .text.libgcc.mul
                0x00000000        0x0 c:/program files (x86)/atmel/studio/7.0/toolchain/avr8/avr8-gnu-toolchain/bin/../lib/gcc/avr/5.4.0/avr5\libgcc.a(_tablejump2.o)
 .text.libgcc.div
                0x00000000        0x0 c:/program files (x86)/atmel/studio/7.0/toolchain/avr8/avr8-gnu-toolchain/bin/../lib/gcc/avr/5.4.0/avr5\libgcc.a(_tablejump2.o)
 .text.libgcc.prologue
                0x00000000        0x0 c:/program files (x86)/atmel/studio/7.0/toolchain/avr8/avr8-gnu-toolchain/bin/../lib/gcc/avr/5.4.0/avr5\libgcc.a(_tablejump2.o)
 .text.libgcc.builtins
                0x00000000        0x0 c:/program files (x86)/atmel/studio/7.0/toolchain/avr8/avr8-gnu-toolchain/bin/../lib/gcc/avr/5.4.0/avr5\libgcc.a(_tablejump2.o)
 .text.libgcc.fmul
                0x00000000        0x0 c:/program files (x86)/atmel/studio/7.0/toolchain/avr8/avr8-gnu-toolchain/bin/../lib/gcc/avr/5.4.0/avr5\libgcc.a(_tablejump2.o)
 .text.libgcc.fixed
                0x00000000        0x0 c:/program files (x86)/atmel/studio/7.0/toolchain/avr8/avr8-gnu-toolchain/bin/../lib/gcc/avr/5.4.0/avr5\libgcc.a(_tablejump2.o)
 .text          0x00000000        0x0 c:/program files (x86)/atmel/studio/7.0/toolchain/avr8/avr8-gnu-toolchain/bin/../lib/gcc/avr/5.4.0/avr5\libgcc.a(_umulhisi3.o)
 .data          0x00000000        0x0 c:/program files (x86)/atmel/studio/7.0/toolchain/avr8/avr8-gnu-toolchain/bin/../lib/gcc/avr/5.4.0/avr5\libgcc.a(_umulhisi3.o)
 .bss           0x00000000        0x0 c:/program files (x86)/atmel/studio/7.0/toolchain/avr8/avr8-gnu-toolchain/bin/../lib/gcc/avr/5.4.0/avr5\libgcc.a(_umulhisi3.o)
 .text.libgcc.div
                0x00000000        0x0 c:/program files (x86)/atmel/studio/7.0/toolchain/avr8/avr8-gnu-toolchain/bin/../lib/gcc/avr/5.4.0/avr5\libgcc.a(_umulhisi3.o)
 .text.libgcc   0x00000000        0x0 c:/program files (x86)/atmel/studio/7.0/toolchain/avr8/avr8-gnu-toolchain/bin/../lib/gcc/avr/5.4.0/avr5\libgcc.a(_umulhisi3.o)
 .text.libgcc.prologue
                0x00000000        0x0 c:/program files (x86)/atmel/studio/7.0/toolchain/avr8/avr8-gnu-toolchain/bin/../lib/gcc/avr/5.4.0/avr5\libgcc.a(_umulhisi3.o)
 .text.libgcc.builtins
                0x00000000        0x0 c:/program files (x86)/atmel/studio/7.0/toolchain/avr8/avr8-gnu-toolchain/bin/../lib/gcc/avr/5.4.0/avr5\libgcc.a(_umulhisi3.o)
 .text.libgcc.fmul
                0x00000000        0x0 c:/program files (x86)/atmel/studio/7.0/toolchain/avr8/avr8-gnu-toolchain/bin/../lib/gcc/avr/5.4.0/avr5\libgcc.a(_umulhisi3.o)
 .text.libgcc.fixed
                0x00000000        0x0 c:/program files (x86)/atmel/studio/7.0/toolchain/avr8/avr8-gnu-toolchain/bin/../lib/gcc/avr/5.4.0/avr5\libgcc.a(_umulhisi3.o)

Memory Configuration

Name             Origin             Length             Attributes
text             0x00000000         0x00008000         xr
data             0x00800100         0x00000800         rw !x
eeprom           0x00810000         0x00000400         rw !x
fuse             0x00820000         0x00000003         rw !x
lock             0x00830000         0x00000400         rw !x
signature        0x00840000         0x00000400         rw !x
user_signatures  0x00850000         0x00000400         rw !x
*default*        0x00000000         0xffffffff

Linker script and memory map

Address of section .data set to 0x800100
LOAD C:/Program Files (x86)/Atmel/Studio/7.0/Packs/Atmel/ATmega_DFP/1.6.364/gcc/dev/atmega328p/avr5/crtatmega328p.o
LOAD main.o
LOAD src/core/Font.o
LOAD src/core/Frame.o
LOAD src/core/Game.o
LOAD src/core/Object.o
LOAD src/core/Player.o
LOAD src/modules/MCU.o
LOAD src/modules/SW.o
LOAD src/modules/TFT.o
START GROUP
LOAD c:/program files (x86)/atmel/studio/7.0/toolchain/avr8/avr8-gnu-toolchain/bin/../lib/gcc/avr/5.4.0/../../../../avr/lib/avr5\libm.a
END GROUP
LOAD c:/program files (x86)/atmel/studio/7.0/toolchain/avr8/avr8-gnu-toolchain/bin/../lib/gcc/avr/5.4.0/avr5\libgcc.a
LOAD c:/program files (x86)/atmel/studio/7.0/toolchain/avr8/avr8-gnu-toolchain/bin/../lib/gcc/avr/5.4.0/../../../../avr/lib/avr5\libm.a
START GROUP
LOAD c:/program files (x86)/atmel/studio/7.0/toolchain/avr8/avr8-gnu-toolchain/bin/../lib/gcc/avr/5.4.0/avr5\libgcc.a
LOAD c:/program files (x86)/atmel/studio/7.0/toolchain/avr8/avr8-gnu-toolchain/bin/../lib/gcc/avr/5.4.0/../../../../avr/lib/avr5\libm.a
LOAD c:/program files (x86)/atmel/studio/7.0/toolchain/avr8/avr8-gnu-toolchain/bin/../lib/gcc/avr/5.4.0/../../../../avr/lib/avr5\libc.a
LOAD C:/Program Files (x86)/Atmel/Studio/7.0/Packs/Atmel/ATmega_DFP/1.6.364/gcc/dev/atmega328p/avr5\libatmega328p.a
END GROUP
                0x00000000                __TEXT_REGION_ORIGIN__ = DEFINED (__TEXT_REGION_ORIGIN__)?__TEXT_REGION_ORIGIN__:0x0
                [0x00800100]                __DATA_REGION_ORIGIN__ = DEFINED (__DATA_REGION_ORIGIN__)?__DATA_REGION_ORIGIN__:0x800060
                [0x00008000]                __TEXT_REGION_LENGTH__ = DEFINED (__TEXT_REGION_LENGTH__)?__TEXT_REGION_LENGTH__:0x20000
                [0x00000800]                __DATA_REGION_LENGTH__ = DEFINED (__DATA_REGION_LENGTH__)?__DATA_REGION_LENGTH__:0xffa0
                [0x00000400]                __EEPROM_REGION_LENGTH__ = DEFINED (__EEPROM_REGION_LENGTH__)?__EEPROM_REGION_LENGTH__:0x10000
                [0x00000003]                __FUSE_REGION_LENGTH__ = DEFINED (__FUSE_REGION_LENGTH__)?__FUSE_REGION_LENGTH__:0x400
                0x00000400                __LOCK_REGION_LENGTH__ = DEFINED (__LOCK_REGION_LENGTH__)?__LOCK_REGION_LENGTH__:0x400
                0x00000400                __SIGNATURE_REGION_LENGTH__ = DEFINED (__SIGNATURE_REGION_LENGTH__)?__SIGNATURE_REGION_LENGTH__:0x400
                0x00000400                __USER_SIGNATURE_REGION_LENGTH__ = DEFINED (__USER_SIGNATURE_REGION_LENGTH__)?__USER_SIGNATURE_REGION_LENGTH__:0x400

.hash
 *(.hash)

.dynsym
 *(.dynsym)

.dynstr
 *(.dynstr)

.gnu.version
 *(.gnu.version)

.gnu.version_d
 *(.gnu.version_d)

.gnu.version_r
 *(.gnu.version_r)

.rel.init
 *(.rel.init)

.rela.init
 *(.rela.init)

.rel.text
 *(.rel.text)
 *(.rel.text.*)
 *(.rel.gnu.linkonce.t*)

.rela.text
 *(.rela.text)
 *(.rela.text.*)
 *(.rela.gnu.linkonce.t*)

.rel.fini
 *(.rel.fini)

.rela.fini
 *(.rela.fini)

.rel.rodata
 *(.rel.rodata)
 *(.rel.rodata.*)
 *(.rel.gnu.linkonce.r*)

.rela.rodata
 *(.rela.rodata)
 *(.rela.rodata.*)
 *(.rela.gnu.linkonce.r*)

.rel.data
 *(.rel.data)
 *(.rel.data.*)
 *(.rel.gnu.linkonce.d*)

.rela.data
 *(.rela.data)
 *(.rela.data.*)
 *(.rela.gnu.linkonce.d*)

.rel.ctors
 *(.rel.ctors)

.rela.ctors
 *(.rela.ctors)

.rel.dtors
 *(.rel.dtors)

.rela.dtors
 *(.rela.dtors)

.rel.got
 *(.rel.got)

.rela.got
 *(.rela.got)

.rel.bss
 *(.rel.bss)

.rela.bss
 *(.rela.bss)

.rel.plt
 *(.rel.plt)

.rela.plt
 *(.rela.plt)

.text           0x00000000     0x4444
 *(.vectors)
 .vectors       0x00000000       0x68 C:/Program Files (x86)/Atmel/Studio/7.0/Packs/Atmel/ATmega_DFP/1.6.364/gcc/dev/atmega328p/avr5/crtatmega328p.o
                0x00000000                __vector_default
                0x00000000                __vectors
 *(.vectors)
 *(.progmem.gcc*)
                0x00000068                . = ALIGN (0x2)
                0x00000068                __trampolines_start = .
 *(.trampolines)
 .trampolines   0x00000068        0x0 linker stubs
 *(.trampolines*)
                0x00000068                __trampolines_end = .
 *libprintf_flt.a:*(.progmem.data)
 *libc.a:*(.progmem.data)
 *(.progmem*)
 .progmem.data._ZL8moonTile
                0x00000068       0x20 src/core/Game.o
 .progmem.data._ZL9titleMenu
                0x00000088     0x1180 src/core/Game.o
 .progmem.data._ZL9logoAtmel
                0x00001208      0x720 src/core/Game.o
 .progmem.data._ZL10groundTile
                0x00001928       0xc0 src/core/Game.o
 .progmem.data._ZL9fontASCII
                0x000019e8      0x300 src/core/Game.o
 .progmem.data._ZL9charStand
                0x00001ce8       0x64 src/core/Game.o
 .progmem.data._ZL11presentTile
                0x00001d4c       0x10 src/core/Object.o
 .progmem.data._ZL8fireTile
                0x00001d5c       0x10 src/core/Object.o
 .progmem.data._ZL8bombTile
                0x00001d6c       0x10 src/core/Object.o
 .progmem.data._ZL8ballTile
                0x00001d7c       0x10 src/core/Object.o
 .progmem.data._ZL8charDown
                0x00001d8c      0x1e0 src/core/Player.o
 .progmem.data._ZL6charUp
                0x00001f6c      0x190 src/core/Player.o
 .progmem.data._ZL7charRun
                0x000020fc      0x258 src/core/Player.o
                0x00002354                . = ALIGN (0x2)
 *(.jumptables)
 *(.jumptables*)
 *(.lowtext)
 *(.lowtext*)
                0x00002354                __ctors_start = .
 *(.ctors)
 .ctors         0x00002354        0x2 main.o
                0x00002356                __ctors_end = .
                0x00002356                __dtors_start = .
 *(.dtors)
                0x00002356                __dtors_end = .
 SORT(*)(.ctors)
 SORT(*)(.dtors)
 *(.init0)
 .init0         0x00002356        0x0 C:/Program Files (x86)/Atmel/Studio/7.0/Packs/Atmel/ATmega_DFP/1.6.364/gcc/dev/atmega328p/avr5/crtatmega328p.o
                0x00002356                __init
 *(.init0)
 *(.init1)
 *(.init1)
 *(.init2)
 .init2         0x00002356        0xc C:/Program Files (x86)/Atmel/Studio/7.0/Packs/Atmel/ATmega_DFP/1.6.364/gcc/dev/atmega328p/avr5/crtatmega328p.o
 *(.init2)
 *(.init3)
 *(.init3)
 *(.init4)
 .init4         0x00002362       0x16 c:/program files (x86)/atmel/studio/7.0/toolchain/avr8/avr8-gnu-toolchain/bin/../lib/gcc/avr/5.4.0/avr5\libgcc.a(_copy_data.o)
                0x00002362                __do_copy_data
 .init4         0x00002378       0x10 c:/program files (x86)/atmel/studio/7.0/toolchain/avr8/avr8-gnu-toolchain/bin/../lib/gcc/avr/5.4.0/avr5\libgcc.a(_clear_bss.o)
                0x00002378                __do_clear_bss
 *(.init4)
 *(.init5)
 *(.init5)
 *(.init6)
 .init6         0x00002388       0x16 c:/program files (x86)/atmel/studio/7.0/toolchain/avr8/avr8-gnu-toolchain/bin/../lib/gcc/avr/5.4.0/avr5\libgcc.a(_ctors.o)
                0x00002388                __do_global_ctors
 *(.init6)
 *(.init7)
 *(.init7)
 *(.init8)
 *(.init8)
 *(.init9)
 .init9         0x0000239e        0x8 C:/Program Files (x86)/Atmel/Studio/7.0/Packs/Atmel/ATmega_DFP/1.6.364/gcc/dev/atmega328p/avr5/crtatmega328p.o
 *(.init9)
 *(.text)
 .text          0x000023a6        0x4 C:/Program Files (x86)/Atmel/Studio/7.0/Packs/Atmel/ATmega_DFP/1.6.364/gcc/dev/atmega328p/avr5/crtatmega328p.o
                0x000023a6                __vector_22
                0x000023a6                __vector_24
                0x000023a6                __vector_12
                0x000023a6                __bad_interrupt
                0x000023a6                __vector_6
                0x000023a6                __vector_3
                0x000023a6                __vector_23
                0x000023a6                __vector_25
                0x000023a6                __vector_11
                0x000023a6                __vector_13
                0x000023a6                __vector_17
                0x000023a6                __vector_19
                0x000023a6                __vector_5
                0x000023a6                __vector_4
                0x000023a6                __vector_9
                0x000023a6                __vector_2
                0x000023a6                __vector_21
                0x000023a6                __vector_15
                0x000023a6                __vector_8
                0x000023a6                __vector_14
                0x000023a6                __vector_10
                0x000023a6                __vector_18
                0x000023a6                __vector_20
                0x000023aa                . = ALIGN (0x2)
 *(.text.*)
 .text.main     0x000023aa       0x48 main.o
                0x000023aa                main
 .text.__vector_16
                0x000023f2       0x9e main.o
                0x000023f2                __vector_16
 .text.__vector_7
                0x00002490       0x4a main.o
                0x00002490                __vector_7
 .text.__vector_1
                0x000024da       0x1e main.o
                0x000024da                __vector_1
 .text._GLOBAL__sub_I_game
                0x000024f8       0x24 main.o
 .text._ZN4Font11printLetterEiih
                0x0000251c       0xf2 src/core/Font.o
                0x0000251c                _ZN4Font11printLetterEiih
 .text._ZN4Font5printEiiPKc
                0x0000260e       0x4c src/core/Font.o
                0x0000260e                _ZN4Font5printEiiPKc
 .text._ZN4Font5printEiim
                0x0000265a      0x14e src/core/Font.o
                0x0000265a                _ZN4Font5printEiim
 .text._ZN5Frame6updateEv
                0x000027a8      0x128 src/core/Frame.o
                0x000027a8                _ZN5Frame6updateEv
 .text._ZN5Frame4initEv
                0x000028d0       0x42 src/core/Frame.o
                0x000028d0                _ZN5Frame4initEv
 .text._ZN4Game9titleLoopEv
                0x00002912      0x31a src/core/Game.o
                0x00002912                _ZN4Game9titleLoopEv
 .text._ZN4Game9startLoopEv
                0x00002c2c      0x2ae src/core/Game.o
                0x00002c2c                _ZN4Game9startLoopEv
 .text._ZN4Game5titleEv
                0x00002eda      0x12e src/core/Game.o
                0x00002eda                _ZN4Game5titleEv
 .text._ZN4Game5startEv
                0x00003008      0x180 src/core/Game.o
                0x00003008                _ZN4Game5startEv
 .text._ZN6Object4ballEv
                0x00003188       0xde src/core/Object.o
                0x00003188                _ZN6Object4ballEv
 .text._ZN6Object4bombEv
                0x00003266      0x144 src/core/Object.o
                0x00003266                _ZN6Object4bombEv
 .text._ZN6Object7presentEv
                0x000033aa       0xe0 src/core/Object.o
                0x000033aa                _ZN6Object7presentEv
 .text._ZN6Object7rollingEv
                0x0000348a       0x78 src/core/Object.o
                0x0000348a                _ZN6Object7rollingEv
 .text._ZN6Object4initEv
                0x00003502       0x8e src/core/Object.o
                0x00003502                _ZN6Object4initEv
 .text._ZN6Object5startEv
                0x00003590       0x7a src/core/Object.o
                0x00003590                _ZN6Object5startEv
 .text._ZN6Player7runningEv
                0x0000360a       0xc8 src/core/Player.o
                0x0000360a                _ZN6Player7runningEv
 .text._ZN6Player7jumpingEv
                0x000036d2      0x1e8 src/core/Player.o
                0x000036d2                _ZN6Player7jumpingEv
 .text._ZN6Player5startEv
                0x000038ba       0x66 src/core/Player.o
                0x000038ba                _ZN6Player5startEv
 .text._ZN3MCU7Setting8beginPinEaa
                0x00003920       0x5a src/modules/MCU.o
                0x00003920                _ZN3MCU7Setting8beginPinEaa
 .text._ZN3MCU7Setting9beginPortEab
                0x0000397a       0x20 src/modules/MCU.o
                0x0000397a                _ZN3MCU7Setting9beginPortEab
 .text._ZN3MCU7Setting8beginINTEaa
                0x0000399a       0x36 src/modules/MCU.o
                0x0000399a                _ZN3MCU7Setting8beginINTEaa
 .text._ZN3MCU7Setting10beginTimerEab
                0x000039d0       0xac src/modules/MCU.o
                0x000039d0                _ZN3MCU7Setting10beginTimerEab
 .text._ZN3MCU7Setting8beginSPIEv
                0x00003a7c        0xa src/modules/MCU.o
                0x00003a7c                _ZN3MCU7Setting8beginSPIEv
 .text._ZN2SW6updateEv
                0x00003a86       0x22 src/modules/SW.o
                0x00003a86                _ZN2SW6updateEv
 .text._ZN2SW4initEv
                0x00003aa8       0x22 src/modules/SW.o
                0x00003aa8                _ZN2SW4initEv
 .text._ZN3SPI7sendBitEh
                0x00003aca        0xa src/modules/TFT.o
                0x00003aca                _ZN3SPI7sendBitEh
 .text._ZN3SPI13exportCommandEh
                0x00003ad4        0xc src/modules/TFT.o
                0x00003ad4                _ZN3SPI13exportCommandEh
 .text._ZN3SPI10exportDataEh
                0x00003ae0        0xc src/modules/TFT.o
                0x00003ae0                _ZN3SPI10exportDataEh
 .text._ZN3SPI14exportLongDataEj
                0x00003aec       0x26 src/modules/TFT.o
                0x00003aec                _ZN3SPI14exportLongDataEj
 .text._ZN3TFT5beginEv
                0x00003b12       0xaa src/modules/TFT.o
                0x00003b12                _ZN3TFT5beginEv
 .text._ZN3TFT11setRotationEa
                0x00003bbc       0x50 src/modules/TFT.o
                0x00003bbc                _ZN3TFT11setRotationEa
 .text._ZN3TFT10setAddressEiiii
                0x00003c0c       0x68 src/modules/TFT.o
                0x00003c0c                _ZN3TFT10setAddressEiiii
 .text._ZN3TFT10fillScreenEj
                0x00003c74       0x8a src/modules/TFT.o
                0x00003c74                _ZN3TFT10fillScreenEj
 .text._ZN3TFT5clearEiiiij
                0x00003cfe       0x72 src/modules/TFT.o
                0x00003cfe                _ZN3TFT5clearEiiiij
 .text._ZN3TFT4drawEiiiiPKhjj
                0x00003d70      0x154 src/modules/TFT.o
                0x00003d70                _ZN3TFT4drawEiiiiPKhjj
 .text._ZN3TFT4drawEiiiiPKhjjjj
                0x00003ec4      0x1a4 src/modules/TFT.o
                0x00003ec4                _ZN3TFT4drawEiiiiPKhjjjj
 .text._ZN3TFT4drawEiiiiPA100_Khajjjj
                0x00004068      0x1aa src/modules/TFT.o
                0x00004068                _ZN3TFT4drawEiiiiPA100_Khajjjj
 .text._ZN3TFT4drawEiiiiPA120_Khajjjj
                0x00004212      0x1aa src/modules/TFT.o
                0x00004212                _ZN3TFT4drawEiiiiPA120_Khajjjj
 .text.libgcc.div
                0x000043bc       0x44 c:/program files (x86)/atmel/studio/7.0/toolchain/avr8/avr8-gnu-toolchain/bin/../lib/gcc/avr/5.4.0/avr5\libgcc.a(_udivmodsi4.o)
                0x000043bc                __udivmodsi4
 .text.libgcc.mul
                0x00004400       0x16 c:/program files (x86)/atmel/studio/7.0/toolchain/avr8/avr8-gnu-toolchain/bin/../lib/gcc/avr/5.4.0/avr5\libgcc.a(_muluhisi3.o)
                0x00004400                __muluhisi3
 .text.libgcc   0x00004416        0xc c:/program files (x86)/atmel/studio/7.0/toolchain/avr8/avr8-gnu-toolchain/bin/../lib/gcc/avr/5.4.0/avr5\libgcc.a(_tablejump2.o)
                0x00004416                __tablejump2__
 .text.libgcc.mul
                0x00004422       0x1e c:/program files (x86)/atmel/studio/7.0/toolchain/avr8/avr8-gnu-toolchain/bin/../lib/gcc/avr/5.4.0/avr5\libgcc.a(_umulhisi3.o)
                0x00004422                __umulhisi3
                0x00004440                . = ALIGN (0x2)
 *(.fini9)
 .fini9         0x00004440        0x0 c:/program files (x86)/atmel/studio/7.0/toolchain/avr8/avr8-gnu-toolchain/bin/../lib/gcc/avr/5.4.0/avr5\libgcc.a(_exit.o)
                0x00004440                _exit
                0x00004440                exit
 *(.fini9)
 *(.fini8)
 *(.fini8)
 *(.fini7)
 *(.fini7)
 *(.fini6)
 *(.fini6)
 *(.fini5)
 *(.fini5)
 *(.fini4)
 *(.fini4)
 *(.fini3)
 *(.fini3)
 *(.fini2)
 *(.fini2)
 *(.fini1)
 *(.fini1)
 *(.fini0)
 .fini0         0x00004440        0x4 c:/program files (x86)/atmel/studio/7.0/toolchain/avr8/avr8-gnu-toolchain/bin/../lib/gcc/avr/5.4.0/avr5\libgcc.a(_exit.o)
 *(.fini0)
                0x00004444                _etext = .

.data           0x00800100       0x24 load address 0x00004444
                0x00800100                PROVIDE (__data_start, .)
 *(.data)
 *(.data*)
 .data._ZN5Frame12sixteenBeatsE
                0x00800100        0x1 src/core/Frame.o
                0x00800100                _ZN5Frame12sixteenBeatsE
 .data._ZN5Frame7twoTickE
                0x00800101        0x1 src/core/Frame.o
                0x00800101                _ZN5Frame7twoTickE
 *(.gnu.linkonce.d*)
 *(.rodata)
 *(.rodata*)
 .rodata.str1.1
                0x00800102       0x21 src/core/Game.o
 *(.gnu.linkonce.r*)
                0x00800124                . = ALIGN (0x2)
 *fill*         0x00800123        0x1 
                0x00800124                _edata = .
                0x00800124                PROVIDE (__data_end, .)

.bss            0x00800124       0x34
                0x00800124                PROVIDE (__bss_start, .)
 *(.bss)
 *(.bss*)
 .bss.game      0x00800124       0x13 main.o
                0x00800124                game
 .bss._ZN5Frame9sixFramesE
                0x00800137        0x1 src/core/Frame.o
                0x00800137                _ZN5Frame9sixFramesE
 .bss._ZN5Frame10fourFramesE
                0x00800138        0x1 src/core/Frame.o
                0x00800138                _ZN5Frame10fourFramesE
 .bss._ZN5Frame11secondFrameE
                0x00800139        0x1 src/core/Frame.o
                0x00800139                _ZN5Frame11secondFrameE
 .bss._ZN5Frame7oneTickE
                0x0080013a        0x1 src/core/Frame.o
                0x0080013a                _ZN5Frame7oneTickE
 .bss._ZN5Frame8pastBeatE
                0x0080013b        0x4 src/core/Frame.o
                0x0080013b                _ZN5Frame8pastBeatE
 .bss._ZN5Frame9pastFrameE
                0x0080013f        0x4 src/core/Frame.o
                0x0080013f                _ZN5Frame9pastFrameE
 .bss._ZN5Frame8pastTickE
                0x00800143        0x4 src/core/Frame.o
                0x00800143                _ZN5Frame8pastTickE
 .bss._ZN5Frame11presentTimeE
                0x00800147        0x4 src/core/Frame.o
                0x00800147                _ZN5Frame11presentTimeE
 .bss._ZN5Frame9scoreTimeE
                0x0080014b        0x2 src/core/Frame.o
                0x0080014b                _ZN5Frame9scoreTimeE
 .bss._ZN2SW6selectE
                0x0080014d        0x1 src/modules/SW.o
                0x0080014d                _ZN2SW6selectE
 .bss._ZN2SW5startE
                0x0080014e        0x1 src/modules/SW.o
                0x0080014e                _ZN2SW5startE
 .bss._ZN2SW5rightE
                0x0080014f        0x1 src/modules/SW.o
                0x0080014f                _ZN2SW5rightE
 .bss._ZN2SW4leftE
                0x00800150        0x1 src/modules/SW.o
                0x00800150                _ZN2SW4leftE
 .bss._ZN2SW4downE
                0x00800151        0x1 src/modules/SW.o
                0x00800151                _ZN2SW4downE
 .bss._ZN2SW2upE
                0x00800152        0x1 src/modules/SW.o
                0x00800152                _ZN2SW2upE
 .bss._ZN2SW10interrupt1E
                0x00800153        0x1 src/modules/SW.o
                0x00800153                _ZN2SW10interrupt1E
 .bss._ZN2SW10interrupt0E
                0x00800154        0x1 src/modules/SW.o
                0x00800154                _ZN2SW10interrupt0E
 .bss._ZN2SW7oldDataE
                0x00800155        0x1 src/modules/SW.o
                0x00800155                _ZN2SW7oldDataE
 .bss._ZN2SW7newDataE
                0x00800156        0x1 src/modules/SW.o
                0x00800156                _ZN2SW7newDataE
 .bss._ZN2SW6resultE
                0x00800157        0x1 src/modules/SW.o
                0x00800157                _ZN2SW6resultE
 *(COMMON)
                0x00800158                PROVIDE (__bss_end, .)
                0x00004444                __data_load_start = LOADADDR (.data)
                0x00004468                __data_load_end = (__data_load_start + SIZEOF (.data))

.noinit         0x00800158        0x0
                [!provide]                PROVIDE (__noinit_start, .)
 *(.noinit*)
                [!provide]                PROVIDE (__noinit_end, .)
                0x00800158                _end = .
                [!provide]                PROVIDE (__heap_start, .)

.eeprom         0x00810000        0x0
 *(.eeprom*)
                0x00810000                __eeprom_end = .

.fuse
 *(.fuse)
 *(.lfuse)
 *(.hfuse)
 *(.efuse)

.lock
 *(.lock*)

.signature
 *(.signature*)

.user_signatures
 *(.user_signatures*)

.stab
 *(.stab)

.stabstr
 *(.stabstr)

.stab.excl
 *(.stab.excl)

.stab.exclstr
 *(.stab.exclstr)

.stab.index
 *(.stab.index)

.stab.indexstr
 *(.stab.indexstr)

.comment        0x00000000       0x30
 *(.comment)
 .comment       0x00000000       0x30 main.o
                                 0x31 (size before relaxing)
 .comment       0x00000030       0x31 src/core/Font.o
 .comment       0x00000030       0x31 src/core/Frame.o
 .comment       0x00000030       0x31 src/core/Game.o
 .comment       0x00000030       0x31 src/core/Object.o
 .comment       0x00000030       0x31 src/core/Player.o
 .comment       0x00000030       0x31 src/modules/MCU.o
 .comment       0x00000030       0x31 src/modules/SW.o
 .comment       0x00000030       0x31 src/modules/TFT.o

.note.gnu.avr.deviceinfo
                0x00000000       0x40
 .note.gnu.avr.deviceinfo
                0x00000000       0x40 C:/Program Files (x86)/Atmel/Studio/7.0/Packs/Atmel/ATmega_DFP/1.6.364/gcc/dev/atmega328p/avr5/crtatmega328p.o

.note.gnu.build-id
 *(.note.gnu.build-id)

.debug
 *(.debug)

.line
 *(.line)

.debug_srcinfo
 *(.debug_srcinfo)

.debug_sfnames
 *(.debug_sfnames)

.debug_aranges  0x00000000      0x270
 *(.debug_aranges)
 .debug_aranges
                0x00000000       0x48 main.o
 .debug_aranges
                0x00000048       0x30 src/core/Font.o
 .debug_aranges
                0x00000078       0x28 src/core/Frame.o
 .debug_aranges
                0x000000a0       0x38 src/core/Game.o
 .debug_aranges
                0x000000d8       0x48 src/core/Object.o
 .debug_aranges
                0x00000120       0x38 src/core/Player.o
 .debug_aranges
                0x00000158       0x68 src/modules/MCU.o
 .debug_aranges
                0x000001c0       0x28 src/modules/SW.o
 .debug_aranges
                0x000001e8       0x88 src/modules/TFT.o

.debug_pubnames
 *(.debug_pubnames)

.debug_info     0x00000000     0x9af5
 *(.debug_info .gnu.linkonce.wi.*)
 .debug_info    0x00000000      0x5f4 C:/Program Files (x86)/Atmel/Studio/7.0/Packs/Atmel/ATmega_DFP/1.6.364/gcc/dev/atmega328p/avr5/crtatmega328p.o
 .debug_info    0x000005f4     0x3014 main.o
 .debug_info    0x00003608      0x89c src/core/Font.o
 .debug_info    0x00003ea4      0x260 src/core/Frame.o
 .debug_info    0x00004104     0x2718 src/core/Game.o
 .debug_info    0x0000681c      0xd4b src/core/Object.o
 .debug_info    0x00007567      0x93b src/core/Player.o
 .debug_info    0x00007ea2      0x3c2 src/modules/MCU.o
 .debug_info    0x00008264      0x253 src/modules/SW.o
 .debug_info    0x000084b7     0x163e src/modules/TFT.o

.debug_abbrev   0x00000000     0x1601
 *(.debug_abbrev)
 .debug_abbrev  0x00000000      0x5a2 C:/Program Files (x86)/Atmel/Studio/7.0/Packs/Atmel/ATmega_DFP/1.6.364/gcc/dev/atmega328p/avr5/crtatmega328p.o
 .debug_abbrev  0x000005a2      0x2c6 main.o
 .debug_abbrev  0x00000868      0x181 src/core/Font.o
 .debug_abbrev  0x000009e9       0xb7 src/core/Frame.o
 .debug_abbrev  0x00000aa0      0x2f3 src/core/Game.o
 .debug_abbrev  0x00000d93      0x1c2 src/core/Object.o
 .debug_abbrev  0x00000f55      0x1bc src/core/Player.o
 .debug_abbrev  0x00001111      0x1bf src/modules/MCU.o
 .debug_abbrev  0x000012d0       0xcf src/modules/SW.o
 .debug_abbrev  0x0000139f      0x262 src/modules/TFT.o

.debug_line     0x00000000     0x1efc
 *(.debug_line .debug_line.* .debug_line_end)
 .debug_line    0x00000000      0x134 C:/Program Files (x86)/Atmel/Studio/7.0/Packs/Atmel/ATmega_DFP/1.6.364/gcc/dev/atmega328p/avr5/crtatmega328p.o
 .debug_line    0x00000134      0x2c4 main.o
 .debug_line    0x000003f8      0x1dc src/core/Font.o
 .debug_line    0x000005d4      0x171 src/core/Frame.o
 .debug_line    0x00000745      0x618 src/core/Game.o
 .debug_line    0x00000d5d      0x2df src/core/Object.o
 .debug_line    0x0000103c      0x297 src/core/Player.o
 .debug_line    0x000012d3      0x4c7 src/modules/MCU.o
 .debug_line    0x0000179a      0x101 src/modules/SW.o
 .debug_line    0x0000189b      0x661 src/modules/TFT.o

.debug_frame    0x00000000      0xaf8
 *(.debug_frame)
 .debug_frame   0x00000000       0xec main.o
 .debug_frame   0x000000ec      0x108 src/core/Font.o
 .debug_frame   0x000001f4       0x34 src/core/Frame.o
 .debug_frame   0x00000228      0x17c src/core/Game.o
 .debug_frame   0x000003a4      0x1c8 src/core/Object.o
 .debug_frame   0x0000056c      0x150 src/core/Player.o
 .debug_frame   0x000006bc       0xb4 src/modules/MCU.o
 .debug_frame   0x00000770       0x34 src/modules/SW.o
 .debug_frame   0x000007a4      0x354 src/modules/TFT.o

.debug_str      0x00000000     0x1197
 *(.debug_str)
 .debug_str     0x00000000      0x208 C:/Program Files (x86)/Atmel/Studio/7.0/Packs/Atmel/ATmega_DFP/1.6.364/gcc/dev/atmega328p/avr5/crtatmega328p.o
 .debug_str     0x00000208      0x7d7 main.o
                                0x835 (size before relaxing)
 .debug_str     0x000009df       0x6b src/core/Font.o
                                0x538 (size before relaxing)
 .debug_str     0x00000a4a      0x1ba src/core/Frame.o
                                0x380 (size before relaxing)
 .debug_str     0x00000c04      0x2ef src/core/Game.o
                                0xa82 (size before relaxing)
 .debug_str     0x00000ef3       0x17 src/core/Object.o
                                0x60a (size before relaxing)
 .debug_str     0x00000f0a       0x17 src/core/Player.o
                                0x4e8 (size before relaxing)
 .debug_str     0x00000f21      0x149 src/modules/MCU.o
                                0x3e0 (size before relaxing)
 .debug_str     0x0000106a       0xbd src/modules/SW.o
                                0x2ee (size before relaxing)
 .debug_str     0x00001127       0x70 src/modules/TFT.o
                                0x4da (size before relaxing)

.debug_loc      0x00000000     0x3b7a
 *(.debug_loc)
 .debug_loc     0x00000000      0x193 main.o
 .debug_loc     0x00000193      0x6fd src/core/Font.o
 .debug_loc     0x00000890      0x8a1 src/core/Game.o
 .debug_loc     0x00001131      0x63f src/core/Object.o
 .debug_loc     0x00001770      0x408 src/core/Player.o
 .debug_loc     0x00001b78      0x5b7 src/modules/MCU.o
 .debug_loc     0x0000212f     0x1a4b src/modules/TFT.o

.debug_macinfo
 *(.debug_macinfo)

.debug_weaknames
 *(.debug_weaknames)

.debug_funcnames
 *(.debug_funcnames)

.debug_typenames
 *(.debug_typenames)

.debug_varnames
 *(.debug_varnames)

.debug_pubtypes
 *(.debug_pubtypes)

.debug_ranges   0x00000000      0x260
 *(.debug_ranges)
 .debug_ranges  0x00000000       0x38 main.o
 .debug_ranges  0x00000038       0x40 src/core/Font.o
 .debug_ranges  0x00000078       0x18 src/core/Frame.o
 .debug_ranges  0x00000090       0x58 src/core/Game.o
 .debug_ranges  0x000000e8       0x38 src/core/Object.o
 .debug_ranges  0x00000120       0x28 src/core/Player.o
 .debug_ranges  0x00000148       0x58 src/modules/MCU.o
 .debug_ranges  0x000001a0       0x18 src/modules/SW.o
 .debug_ranges  0x000001b8       0xa8 src/modules/TFT.o

.debug_macro
 *(.debug_macro)
OUTPUT(ATmega328P.elf elf32-avr)
LOAD linker stubs
